ARM Linker, 4.1 [Build 894] [Evaluation]

==============================================================================

Section Cross References

    i2c.o(.text) refers to i2c.o(i.__ARM_common_switch8) for __ARM_common_switch8
    i2c.o(.text) refers to i2c.o(.data) for timeout
    i2c.o(.text) refers to i2c.o(.bss) for I2CMasterBuffer
    gyro_main.o(.text) refers to i2c.o(.text) for I2CInit
    gyro_main.o(.text) refers to mpu6050.o(.text) for MPU6050_init
    gyro_main.o(.text) refers to kalman.o(.text) for kalman_init
    gyro_main.o(.text) refers to f2d.o(.text) for __aeabi_f2d
    gyro_main.o(.text) refers to atan2.o(i.atan2) for atan2
    gyro_main.o(.text) refers to dmul.o(.text) for __aeabi_dmul
    gyro_main.o(.text) refers to ddiv.o(.text) for __aeabi_ddiv
    gyro_main.o(.text) refers to d2f.o(.text) for __aeabi_d2f
    gyro_main.o(.text) refers to gyro_main.o(.data) for gSysTick_10
    kalman.o(.text) refers to fadd.o(.text) for __aeabi_fsub
    kalman.o(.text) refers to fmul.o(.text) for __aeabi_fmul
    kalman.o(.text) refers to fdiv.o(.text) for __aeabi_fdiv
    kalman.o(.text) refers to kalman.o(.data) for Q_angle
    kalman.o(.text) refers to kalman.o(.bss) for P
    mpu6050.o(.text) refers to i2c.o(.text) for I2CEngine
    mpu6050.o(.text) refers to idiv.o(.text) for __aeabi_idivmod
    mpu6050.o(.text) refers to dflti.o(.text) for __aeabi_i2d
    mpu6050.o(.text) refers to ddiv.o(.text) for __aeabi_ddiv
    mpu6050.o(.text) refers to d2f.o(.text) for __aeabi_d2f
    mpu6050.o(.text) refers to dmul.o(.text) for __aeabi_dmul
    mpu6050.o(.text) refers to fdiv.o(.text) for __aeabi_fdiv
    mpu6050.o(.text) refers to fflti.o(.text) for __aeabi_i2f
    mpu6050.o(.text) refers to fadd.o(.text) for __aeabi_fsub
    mpu6050.o(.text) refers to ffixi.o(.text) for __aeabi_f2iz
    mpu6050.o(.text) refers to i2c.o(.data) for I2CWriteLength
    mpu6050.o(.text) refers to i2c.o(.bss) for I2CMasterBuffer
    mpu6050.o(.text) refers to mpu6050.o(.data) for zero_gyro_roll
    system_lpc11xx.o(.text) refers to i2c.o(i.__ARM_common_switch8) for __ARM_common_switch8
    system_lpc11xx.o(.text) refers to uidiv.o(.text) for __aeabi_uidivmod
    system_lpc11xx.o(.text) refers to system_lpc11xx.o(.data) for SystemCoreClock
    startup_lpc11xx.o(RESET) refers to startup_lpc11xx.o(STACK) for __initial_sp
    startup_lpc11xx.o(RESET) refers to startup_lpc11xx.o(.text) for Reset_Handler
    startup_lpc11xx.o(RESET) refers to gyro_main.o(.text) for SysTick_Handler
    startup_lpc11xx.o(RESET) refers to i2c.o(.text) for I2C_IRQHandler
    startup_lpc11xx.o(.text) refers to system_lpc11xx.o(.text) for SystemInit
    startup_lpc11xx.o(.text) refers to entry.o(.ARM.Collect$$$$00000000) for __main
    atan2.o(i.__softfp_atan2) refers (Special) to iusefp.o(.text) for __I$use$fp
    atan2.o(i.__softfp_atan2) refers to atan2.o(i.atan2) for atan2
    atan2.o(i.atan2) refers (Special) to iusefp.o(.text) for __I$use$fp
    atan2.o(i.atan2) refers to dadd.o(.text) for __aeabi_dadd
    atan2.o(i.atan2) refers to atan.o(i.atan) for atan
    atan2.o(i.atan2) refers to ddiv.o(.text) for __aeabi_ddiv
    atan2.o(i.atan2) refers to qnan.o(.constdata) for __mathlib_zero
    atan2_x.o(i.____softfp_atan2$lsc) refers (Special) to iusefp.o(.text) for __I$use$fp
    atan2_x.o(i.____softfp_atan2$lsc) refers to atan2_x.o(i.__atan2$lsc) for __atan2$lsc
    atan2_x.o(i.__atan2$lsc) refers (Special) to iusefp.o(.text) for __I$use$fp
    atan2_x.o(i.__atan2$lsc) refers to dadd.o(.text) for __aeabi_dadd
    atan2_x.o(i.__atan2$lsc) refers to atan.o(i.atan) for atan
    atan2_x.o(i.__atan2$lsc) refers to errno.o(i.__set_errno) for __set_errno
    atan2_x.o(i.__atan2$lsc) refers to ddiv.o(.text) for __aeabi_ddiv
    atan2_x.o(i.__atan2$lsc) refers to qnan.o(.constdata) for __mathlib_zero
    entry.o(.ARM.Collect$$$$00000000) refers (Special) to entry7b.o(.ARM.Collect$$$$00000008) for _main_clock
    entry.o(.ARM.Collect$$$$00000000) refers (Special) to entry8.o(.ARM.Collect$$$$00000009) for _main_init
    entry.o(.ARM.Collect$$$$00000000) refers (Special) to entry5.o(.ARM.Collect$$$$00000004) for _main_scatterload
    entry.o(.ARM.Collect$$$$00000000) refers (Special) to entry2.o(.ARM.Collect$$$$00000001) for _main_stk
    idiv.o(.text) refers to uidiv.o(.text) for __aeabi_uidivmod
    fadd.o(.text) refers (Special) to iusefp.o(.text) for __I$use$fp
    fadd.o(.text) refers to fepilogue.o(.text) for _float_epilogue
    fmul.o(.text) refers (Special) to iusefp.o(.text) for __I$use$fp
    fdiv.o(.text) refers (Special) to iusefp.o(.text) for __I$use$fp
    fdiv.o(.text) refers to fepilogue.o(.text) for _float_round
    dmul.o(.text) refers (Special) to iusefp.o(.text) for __I$use$fp
    dmul.o(.text) refers to depilogue.o(.text) for _double_epilogue
    ddiv.o(.text) refers (Special) to iusefp.o(.text) for __I$use$fp
    ddiv.o(.text) refers to depilogue.o(.text) for _double_round
    fflti.o(.text) refers (Special) to iusefp.o(.text) for __I$use$fp
    fflti.o(.text) refers to fepilogue.o(.text) for _float_epilogue
    dflti.o(.text) refers (Special) to iusefp.o(.text) for __I$use$fp
    dflti.o(.text) refers to depilogue.o(.text) for _double_epilogue
    ffixi.o(.text) refers (Special) to iusefp.o(.text) for __I$use$fp
    f2d.o(.text) refers (Special) to iusefp.o(.text) for __I$use$fp
    d2f.o(.text) refers (Special) to iusefp.o(.text) for __I$use$fp
    d2f.o(.text) refers to fepilogue.o(.text) for _float_round
    atan.o(i.__softfp_atan) refers (Special) to iusefp.o(.text) for __I$use$fp
    atan.o(i.__softfp_atan) refers to atan.o(i.atan) for atan
    atan.o(i.atan) refers (Special) to iusefp.o(.text) for __I$use$fp
    atan.o(i.atan) refers to dscalb.o(.text) for __ARM_scalbn
    atan.o(i.atan) refers to fpclassify.o(i.__ARM_fpclassify) for __ARM_fpclassify
    atan.o(i.atan) refers to dunder.o(i.__mathlib_dbl_underflow) for __mathlib_dbl_underflow
    atan.o(i.atan) refers to dadd.o(.text) for __aeabi_dadd
    atan.o(i.atan) refers to ddiv.o(.text) for __aeabi_ddiv
    atan.o(i.atan) refers to dmul.o(.text) for __aeabi_dmul
    atan.o(i.atan) refers to poly.o(i.__kernel_poly) for __kernel_poly
    atan.o(i.atan) refers to atan.o(.constdata) for .constdata
    atan.o(.constdata) refers (Special) to iusefp.o(.text) for __I$use$fp
    atan_x.o(i.____softfp_atan$lsc) refers (Special) to iusefp.o(.text) for __I$use$fp
    atan_x.o(i.____softfp_atan$lsc) refers to atan_x.o(i.__atan$lsc) for __atan$lsc
    atan_x.o(i.__atan$lsc) refers (Special) to iusefp.o(.text) for __I$use$fp
    atan_x.o(i.__atan$lsc) refers to dscalb.o(.text) for __ARM_scalbn
    atan_x.o(i.__atan$lsc) refers to dadd.o(.text) for __aeabi_dadd
    atan_x.o(i.__atan$lsc) refers to ddiv.o(.text) for __aeabi_ddiv
    atan_x.o(i.__atan$lsc) refers to dmul.o(.text) for __aeabi_dmul
    atan_x.o(i.__atan$lsc) refers to poly.o(i.__kernel_poly) for __kernel_poly
    atan_x.o(i.__atan$lsc) refers to atan_x.o(.constdata) for .constdata
    atan_x.o(.constdata) refers (Special) to iusefp.o(.text) for __I$use$fp
    qnan.o(.constdata) refers (Special) to iusefp.o(.text) for __I$use$fp
    entry2.o(.ARM.Collect$$$$00000001) refers to entry2.o(.ARM.Collect$$$$00002712) for __lit__00000000
    entry2.o(.ARM.Collect$$$$00002712) refers to startup_lpc11xx.o(STACK) for __initial_sp
    entry2.o(__vectab_stack_and_reset_area) refers to startup_lpc11xx.o(STACK) for __initial_sp
    entry2.o(__vectab_stack_and_reset_area) refers to entry.o(.ARM.Collect$$$$00000000) for __main
    entry5.o(.ARM.Collect$$$$00000004) refers to init.o(.text) for __scatterload
    entry8.o(.ARM.Collect$$$$00000009) refers to gyro_main.o(.text) for main
    errno.o(i.__aeabi_errno_addr) refers to errno.o(.data) for .data
    errno.o(i.__read_errno) refers to errno.o(.data) for .data
    errno.o(i.__set_errno) refers to errno.o(.data) for .data
    depilogue.o(.text) refers to depilogue.o(i.__ARM_clz) for __ARM_clz
    depilogue.o(.text) refers to llshl.o(.text) for __aeabi_llsl
    depilogue.o(.text) refers to llushr.o(.text) for __aeabi_llsr
    dadd.o(.text) refers to llshl.o(.text) for __aeabi_llsl
    dadd.o(.text) refers to llsshr.o(.text) for __aeabi_lasr
    dadd.o(.text) refers to depilogue.o(.text) for _double_epilogue
    dunder.o(i.__mathlib_dbl_underflow) refers to dscalb.o(.text) for __ARM_scalbn
    fpclassify.o(i.__ARM_fpclassify) refers (Special) to iusefp.o(.text) for __I$use$fp
    poly.o(i.__kernel_poly) refers (Special) to iusefp.o(.text) for __I$use$fp
    poly.o(i.__kernel_poly) refers to dmul.o(.text) for __aeabi_dmul
    poly.o(i.__kernel_poly) refers to dadd.o(.text) for __aeabi_dadd
    init.o(.text) refers to entry5.o(.ARM.Collect$$$$00000004) for __main_after_scatterload


==============================================================================

Removing Unused input sections from the image.

    Removing startup_lpc11xx.o(HEAP), (0 bytes).

1 unused section(s) (total 0 bytes) removed from the image.

==============================================================================

Image Symbol Table

    Local Symbols

    Symbol Name                              Value     Ov Type        Size  Object(Section)

    RESET                                    0x00000000   Section      192  startup_lpc11xx.o(RESET)
    ../../atan.c                             0x00000000   Number         0  atan_x.o ABSOLUTE
    ../../atan.c                             0x00000000   Number         0  atan.o ABSOLUTE
    ../../atan2.c                            0x00000000   Number         0  atan2_x.o ABSOLUTE
    ../../atan2.c                            0x00000000   Number         0  atan2.o ABSOLUTE
    ../../dunder.c                           0x00000000   Number         0  dunder.o ABSOLUTE
    ../../fpclassify.c                       0x00000000   Number         0  fpclassify.o ABSOLUTE
    ../../microlib/d2f.c                     0x00000000   Number         0  d2f.o ABSOLUTE
    ../../microlib/division.c                0x00000000   Number         0  idiv.o ABSOLUTE
    ../../microlib/division.c                0x00000000   Number         0  uidiv.o ABSOLUTE
    ../../microlib/errno.c                   0x00000000   Number         0  errno.o ABSOLUTE
    ../../microlib/f2d.c                     0x00000000   Number         0  f2d.o ABSOLUTE
    ../../microlib/fpadd.c                   0x00000000   Number         0  fadd.o ABSOLUTE
    ../../microlib/fpadd.c                   0x00000000   Number         0  dadd.o ABSOLUTE
    ../../microlib/fpdiv.c                   0x00000000   Number         0  fdiv.o ABSOLUTE
    ../../microlib/fpdiv.c                   0x00000000   Number         0  ddiv.o ABSOLUTE
    ../../microlib/fpepilogue.c              0x00000000   Number         0  fepilogue.o ABSOLUTE
    ../../microlib/fpepilogue.c              0x00000000   Number         0  depilogue.o ABSOLUTE
    ../../microlib/fpfix.c                   0x00000000   Number         0  ffixi.o ABSOLUTE
    ../../microlib/fpflt.c                   0x00000000   Number         0  dflti.o ABSOLUTE
    ../../microlib/fpflt.c                   0x00000000   Number         0  fflti.o ABSOLUTE
    ../../microlib/fpmul.c                   0x00000000   Number         0  fmul.o ABSOLUTE
    ../../microlib/fpmul.c                   0x00000000   Number         0  dmul.o ABSOLUTE
    ../../microlib/fpscalb.c                 0x00000000   Number         0  dscalb.o ABSOLUTE
    ../../microlib/init/entry.s              0x00000000   Number         0  entry7b.o ABSOLUTE
    ../../microlib/init/entry.s              0x00000000   Number         0  entry2.o ABSOLUTE
    ../../microlib/init/entry.s              0x00000000   Number         0  entry7a.o ABSOLUTE
    ../../microlib/init/entry.s              0x00000000   Number         0  entry.o ABSOLUTE
    ../../microlib/init/entry.s              0x00000000   Number         0  entry5.o ABSOLUTE
    ../../microlib/init/entry.s              0x00000000   Number         0  entry8.o ABSOLUTE
    ../../microlib/longlong.c                0x00000000   Number         0  llsshr.o ABSOLUTE
    ../../microlib/longlong.c                0x00000000   Number         0  llshl.o ABSOLUTE
    ../../microlib/longlong.c                0x00000000   Number         0  llushr.o ABSOLUTE
    ../../microlib/stubs.s                   0x00000000   Number         0  iusefp.o ABSOLUTE
    ../../poly.c                             0x00000000   Number         0  poly.o ABSOLUTE
    ../../qnan.c                             0x00000000   Number         0  qnan.o ABSOLUTE
    ..\..\..\gyrocam-master\gyrocam-master\src\drv\mpu6050.c 0x00000000   Number         0  mpu6050.o ABSOLUTE
    ..\..\..\gyrocam-master\gyrocam-master\src\gyro_main.c 0x00000000   Number         0  gyro_main.o ABSOLUTE
    ..\..\..\gyrocam-master\gyrocam-master\src\kalman\kalman.c 0x00000000   Number         0  kalman.o ABSOLUTE
    ..\Common\src\core_cm0.c                 0x00000000   Number         0  core_cm0.o ABSOLUTE
    ..\Common\src\startup_LPC11xx.s          0x00000000   Number         0  startup_lpc11xx.o ABSOLUTE
    ..\Common\src\system_LPC11xx.c           0x00000000   Number         0  system_lpc11xx.o ABSOLUTE
    dc.s                                     0x00000000   Number         0  dc.o ABSOLUTE
    handlers.s                               0x00000000   Number         0  handlers.o ABSOLUTE
    i2c.c                                    0x00000000   Number         0  i2c.o ABSOLUTE
    init.s                                   0x00000000   Number         0  init.o ABSOLUTE
    .ARM.Collect$$$$00000000                 0x000000c0   Section        0  entry.o(.ARM.Collect$$$$00000000)
    .ARM.Collect$$$$00000001                 0x000000c0   Section        4  entry2.o(.ARM.Collect$$$$00000001)
    .ARM.Collect$$$$00000004                 0x000000c4   Section        4  entry5.o(.ARM.Collect$$$$00000004)
    .ARM.Collect$$$$00000008                 0x000000c8   Section        0  entry7b.o(.ARM.Collect$$$$00000008)
    .ARM.Collect$$$$00000009                 0x000000c8   Section        8  entry8.o(.ARM.Collect$$$$00000009)
    .ARM.Collect$$$$00002712                 0x000000d0   Section        4  entry2.o(.ARM.Collect$$$$00002712)
    __lit__00000000                          0x000000d0   Data           4  entry2.o(.ARM.Collect$$$$00002712)
    .text                                    0x000000d4   Section        0  gyro_main.o(.text)
    .text                                    0x00000194   Section       28  startup_lpc11xx.o(.text)
    .text                                    0x000001b0   Section        0  uidiv.o(.text)
    .text                                    0x000001dc   Section        0  idiv.o(.text)
    .text                                    0x00000204   Section        0  fadd.o(.text)
    .text                                    0x000002b6   Section        0  fflti.o(.text)
    .text                                    0x000002cc   Section        0  dflti.o(.text)
    .text                                    0x000002f4   Section        0  iusefp.o(.text)
    i.__scatterload_null                     0x000002f4   Section        2  handlers.o(i.__scatterload_null)
    .ARM.__at_0x02FC                         0x000002fc   Section        4  startup_lpc11xx.o(.ARM.__at_0x02FC)
    .text                                    0x00000300   Section        0  i2c.o(.text)
    .text                                    0x000005e0   Section        0  kalman.o(.text)
    .text                                    0x000007ec   Section        0  mpu6050.o(.text)
    .text                                    0x00000b44   Section        0  system_lpc11xx.o(.text)
    .text                                    0x00000d74   Section        0  fmul.o(.text)
    .text                                    0x00000dee   Section        0  fdiv.o(.text)
    .text                                    0x00000e70   Section        0  dmul.o(.text)
    .text                                    0x00000f40   Section        0  ddiv.o(.text)
    .text                                    0x00001030   Section        0  ffixi.o(.text)
    .text                                    0x00001064   Section        0  f2d.o(.text)
    .text                                    0x00001092   Section        0  d2f.o(.text)
    .text                                    0x000010ca   Section        0  fepilogue.o(.text)
    .text                                    0x0000114e   Section        0  depilogue.o(.text)
    .text                                    0x00001210   Section        0  dadd.o(.text)
    .text                                    0x00001378   Section       36  init.o(.text)
    .text                                    0x0000139c   Section        0  llshl.o(.text)
    .text                                    0x000013bc   Section        0  llushr.o(.text)
    .text                                    0x000013de   Section        0  llsshr.o(.text)
    .text                                    0x00001404   Section        0  dscalb.o(.text)
    i.__ARM_clz                              0x00001430   Section        0  depilogue.o(i.__ARM_clz)
    i.__ARM_common_switch8                   0x0000145e   Section        0  i2c.o(i.__ARM_common_switch8)
    i.__ARM_fpclassify                       0x0000147c   Section        0  fpclassify.o(i.__ARM_fpclassify)
    i.__kernel_poly                          0x000014a8   Section        0  poly.o(i.__kernel_poly)
    i.__mathlib_dbl_underflow                0x00001554   Section        0  dunder.o(i.__mathlib_dbl_underflow)
    i.__scatterload_copy                     0x00001568   Section       14  handlers.o(i.__scatterload_copy)
    i.__scatterload_zeroinit                 0x00001576   Section       14  handlers.o(i.__scatterload_zeroinit)
    i.atan                                   0x00001584   Section        0  atan.o(i.atan)
    i.atan2                                  0x000017a4   Section        0  atan2.o(i.atan2)
    .constdata                               0x00001920   Section      152  atan.o(.constdata)
    atanhi                                   0x00001920   Data          32  atan.o(.constdata)
    atanlo                                   0x00001940   Data          32  atan.o(.constdata)
    aTodd                                    0x00001960   Data          40  atan.o(.constdata)
    aTeven                                   0x00001988   Data          48  atan.o(.constdata)
    .constdata                               0x000019b8   Section        8  qnan.o(.constdata)
    .data                                    0x10000000   Section       32  i2c.o(.data)
    .data                                    0x10000020   Section        1  gyro_main.o(.data)
    .data                                    0x10000024   Section       40  kalman.o(.data)
    .data                                    0x1000004c   Section       10  mpu6050.o(.data)
    .data                                    0x10000058   Section        4  system_lpc11xx.o(.data)
    .bss                                     0x1000005c   Section      128  i2c.o(.bss)
    .bss                                     0x100000dc   Section       16  kalman.o(.bss)
    STACK                                    0x100000f0   Section      512  startup_lpc11xx.o(STACK)

    Global Symbols

    Symbol Name                              Value     Ov Type        Size  Object(Section)

    BuildAttributes$$THM_ISAv3M$S$PE$A:L22$X:L11$S22$IEEE1$IW$USESV6$~STKCKD$USESV7$~SHL$OTIME$ROPI$IEEEX$EBA8$MICROLIB$REQ8$PRES8$EABIv2 0x00000000   Number         0  anon$$obj.o ABSOLUTE
    __ARM_use_no_argv                        0x00000000   Number         0  gyro_main.o ABSOLUTE
    __Vectors                                0x00000000   Data           4  startup_lpc11xx.o(RESET)
    __decompress                              - Undefined Weak Reference
    _clock_init                               - Undefined Weak Reference
    __main                                   0x000000c1   Thumb Code     0  entry.o(.ARM.Collect$$$$00000000)
    _main_stk                                0x000000c1   Thumb Code     0  entry2.o(.ARM.Collect$$$$00000001)
    _main_scatterload                        0x000000c5   Thumb Code     0  entry5.o(.ARM.Collect$$$$00000004)
    __main_after_scatterload                 0x000000c9   Thumb Code     0  entry5.o(.ARM.Collect$$$$00000004)
    _main_clock                              0x000000c9   Thumb Code     0  entry7b.o(.ARM.Collect$$$$00000008)
    _main_init                               0x000000c9   Thumb Code     0  entry8.o(.ARM.Collect$$$$00000009)
    SysTick_Handler                          0x000000d5   Thumb Code    12  gyro_main.o(.text)
    main                                     0x000000e1   Thumb Code   156  gyro_main.o(.text)
    Reset_Handler                            0x00000195   Thumb Code     8  startup_lpc11xx.o(.text)
    NMI_Handler                              0x0000019d   Thumb Code     2  startup_lpc11xx.o(.text)
    HardFault_Handler                        0x0000019f   Thumb Code     2  startup_lpc11xx.o(.text)
    SVC_Handler                              0x000001a1   Thumb Code     2  startup_lpc11xx.o(.text)
    PendSV_Handler                           0x000001a3   Thumb Code     2  startup_lpc11xx.o(.text)
    ADC_IRQHandler                           0x000001a7   Thumb Code     0  startup_lpc11xx.o(.text)
    BOD_IRQHandler                           0x000001a7   Thumb Code     0  startup_lpc11xx.o(.text)
    CAN_IRQHandler                           0x000001a7   Thumb Code     0  startup_lpc11xx.o(.text)
    FMC_IRQHandler                           0x000001a7   Thumb Code     0  startup_lpc11xx.o(.text)
    PIOINT0_IRQHandler                       0x000001a7   Thumb Code     0  startup_lpc11xx.o(.text)
    PIOINT1_IRQHandler                       0x000001a7   Thumb Code     0  startup_lpc11xx.o(.text)
    PIOINT2_IRQHandler                       0x000001a7   Thumb Code     0  startup_lpc11xx.o(.text)
    PIOINT3_IRQHandler                       0x000001a7   Thumb Code     0  startup_lpc11xx.o(.text)
    SSP0_IRQHandler                          0x000001a7   Thumb Code     0  startup_lpc11xx.o(.text)
    SSP1_IRQHandler                          0x000001a7   Thumb Code     0  startup_lpc11xx.o(.text)
    TIMER16_0_IRQHandler                     0x000001a7   Thumb Code     0  startup_lpc11xx.o(.text)
    TIMER16_1_IRQHandler                     0x000001a7   Thumb Code     0  startup_lpc11xx.o(.text)
    TIMER32_0_IRQHandler                     0x000001a7   Thumb Code     0  startup_lpc11xx.o(.text)
    TIMER32_1_IRQHandler                     0x000001a7   Thumb Code     0  startup_lpc11xx.o(.text)
    UART_IRQHandler                          0x000001a7   Thumb Code     0  startup_lpc11xx.o(.text)
    USB_FIQHandler                           0x000001a7   Thumb Code     0  startup_lpc11xx.o(.text)
    USB_IRQHandler                           0x000001a7   Thumb Code     0  startup_lpc11xx.o(.text)
    WAKEUP_IRQHandler                        0x000001a7   Thumb Code     0  startup_lpc11xx.o(.text)
    WDT_IRQHandler                           0x000001a7   Thumb Code     0  startup_lpc11xx.o(.text)
    __aeabi_uidiv                            0x000001b1   Thumb Code     0  uidiv.o(.text)
    __aeabi_uidivmod                         0x000001b1   Thumb Code    44  uidiv.o(.text)
    __aeabi_idiv                             0x000001dd   Thumb Code     0  idiv.o(.text)
    __aeabi_idivmod                          0x000001dd   Thumb Code    40  idiv.o(.text)
    __aeabi_fadd                             0x00000205   Thumb Code   162  fadd.o(.text)
    __aeabi_fsub                             0x000002a7   Thumb Code     8  fadd.o(.text)
    __aeabi_frsub                            0x000002af   Thumb Code     8  fadd.o(.text)
    __aeabi_i2f                              0x000002b7   Thumb Code    22  fflti.o(.text)
    __aeabi_i2d                              0x000002cd   Thumb Code    34  dflti.o(.text)
    __I$use$fp                               0x000002f5   Thumb Code     0  iusefp.o(.text)
    __scatterload_null                       0x000002f5   Thumb Code     2  handlers.o(i.__scatterload_null)
    I2C_IRQHandler                           0x00000301   Thumb Code   426  i2c.o(.text)
    I2CStart                                 0x000004ab   Thumb Code    42  i2c.o(.text)
    I2CStop                                  0x000004d5   Thumb Code    28  i2c.o(.text)
    I2CInit                                  0x000004f1   Thumb Code   118  i2c.o(.text)
    I2CEngine                                0x00000567   Thumb Code    74  i2c.o(.text)
    kalman_init                              0x000005e1   Thumb Code    40  kalman.o(.text)
    kalman_update                            0x00000609   Thumb Code   432  kalman.o(.text)
    MPU6050_init                             0x000007ed   Thumb Code   206  mpu6050.o(.text)
    MPU6050_whoami                           0x000008bb   Thumb Code    58  mpu6050.o(.text)
    MPU6050_getGyroRoll_raw                  0x000008f5   Thumb Code   106  mpu6050.o(.text)
    MPU6050_setZero                          0x0000095f   Thumb Code    36  mpu6050.o(.text)
    MPU6050_getGyroRoll_degree               0x00000983   Thumb Code    36  mpu6050.o(.text)
    MPU6050_getGyroRoll_rad                  0x000009a7   Thumb Code    60  mpu6050.o(.text)
    MPU6050_getAccel_x_raw                   0x000009e3   Thumb Code   124  mpu6050.o(.text)
    MPU6050_getAccel_x                       0x00000a5f   Thumb Code    30  mpu6050.o(.text)
    MPU6050_getAccel_z_raw                   0x00000a7d   Thumb Code   124  mpu6050.o(.text)
    MPU6050_getAccel_z                       0x00000af9   Thumb Code    30  mpu6050.o(.text)
    SystemCoreClockUpdate                    0x00000b45   Thumb Code   358  system_lpc11xx.o(.text)
    SystemInit                               0x00000cab   Thumb Code   124  system_lpc11xx.o(.text)
    __aeabi_fmul                             0x00000d75   Thumb Code   122  fmul.o(.text)
    __aeabi_fdiv                             0x00000def   Thumb Code   128  fdiv.o(.text)
    __aeabi_dmul                             0x00000e71   Thumb Code   202  dmul.o(.text)
    __aeabi_ddiv                             0x00000f41   Thumb Code   234  ddiv.o(.text)
    __aeabi_f2iz                             0x00001031   Thumb Code    52  ffixi.o(.text)
    __aeabi_f2d                              0x00001065   Thumb Code    46  f2d.o(.text)
    __aeabi_d2f                              0x00001093   Thumb Code    56  d2f.o(.text)
    _float_round                             0x000010cb   Thumb Code    16  fepilogue.o(.text)
    _float_epilogue                          0x000010db   Thumb Code   116  fepilogue.o(.text)
    _double_round                            0x0000114f   Thumb Code    26  depilogue.o(.text)
    _double_epilogue                         0x00001169   Thumb Code   166  depilogue.o(.text)
    __aeabi_dadd                             0x00001211   Thumb Code   330  dadd.o(.text)
    __aeabi_dsub                             0x0000135b   Thumb Code    12  dadd.o(.text)
    __aeabi_drsub                            0x00001367   Thumb Code    12  dadd.o(.text)
    __scatterload                            0x00001379   Thumb Code    28  init.o(.text)
    __scatterload_rt2                        0x00001379   Thumb Code     0  init.o(.text)
    __aeabi_llsl                             0x0000139d   Thumb Code    32  llshl.o(.text)
    _ll_shift_l                              0x0000139d   Thumb Code     0  llshl.o(.text)
    __aeabi_llsr                             0x000013bd   Thumb Code    34  llushr.o(.text)
    _ll_ushift_r                             0x000013bd   Thumb Code     0  llushr.o(.text)
    __aeabi_lasr                             0x000013df   Thumb Code    38  llsshr.o(.text)
    _ll_sshift_r                             0x000013df   Thumb Code     0  llsshr.o(.text)
    __ARM_scalbn                             0x00001405   Thumb Code    44  dscalb.o(.text)
    scalbn                                   0x00001405   Thumb Code     0  dscalb.o(.text)
    __ARM_clz                                0x00001431   Thumb Code    46  depilogue.o(i.__ARM_clz)
    __ARM_common_switch8                     0x0000145f   Thumb Code    28  i2c.o(i.__ARM_common_switch8)
    __ARM_fpclassify                         0x0000147d   Thumb Code    38  fpclassify.o(i.__ARM_fpclassify)
    __kernel_poly                            0x000014a9   Thumb Code   172  poly.o(i.__kernel_poly)
    __mathlib_dbl_underflow                  0x00001555   Thumb Code    14  dunder.o(i.__mathlib_dbl_underflow)
    __scatterload_copy                       0x00001569   Thumb Code    14  handlers.o(i.__scatterload_copy)
    __scatterload_zeroinit                   0x00001577   Thumb Code    14  handlers.o(i.__scatterload_zeroinit)
    atan                                     0x00001585   Thumb Code   474  atan.o(i.atan)
    atan2                                    0x000017a5   Thumb Code   336  atan2.o(i.atan2)
    __mathlib_zero                           0x000019b8   Data           8  qnan.o(.constdata)
    Region$$Table$$Base                      0x000019c0   Number         0  anon$$obj.o(Region$$Table)
    Region$$Table$$Limit                     0x000019d0   Number         0  anon$$obj.o(Region$$Table)
    I2CMasterState                           0x10000000   Data           4  i2c.o(.data)
    I2CSlaveState                            0x10000004   Data           4  i2c.o(.data)
    timeout                                  0x10000008   Data           4  i2c.o(.data)
    I2CCount                                 0x1000000c   Data           4  i2c.o(.data)
    RdIndex                                  0x10000010   Data           4  i2c.o(.data)
    WrIndex                                  0x10000014   Data           4  i2c.o(.data)
    I2CReadLength                            0x10000018   Data           4  i2c.o(.data)
    I2CWriteLength                           0x1000001c   Data           4  i2c.o(.data)
    gSysTick_10                              0x10000020   Data           1  gyro_main.o(.data)
    Q_angle                                  0x10000024   Data           4  kalman.o(.data)
    Q_bias                                   0x10000028   Data           4  kalman.o(.data)
    R_measure                                0x1000002c   Data           4  kalman.o(.data)
    angle                                    0x10000030   Data           4  kalman.o(.data)
    bias                                     0x10000034   Data           4  kalman.o(.data)
    rate                                     0x10000038   Data           4  kalman.o(.data)
    K                                        0x1000003c   Data           8  kalman.o(.data)
    y                                        0x10000044   Data           4  kalman.o(.data)
    S                                        0x10000048   Data           4  kalman.o(.data)
    zero_acc_x                               0x1000004c   Data           4  mpu6050.o(.data)
    zero_acc_z                               0x10000050   Data           4  mpu6050.o(.data)
    zero_gyro_roll                           0x10000054   Data           2  mpu6050.o(.data)
    SystemCoreClock                          0x10000058   Data           4  system_lpc11xx.o(.data)
    I2CMasterBuffer                          0x1000005c   Data          64  i2c.o(.bss)
    I2CSlaveBuffer                           0x1000009c   Data          64  i2c.o(.bss)
    P                                        0x100000dc   Data          16  kalman.o(.bss)
    __initial_sp                             0x100002f0   Data           0  startup_lpc11xx.o(STACK)



==============================================================================

Memory Map of the image

  Image Entry point : 0x000000c1

  Load Region LR_IROM1 (Base: 0x00000000, Size: 0x00001a2c, Max: 0x00008000, ABSOLUTE)

    Execution Region ER_IROM1 (Base: 0x00000000, Size: 0x000019d0, Max: 0x00008000, ABSOLUTE)

    Base Addr    Size         Type   Attr      Idx    E Section Name        Object

    0x00000000   0x000000c0   Data   RO          157    RESET               startup_lpc11xx.o
    0x000000c0   0x00000000   Code   RO          174  * .ARM.Collect$$$$00000000  mc_p.l(entry.o)
    0x000000c0   0x00000004   Code   RO          212    .ARM.Collect$$$$00000001  mc_p.l(entry2.o)
    0x000000c4   0x00000004   Code   RO          215    .ARM.Collect$$$$00000004  mc_p.l(entry5.o)
    0x000000c8   0x00000000   Code   RO          217    .ARM.Collect$$$$00000008  mc_p.l(entry7b.o)
    0x000000c8   0x00000008   Code   RO          218    .ARM.Collect$$$$00000009  mc_p.l(entry8.o)
    0x000000d0   0x00000004   Code   RO          213    .ARM.Collect$$$$00002712  mc_p.l(entry2.o)
    0x000000d4   0x000000c0   Code   RO           40    .text               gyro_main.o
    0x00000194   0x0000001c   Code   RO          159    .text               startup_lpc11xx.o
    0x000001b0   0x0000002c   Code   RO          177    .text               mc_p.l(uidiv.o)
    0x000001dc   0x00000028   Code   RO          179    .text               mc_p.l(idiv.o)
    0x00000204   0x000000b2   Code   RO          181    .text               mf_p.l(fadd.o)
    0x000002b6   0x00000016   Code   RO          191    .text               mf_p.l(fflti.o)
    0x000002cc   0x00000028   Code   RO          193    .text               mf_p.l(dflti.o)
    0x000002f4   0x00000000   Code   RO          226    .text               mc_p.l(iusefp.o)
    0x000002f4   0x00000002   Code   RO          254    i.__scatterload_null  mc_p.l(handlers.o)
    0x000002f6   0x00000006   PAD
    0x000002fc   0x00000004   Code   RO          158    .ARM.__at_0x02FC    startup_lpc11xx.o
    0x00000300   0x000002e0   Code   RO            1    .text               i2c.o
    0x000005e0   0x0000020c   Code   RO           77    .text               kalman.o
    0x000007ec   0x00000358   Code   RO           96    .text               mpu6050.o
    0x00000b44   0x00000230   Code   RO          137    .text               system_lpc11xx.o
    0x00000d74   0x0000007a   Code   RO          183    .text               mf_p.l(fmul.o)
    0x00000dee   0x00000080   Code   RO          185    .text               mf_p.l(fdiv.o)
    0x00000e6e   0x00000002   PAD
    0x00000e70   0x000000d0   Code   RO          187    .text               mf_p.l(dmul.o)
    0x00000f40   0x000000f0   Code   RO          189    .text               mf_p.l(ddiv.o)
    0x00001030   0x00000034   Code   RO          195    .text               mf_p.l(ffixi.o)
    0x00001064   0x0000002e   Code   RO          197    .text               mf_p.l(f2d.o)
    0x00001092   0x00000038   Code   RO          199    .text               mf_p.l(d2f.o)
    0x000010ca   0x00000084   Code   RO          227    .text               mf_p.l(fepilogue.o)
    0x0000114e   0x000000c0   Code   RO          229    .text               mf_p.l(depilogue.o)
    0x0000120e   0x00000002   PAD
    0x00001210   0x00000168   Code   RO          233    .text               mf_p.l(dadd.o)
    0x00001378   0x00000024   Code   RO          241    .text               mc_p.l(init.o)
    0x0000139c   0x00000020   Code   RO          243    .text               mc_p.l(llshl.o)
    0x000013bc   0x00000022   Code   RO          245    .text               mc_p.l(llushr.o)
    0x000013de   0x00000026   Code   RO          247    .text               mc_p.l(llsshr.o)
    0x00001404   0x0000002c   Code   RO          249    .text               mf_p.l(dscalb.o)
    0x00001430   0x0000002e   Code   RO          231    i.__ARM_clz         mf_p.l(depilogue.o)
    0x0000145e   0x0000001c   Code   RO           15    i.__ARM_common_switch8  i2c.o
    0x0000147a   0x00000002   PAD
    0x0000147c   0x0000002c   Code   RO          237    i.__ARM_fpclassify  m_ps.l(fpclassify.o)
    0x000014a8   0x000000ac   Code   RO          239    i.__kernel_poly     m_ps.l(poly.o)
    0x00001554   0x00000014   Code   RO          235    i.__mathlib_dbl_underflow  m_ps.l(dunder.o)
    0x00001568   0x0000000e   Code   RO          253    i.__scatterload_copy  mc_p.l(handlers.o)
    0x00001576   0x0000000e   Code   RO          255    i.__scatterload_zeroinit  mc_p.l(handlers.o)
    0x00001584   0x00000220   Code   RO          202    i.atan              m_ps.l(atan.o)
    0x000017a4   0x00000178   Code   RO          167    i.atan2             m_ps.l(atan2.o)
    0x0000191c   0x00000004   PAD
    0x00001920   0x00000098   Data   RO          203    .constdata          m_ps.l(atan.o)
    0x000019b8   0x00000008   Data   RO          211    .constdata          m_ps.l(qnan.o)
    0x000019c0   0x00000010   Data   RO          251    Region$$Table       anon$$obj.o


    Execution Region RW_IRAM1 (Base: 0x10000000, Size: 0x000002f0, Max: 0x00002000, ABSOLUTE, UNINIT)

    Base Addr    Size         Type   Attr      Idx    E Section Name        Object

    0x10000000   0x00000020   Data   RW            3    .data               i2c.o
    0x10000020   0x00000001   Data   RW           41    .data               gyro_main.o
    0x10000021   0x00000003   PAD
    0x10000024   0x00000028   Data   RW           79    .data               kalman.o
    0x1000004c   0x0000000a   Data   RW           97    .data               mpu6050.o
    0x10000056   0x00000002   PAD
    0x10000058   0x00000004   Data   RW          138    .data               system_lpc11xx.o
    0x1000005c   0x00000080   Zero   RW            2    .bss                i2c.o
    0x100000dc   0x00000010   Zero   RW           78    .bss                kalman.o
    0x100000ec   0x00000004   PAD
    0x100000f0   0x00000200   Zero   RW          155    STACK               startup_lpc11xx.o


==============================================================================

Image component sizes


      Code (inc. data)   RO Data    RW Data    ZI Data      Debug   Object Name

       192         24          0          1          0       1589   gyro_main.o
       764         62          0         32        128      16912   i2c.o
       524         52          0         40         16       1819   kalman.o
       856         46          0         10          0       3892   mpu6050.o
        32         12        192          0        512        836   startup_lpc11xx.o
       560         96          0          4          0       2153   system_lpc11xx.o

    ----------------------------------------------------------------------
      2930        292        208         92        660      27201   Object Totals
         0          0         16          0          0          0   (incl. Generated)
         2          0          0          5          4          0   (incl. Padding)

    ----------------------------------------------------------------------

      Code (inc. data)   RO Data    RW Data    ZI Data      Debug   Library Member Name

       544         70        152          0          0        112   atan.o
       376         40          0          0          0        144   atan2.o
        20          6          0          0          0         68   dunder.o
        44          6          0          0          0         60   fpclassify.o
       172          0          0          0          0         76   poly.o
         0          0          8          0          0          0   qnan.o
         0          0          0          0          0          0   entry.o
         8          4          0          0          0          0   entry2.o
         4          0          0          0          0          0   entry5.o
         0          0          0          0          0          0   entry7b.o
         8          4          0          0          0          0   entry8.o
        30          0          0          0          0          0   handlers.o
        40          0          0          0          0         72   idiv.o
        36          8          0          0          0         68   init.o
         0          0          0          0          0          0   iusefp.o
        32          0          0          0          0         68   llshl.o
        38          0          0          0          0         68   llsshr.o
        34          0          0          0          0         68   llushr.o
        44          0          0          0          0         72   uidiv.o
        56          0          0          0          0         68   d2f.o
       360          6          0          0          0        140   dadd.o
       240          6          0          0          0         84   ddiv.o
       238          0          0          0          0        216   depilogue.o
        40          6          0          0          0         68   dflti.o
       208          6          0          0          0         88   dmul.o
        44          0          0          0          0         72   dscalb.o
        46          0          0          0          0         60   f2d.o
       178          0          0          0          0        108   fadd.o
       128          0          0          0          0         72   fdiv.o
       132          0          0          0          0        144   fepilogue.o
        52          0          0          0          0         60   ffixi.o
        22          0          0          0          0         68   fflti.o
       122          0          0          0          0         72   fmul.o

    ----------------------------------------------------------------------
      3310        166        160          0          0       2196   Library Totals
        14          4          0          0          0          0   (incl. Padding)

    ----------------------------------------------------------------------

      Code (inc. data)   RO Data    RW Data    ZI Data      Debug   Library Name

      1156        122        160          0          0        460   m_ps.l
       274         16          0          0          0        416   mc_p.l
      1866         24          0          0          0       1320   mf_p.l

    ----------------------------------------------------------------------
      3310        166        160          0          0       2196   Library Totals

    ----------------------------------------------------------------------

==============================================================================


      Code (inc. data)   RO Data    RW Data    ZI Data      Debug   

      6240        458        368         92        660      27937   Grand Totals
      6240        458        368         92        660      27937   ELF Image Totals
      6240        458        368         92          0          0   ROM Totals

==============================================================================

    Total RO  Size (Code + RO Data)                 6608 (   6.45kB)
    Total RW  Size (RW Data + ZI Data)               752 (   0.73kB)
    Total ROM Size (Code + RO Data + RW Data)       6700 (   6.54kB)

==============================================================================

