ARM Linker, 4.1 [Build 894] [Evaluation]

==============================================================================

Section Cross References

    startup_lpc11xx.o(STACK) refers (Special) to heapauxi.o(.text) for __use_two_region_memory
    startup_lpc11xx.o(HEAP) refers (Special) to heapauxi.o(.text) for __use_two_region_memory
    startup_lpc11xx.o(RESET) refers (Special) to heapauxi.o(.text) for __use_two_region_memory
    startup_lpc11xx.o(RESET) refers to startup_lpc11xx.o(STACK) for __initial_sp
    startup_lpc11xx.o(RESET) refers to startup_lpc11xx.o(.text) for Reset_Handler
    startup_lpc11xx.o(RESET) refers to ssp.o(.text) for SSP1_IRQHandler
    startup_lpc11xx.o(.ARM.__at_0x02FC) refers (Special) to heapauxi.o(.text) for __use_two_region_memory
    startup_lpc11xx.o(.text) refers (Special) to heapauxi.o(.text) for __use_two_region_memory
    startup_lpc11xx.o(.text) refers to system_lpc11xx.o(.text) for SystemInit
    startup_lpc11xx.o(.text) refers to __main.o(!!!main) for __main
    startup_lpc11xx.o(.text) refers to startup_lpc11xx.o(HEAP) for Heap_Mem
    startup_lpc11xx.o(.text) refers to startup_lpc11xx.o(STACK) for Stack_Mem
    system_lpc11xx.o(.text) refers to system_lpc11xx.o(i.__ARM_common_switch8) for __ARM_common_switch8
    system_lpc11xx.o(.text) refers to aeabi_sdiv.o(.text) for __aeabi_uidivmod
    system_lpc11xx.o(.text) refers to system_lpc11xx.o(.data) for SystemCoreClock
    main.o(.text) refers to cpu_lpc1000.o(.text) for Delay_us
    main.o(.text) refers to nrf24l01.o(.text) for NRF24L01_Get_Status
    main.o(.text) refers to ssp.o(.text) for SSP_IOConfig
    retarget.o(.text) refers (Special) to use_no_semi.o(.text) for __use_no_semihosting_swi
    retarget.o(.text) refers to serial.o(.text) for sendchar
    retarget.o(.data) refers (Special) to use_no_semi.o(.text) for __use_no_semihosting_swi
    cpu_lpc1000.o(.text) refers to aeabi_sdiv.o(.text) for __aeabi_uidivmod
    cpu_lpc1000.o(.text) refers to system_lpc11xx.o(.data) for SystemCoreClock
    cpu_lpc1000.o(.text) refers to cpu_lpc1000.o(.data) for usTicks
    nrf24l01.o(.text) refers to cpu_lpc1000.o(.text) for SPI
    ssp.o(.text) refers to ssp.o(.data) for interruptOverRunStat0
    __main.o(!!!main) refers to rtentry.o(.ARM.Collect$$rtentry$$00000000) for __rt_entry
    rtentry.o(.ARM.Collect$$rtentry$$00000000) refers (Special) to rtentry2.o(.ARM.Collect$$rtentry$$0000000A) for __rt_entry_li
    rtentry.o(.ARM.Collect$$rtentry$$00000000) refers (Special) to rtentry2.o(.ARM.Collect$$rtentry$$0000000D) for __rt_entry_main
    rtentry.o(.ARM.Collect$$rtentry$$00000000) refers (Special) to rtentry2.o(.ARM.Collect$$rtentry$$0000000C) for __rt_entry_postli_1
    rtentry.o(.ARM.Collect$$rtentry$$00000000) refers (Special) to rtentry2.o(.ARM.Collect$$rtentry$$00000009) for __rt_entry_postsh_1
    rtentry.o(.ARM.Collect$$rtentry$$00000000) refers (Special) to rtentry2.o(.ARM.Collect$$rtentry$$00000002) for __rt_entry_presh_1
    rtentry.o(.ARM.Collect$$rtentry$$00000000) refers (Special) to rtentry4.o(.ARM.Collect$$rtentry$$00000004) for __rt_entry_sh
    aeabi_idiv0_sigfpe.o(.text) refers to rt_div0.o(.text) for __rt_div0
    rtentry2.o(.ARM.Collect$$rtentry$$00000008) refers to boardinit2.o(.text) for _platform_post_stackheap_init
    rtentry2.o(.ARM.Collect$$rtentry$$0000000A) refers to libinit.o(.ARM.Collect$$libinit$$00000000) for __rt_lib_init
    rtentry2.o(.ARM.Collect$$rtentry$$0000000B) refers to boardinit3.o(.text) for _platform_post_lib_init
    rtentry2.o(.ARM.Collect$$rtentry$$0000000D) refers to main.o(.text) for main
    rtentry2.o(.ARM.Collect$$rtentry$$0000000D) refers to exit.o(.text) for exit
    rtentry2.o(.ARM.exidx) refers to rtentry2.o(.ARM.Collect$$rtentry$$00000001) for .ARM.Collect$$rtentry$$00000001
    rtentry2.o(.ARM.exidx) refers to rtentry2.o(.ARM.Collect$$rtentry$$00000008) for .ARM.Collect$$rtentry$$00000008
    rtentry2.o(.ARM.exidx) refers to rtentry2.o(.ARM.Collect$$rtentry$$0000000A) for .ARM.Collect$$rtentry$$0000000A
    rtentry2.o(.ARM.exidx) refers to rtentry2.o(.ARM.Collect$$rtentry$$0000000B) for .ARM.Collect$$rtentry$$0000000B
    rtentry2.o(.ARM.exidx) refers to rtentry2.o(.ARM.Collect$$rtentry$$0000000D) for .ARM.Collect$$rtentry$$0000000D
    rtentry4.o(.ARM.Collect$$rtentry$$00000004) refers to sys_stackheap_outer.o(.text) for __user_setup_stackheap
    rtentry4.o(.ARM.exidx) refers to rtentry4.o(.ARM.Collect$$rtentry$$00000004) for .ARM.Collect$$rtentry$$00000004
    rt_div0.o(.text) refers to defsig_fpe_outer.o(.text) for __rt_SIGFPE
    sys_stackheap_outer.o(.text) refers to libspace.o(.text) for __user_perproc_libspace
    sys_stackheap_outer.o(.text) refers to startup_lpc11xx.o(.text) for __user_initial_stackheap
    sys_stackheap_outer.o(__vectab_stack_and_reset_area) refers to tempstk.o(.text) for __temporary_stack_top
    sys_stackheap_outer.o(__vectab_stack_and_reset_area) refers to __main.o(!!!main) for __main
    exit.o(.text) refers to rtexit.o(.ARM.Collect$$rtexit$$00000000) for __rt_exit
    defsig_fpe_outer.o(.text) refers to defsig_fpe_inner.o(.text) for __rt_SIGFPE_inner
    defsig_fpe_outer.o(.text) refers to defsig_exit.o(.text) for __sig_exit
    defsig_fpe_formal.o(.text) refers to rt_raise.o(.text) for __rt_raise
    libinit.o(.ARM.Collect$$libinit$$00000000) refers (Special) to libinit2.o(.ARM.Collect$$libinit$$0000002A) for __rt_lib_init_alloca_1
    libinit.o(.ARM.Collect$$libinit$$00000000) refers (Special) to libinit2.o(.ARM.Collect$$libinit$$00000028) for __rt_lib_init_argv_1
    libinit.o(.ARM.Collect$$libinit$$00000000) refers (Special) to libinit2.o(.ARM.Collect$$libinit$$00000017) for __rt_lib_init_atexit_1
    libinit.o(.ARM.Collect$$libinit$$00000000) refers (Special) to libinit2.o(.ARM.Collect$$libinit$$0000001D) for __rt_lib_init_clock_1
    libinit.o(.ARM.Collect$$libinit$$00000000) refers (Special) to libinit2.o(.ARM.Collect$$libinit$$0000002E) for __rt_lib_init_cpp_1
    libinit.o(.ARM.Collect$$libinit$$00000000) refers (Special) to libinit2.o(.ARM.Collect$$libinit$$0000002C) for __rt_lib_init_exceptions_1
    libinit.o(.ARM.Collect$$libinit$$00000000) refers (Special) to libinit2.o(.ARM.Collect$$libinit$$0000001B) for __rt_lib_init_fp_trap_1
    libinit.o(.ARM.Collect$$libinit$$00000000) refers (Special) to libinit2.o(.ARM.Collect$$libinit$$0000001F) for __rt_lib_init_getenv_1
    libinit.o(.ARM.Collect$$libinit$$00000000) refers (Special) to libinit2.o(.ARM.Collect$$libinit$$00000006) for __rt_lib_init_heap_1
    libinit.o(.ARM.Collect$$libinit$$00000000) refers (Special) to libinit2.o(.ARM.Collect$$libinit$$0000000D) for __rt_lib_init_lc_collate_1
    libinit.o(.ARM.Collect$$libinit$$00000000) refers (Special) to libinit2.o(.ARM.Collect$$libinit$$0000000F) for __rt_lib_init_lc_ctype_1
    libinit.o(.ARM.Collect$$libinit$$00000000) refers (Special) to libinit2.o(.ARM.Collect$$libinit$$00000011) for __rt_lib_init_lc_monetary_1
    libinit.o(.ARM.Collect$$libinit$$00000000) refers (Special) to libinit2.o(.ARM.Collect$$libinit$$00000013) for __rt_lib_init_lc_numeric_1
    libinit.o(.ARM.Collect$$libinit$$00000000) refers (Special) to libinit2.o(.ARM.Collect$$libinit$$00000015) for __rt_lib_init_lc_time_1
    libinit.o(.ARM.Collect$$libinit$$00000000) refers (Special) to libinit2.o(.ARM.Collect$$libinit$$0000000A) for __rt_lib_init_rand_1
    libinit.o(.ARM.Collect$$libinit$$00000000) refers (Special) to libinit2.o(.ARM.Collect$$libinit$$0000002F) for __rt_lib_init_return
    libinit.o(.ARM.Collect$$libinit$$00000000) refers (Special) to libinit2.o(.ARM.Collect$$libinit$$00000019) for __rt_lib_init_signal_1
    libinit.o(.ARM.Collect$$libinit$$00000000) refers (Special) to libinit2.o(.ARM.Collect$$libinit$$00000021) for __rt_lib_init_stdio_1
    libinit.o(.ARM.Collect$$libinit$$00000000) refers (Special) to libinit2.o(.ARM.Collect$$libinit$$00000008) for __rt_lib_init_user_alloc_1
    libspace.o(.text) refers to libspace.o(.bss) for __libspace_start
    rtexit.o(.ARM.Collect$$rtexit$$00000000) refers (Special) to rtexit2.o(.ARM.Collect$$rtexit$$00000004) for __rt_exit_exit
    rtexit.o(.ARM.Collect$$rtexit$$00000000) refers (Special) to rtexit2.o(.ARM.Collect$$rtexit$$00000003) for __rt_exit_ls
    rtexit.o(.ARM.Collect$$rtexit$$00000000) refers (Special) to rtexit2.o(.ARM.Collect$$rtexit$$00000002) for __rt_exit_prels_1
    rtexit.o(.ARM.exidx) refers (Special) to rtexit2.o(.ARM.Collect$$rtexit$$00000004) for __rt_exit_exit
    rtexit.o(.ARM.exidx) refers (Special) to rtexit2.o(.ARM.Collect$$rtexit$$00000003) for __rt_exit_ls
    rtexit.o(.ARM.exidx) refers (Special) to rtexit2.o(.ARM.Collect$$rtexit$$00000002) for __rt_exit_prels_1
    rtexit.o(.ARM.exidx) refers to rtexit.o(.ARM.Collect$$rtexit$$00000000) for .ARM.Collect$$rtexit$$00000000
    rt_raise.o(.text) refers to __raise.o(.text) for __raise
    rt_raise.o(.text) refers to retarget.o(.text) for _sys_exit
    defsig_exit.o(.text) refers to retarget.o(.text) for _sys_exit
    defsig_fpe_inner.o(.text) refers to defsig_general.o(.text) for __default_signal_display
    libinit2.o(.ARM.Collect$$libinit$$0000000C) refers to libinit2.o(.ARM.Collect$$libinit$$0000000B) for .ARM.Collect$$libinit$$0000000B
    libinit2.o(.ARM.Collect$$libinit$$0000000E) refers to libinit2.o(.ARM.Collect$$libinit$$0000000B) for .ARM.Collect$$libinit$$0000000B
    libinit2.o(.ARM.Collect$$libinit$$00000010) refers to libinit2.o(.ARM.Collect$$libinit$$0000000B) for .ARM.Collect$$libinit$$0000000B
    libinit2.o(.ARM.Collect$$libinit$$00000012) refers to libinit2.o(.ARM.Collect$$libinit$$0000000B) for .ARM.Collect$$libinit$$0000000B
    libinit2.o(.ARM.Collect$$libinit$$00000014) refers to libinit2.o(.ARM.Collect$$libinit$$0000000B) for .ARM.Collect$$libinit$$0000000B
    libinit2.o(.ARM.Collect$$libinit$$00000022) refers to argv_veneer.o(.text) for __ARM_argv_veneer
    libinit2.o(.ARM.Collect$$libinit$$00000023) refers to argv_veneer.o(.text) for __ARM_argv_veneer
    rtexit2.o(.ARM.Collect$$rtexit$$00000003) refers to libshutdown.o(.ARM.Collect$$libshutdown$$00000000) for __rt_lib_shutdown
    rtexit2.o(.ARM.Collect$$rtexit$$00000004) refers to retarget.o(.text) for _sys_exit
    rtexit2.o(.ARM.exidx) refers to rtexit2.o(.ARM.Collect$$rtexit$$00000001) for .ARM.Collect$$rtexit$$00000001
    rtexit2.o(.ARM.exidx) refers to rtexit2.o(.ARM.Collect$$rtexit$$00000003) for .ARM.Collect$$rtexit$$00000003
    rtexit2.o(.ARM.exidx) refers to rtexit2.o(.ARM.Collect$$rtexit$$00000004) for .ARM.Collect$$rtexit$$00000004
    __raise.o(.text) refers to defsig.o(CL$$defsig) for __default_signal_handler
    defsig_general.o(.text) refers to retarget.o(.text) for _ttywrch
    defsig.o(CL$$defsig) refers to defsig_fpe_inner.o(.text) for __rt_SIGFPE_inner
    defsig.o(CL$$defsig) refers to defsig_rtmem_inner.o(.text) for __rt_SIGRTMEM_inner
    _get_argv_nomalloc.o(.text) refers (Special) to hrguard.o(.text) for __heap_region$guard
    _get_argv_nomalloc.o(.text) refers to defsig_rtmem_outer.o(.text) for __rt_SIGRTMEM
    _get_argv_nomalloc.o(.text) refers to sys_command.o(.text) for _sys_command_string
    libshutdown.o(.ARM.Collect$$libshutdown$$00000000) refers (Special) to libshutdown2.o(.ARM.Collect$$libshutdown$$00000006) for __rt_lib_shutdown_fp_trap_1
    libshutdown.o(.ARM.Collect$$libshutdown$$00000000) refers (Special) to libshutdown2.o(.ARM.Collect$$libshutdown$$0000000E) for __rt_lib_shutdown_heap_1
    libshutdown.o(.ARM.Collect$$libshutdown$$00000000) refers (Special) to libshutdown2.o(.ARM.Collect$$libshutdown$$0000000F) for __rt_lib_shutdown_return
    libshutdown.o(.ARM.Collect$$libshutdown$$00000000) refers (Special) to libshutdown2.o(.ARM.Collect$$libshutdown$$00000009) for __rt_lib_shutdown_signal_1
    libshutdown.o(.ARM.Collect$$libshutdown$$00000000) refers (Special) to libshutdown2.o(.ARM.Collect$$libshutdown$$00000003) for __rt_lib_shutdown_stdio_1
    libshutdown.o(.ARM.Collect$$libshutdown$$00000000) refers (Special) to libshutdown2.o(.ARM.Collect$$libshutdown$$0000000B) for __rt_lib_shutdown_user_alloc_1
    sys_command.o(.text) refers (Special) to use_no_semi.o(.text) for __I$use$semihosting
    sys_command.o(.text) refers (Special) to indicate_semi.o(.text) for __semihosting_library_function
    defsig_abrt_inner.o(.text) refers to defsig_general.o(.text) for __default_signal_display
    defsig_rtred_inner.o(.text) refers to defsig_general.o(.text) for __default_signal_display
    defsig_rtmem_inner.o(.text) refers to defsig_general.o(.text) for __default_signal_display
    defsig_rtmem_outer.o(.text) refers to defsig_rtmem_inner.o(.text) for __rt_SIGRTMEM_inner
    defsig_rtmem_outer.o(.text) refers to defsig_exit.o(.text) for __sig_exit
    defsig_rtmem_formal.o(.text) refers to rt_raise.o(.text) for __rt_raise
    defsig_stak_inner.o(.text) refers to defsig_general.o(.text) for __default_signal_display
    defsig_pvfn_inner.o(.text) refers to defsig_general.o(.text) for __default_signal_display
    defsig_cppl_inner.o(.text) refers to defsig_general.o(.text) for __default_signal_display
    defsig_segv_inner.o(.text) refers to defsig_general.o(.text) for __default_signal_display
    defsig_other.o(.text) refers to defsig_general.o(.text) for __default_signal_display


==============================================================================

Removing Unused input sections from the image.

    Removing system_lpc11xx.o(.rev16_text), (4 bytes).
    Removing system_lpc11xx.o(.revsh_text), (4 bytes).
    Removing main.o(.rev16_text), (4 bytes).
    Removing main.o(.revsh_text), (4 bytes).
    Removing serial.o(.rev16_text), (4 bytes).
    Removing serial.o(.revsh_text), (4 bytes).
    Removing retarget.o(.data), (8 bytes).
    Removing cpu_lpc1000.o(.rev16_text), (4 bytes).
    Removing cpu_lpc1000.o(.revsh_text), (4 bytes).
    Removing nrf24l01.o(.rev16_text), (4 bytes).
    Removing nrf24l01.o(.revsh_text), (4 bytes).
    Removing ssp.o(.rev16_text), (4 bytes).
    Removing ssp.o(.revsh_text), (4 bytes).

13 unused section(s) (total 56 bytes) removed from the image.

==============================================================================

Image Symbol Table

    Local Symbols

    Symbol Name                              Value     Ov Type        Size  Object(Section)

    RESET                                    0x00000000   Section      192  startup_lpc11xx.o(RESET)
    ../../angel/boardlib.s                   0x00000000   Number         0  boardinit3.o ABSOLUTE
    ../../angel/boardlib.s                   0x00000000   Number         0  boardinit1.o ABSOLUTE
    ../../angel/boardlib.s                   0x00000000   Number         0  boardinit2.o ABSOLUTE
    ../../angel/boardlib.s                   0x00000000   Number         0  boardshut.o ABSOLUTE
    ../../angel/handlers.s                   0x00000000   Number         0  __scatter_zi.o ABSOLUTE
    ../../angel/handlers.s                   0x00000000   Number         0  __scatter_copy.o ABSOLUTE
    ../../angel/kernel.s                     0x00000000   Number         0  rtentry2.o ABSOLUTE
    ../../angel/kernel.s                     0x00000000   Number         0  rtexit.o ABSOLUTE
    ../../angel/kernel.s                     0x00000000   Number         0  rtentry4.o ABSOLUTE
    ../../angel/kernel.s                     0x00000000   Number         0  rtexit2.o ABSOLUTE
    ../../angel/kernel.s                     0x00000000   Number         0  rtentry.o ABSOLUTE
    ../../angel/rt.s                         0x00000000   Number         0  rt_div0.o ABSOLUTE
    ../../angel/rt.s                         0x00000000   Number         0  rt_raise.o ABSOLUTE
    ../../angel/rt.s                         0x00000000   Number         0  aeabi_idiv0_sigfpe.o ABSOLUTE
    ../../angel/rt.s                         0x00000000   Number         0  aeabi_idiv0.o ABSOLUTE
    ../../angel/scatterp.s                   0x00000000   Number         0  __scatter.o ABSOLUTE
    ../../angel/startup.s                    0x00000000   Number         0  __main.o ABSOLUTE
    ../../angel/sys.s                        0x00000000   Number         0  indicate_semi.o ABSOLUTE
    ../../angel/sys.s                        0x00000000   Number         0  use_no_semi.o ABSOLUTE
    ../../angel/sys.s                        0x00000000   Number         0  tempstk.o ABSOLUTE
    ../../angel/sys.s                        0x00000000   Number         0  sys_stackheap_outer.o ABSOLUTE
    ../../angel/sys.s                        0x00000000   Number         0  libspace.o ABSOLUTE
    ../../angel/sysapp.c                     0x00000000   Number         0  sys_command.o ABSOLUTE
    ../../armsys.c                           0x00000000   Number         0  _get_argv_nomalloc.o ABSOLUTE
    ../../armsys.c                           0x00000000   Number         0  argv_veneer.o ABSOLUTE
    ../../armsys.c                           0x00000000   Number         0  no_argv.o ABSOLUTE
    ../../cfplib/fpinit.c                    0x00000000   Number         0  fpinit.o ABSOLUTE
    ../../division.s                         0x00000000   Number         0  aeabi_sdiv_div0.o ABSOLUTE
    ../../division.s                         0x00000000   Number         0  aeabi_sdiv.o ABSOLUTE
    ../../heapalloc.c                        0x00000000   Number         0  hrguard.o ABSOLUTE
    ../../heapaux.c                          0x00000000   Number         0  heapauxi.o ABSOLUTE
    ../../libinit.s                          0x00000000   Number         0  libinit.o ABSOLUTE
    ../../libinit.s                          0x00000000   Number         0  libshutdown2.o ABSOLUTE
    ../../libinit.s                          0x00000000   Number         0  libshutdown.o ABSOLUTE
    ../../libinit.s                          0x00000000   Number         0  libinit2.o ABSOLUTE
    ../../signal.c                           0x00000000   Number         0  defsig_exit.o ABSOLUTE
    ../../signal.c                           0x00000000   Number         0  defsig_rtmem_formal.o ABSOLUTE
    ../../signal.c                           0x00000000   Number         0  defsig_stak_inner.o ABSOLUTE
    ../../signal.c                           0x00000000   Number         0  defsig_cppl_inner.o ABSOLUTE
    ../../signal.c                           0x00000000   Number         0  defsig_fpe_outer.o ABSOLUTE
    ../../signal.c                           0x00000000   Number         0  defsig_fpe_formal.o ABSOLUTE
    ../../signal.c                           0x00000000   Number         0  defsig_abrt_inner.o ABSOLUTE
    ../../signal.c                           0x00000000   Number         0  defsig_rtred_inner.o ABSOLUTE
    ../../signal.c                           0x00000000   Number         0  defsig_segv_inner.o ABSOLUTE
    ../../signal.c                           0x00000000   Number         0  defsig_general.o ABSOLUTE
    ../../signal.c                           0x00000000   Number         0  defsig_other.o ABSOLUTE
    ../../signal.c                           0x00000000   Number         0  __raise.o ABSOLUTE
    ../../signal.c                           0x00000000   Number         0  defsig_rtmem_inner.o ABSOLUTE
    ../../signal.c                           0x00000000   Number         0  defsig_rtmem_outer.o ABSOLUTE
    ../../signal.c                           0x00000000   Number         0  defsig_pvfn_inner.o ABSOLUTE
    ../../signal.c                           0x00000000   Number         0  defsig_fpe_inner.o ABSOLUTE
    ../../signal.s                           0x00000000   Number         0  defsig.o ABSOLUTE
    ../../stdlib.c                           0x00000000   Number         0  exit.o ABSOLUTE
    Retarget.c                               0x00000000   Number         0  retarget.o ABSOLUTE
    Serial.c                                 0x00000000   Number         0  serial.o ABSOLUTE
    Serial.c                                 0x00000000   Number         0  serial.o ABSOLUTE
    cpu_lpc1000.c                            0x00000000   Number         0  cpu_lpc1000.o ABSOLUTE
    cpu_lpc1000.c                            0x00000000   Number         0  cpu_lpc1000.o ABSOLUTE
    dc.s                                     0x00000000   Number         0  dc.o ABSOLUTE
    main.c                                   0x00000000   Number         0  main.o ABSOLUTE
    main.c                                   0x00000000   Number         0  main.o ABSOLUTE
    nrf24l01.c                               0x00000000   Number         0  nrf24l01.o ABSOLUTE
    nrf24l01.c                               0x00000000   Number         0  nrf24l01.o ABSOLUTE
    ssp.c                                    0x00000000   Number         0  ssp.o ABSOLUTE
    ssp.c                                    0x00000000   Number         0  ssp.o ABSOLUTE
    startup_LPC11xx.s                        0x00000000   Number         0  startup_lpc11xx.o ABSOLUTE
    system_LPC11xx.c                         0x00000000   Number         0  system_lpc11xx.o ABSOLUTE
    system_LPC11xx.c                         0x00000000   Number         0  system_lpc11xx.o ABSOLUTE
    !!!main                                  0x000000c0   Section        8  __main.o(!!!main)
    !!!scatter                               0x000000c8   Section       60  __scatter.o(!!!scatter)
    !!handler_copy                           0x00000104   Section       26  __scatter_copy.o(!!handler_copy)
    !!handler_zi                             0x00000120   Section       28  __scatter_zi.o(!!handler_zi)
    .ARM.Collect$$libinit$$00000000          0x0000013c   Section        6  libinit.o(.ARM.Collect$$libinit$$00000000)
    .ARM.Collect$$libinit$$00000006          0x00000142   Section        0  libinit2.o(.ARM.Collect$$libinit$$00000006)
    .ARM.Collect$$libinit$$00000008          0x00000142   Section        0  libinit2.o(.ARM.Collect$$libinit$$00000008)
    .ARM.Collect$$libinit$$0000000A          0x00000142   Section        0  libinit2.o(.ARM.Collect$$libinit$$0000000A)
    .ARM.Collect$$libinit$$0000000D          0x00000142   Section        0  libinit2.o(.ARM.Collect$$libinit$$0000000D)
    .ARM.Collect$$libinit$$0000000F          0x00000142   Section        0  libinit2.o(.ARM.Collect$$libinit$$0000000F)
    .ARM.Collect$$libinit$$00000011          0x00000142   Section        0  libinit2.o(.ARM.Collect$$libinit$$00000011)
    .ARM.Collect$$libinit$$00000013          0x00000142   Section        0  libinit2.o(.ARM.Collect$$libinit$$00000013)
    .ARM.Collect$$libinit$$00000015          0x00000142   Section        0  libinit2.o(.ARM.Collect$$libinit$$00000015)
    .ARM.Collect$$libinit$$00000017          0x00000142   Section        0  libinit2.o(.ARM.Collect$$libinit$$00000017)
    .ARM.Collect$$libinit$$00000019          0x00000142   Section        0  libinit2.o(.ARM.Collect$$libinit$$00000019)
    .ARM.Collect$$libinit$$0000001B          0x00000142   Section        0  libinit2.o(.ARM.Collect$$libinit$$0000001B)
    .ARM.Collect$$libinit$$0000001D          0x00000142   Section        0  libinit2.o(.ARM.Collect$$libinit$$0000001D)
    .ARM.Collect$$libinit$$0000001F          0x00000142   Section        0  libinit2.o(.ARM.Collect$$libinit$$0000001F)
    .ARM.Collect$$libinit$$00000021          0x00000142   Section        0  libinit2.o(.ARM.Collect$$libinit$$00000021)
    .ARM.Collect$$libinit$$00000028          0x00000142   Section        0  libinit2.o(.ARM.Collect$$libinit$$00000028)
    .ARM.Collect$$libinit$$0000002A          0x00000142   Section        0  libinit2.o(.ARM.Collect$$libinit$$0000002A)
    .ARM.Collect$$libinit$$0000002C          0x00000142   Section        0  libinit2.o(.ARM.Collect$$libinit$$0000002C)
    .ARM.Collect$$libinit$$0000002E          0x00000142   Section        0  libinit2.o(.ARM.Collect$$libinit$$0000002E)
    .ARM.Collect$$libinit$$0000002F          0x00000142   Section        2  libinit2.o(.ARM.Collect$$libinit$$0000002F)
    .ARM.Collect$$libshutdown$$00000000      0x00000144   Section        2  libshutdown.o(.ARM.Collect$$libshutdown$$00000000)
    .ARM.Collect$$libshutdown$$00000003      0x00000146   Section        0  libshutdown2.o(.ARM.Collect$$libshutdown$$00000003)
    .ARM.Collect$$libshutdown$$00000006      0x00000146   Section        0  libshutdown2.o(.ARM.Collect$$libshutdown$$00000006)
    .ARM.Collect$$libshutdown$$00000009      0x00000146   Section        0  libshutdown2.o(.ARM.Collect$$libshutdown$$00000009)
    .ARM.Collect$$libshutdown$$0000000B      0x00000146   Section        0  libshutdown2.o(.ARM.Collect$$libshutdown$$0000000B)
    .ARM.Collect$$libshutdown$$0000000E      0x00000146   Section        0  libshutdown2.o(.ARM.Collect$$libshutdown$$0000000E)
    .ARM.Collect$$libshutdown$$0000000F      0x00000146   Section        2  libshutdown2.o(.ARM.Collect$$libshutdown$$0000000F)
    .ARM.Collect$$rtentry$$00000000          0x00000148   Section        0  rtentry.o(.ARM.Collect$$rtentry$$00000000)
    .ARM.Collect$$rtentry$$00000002          0x00000148   Section        0  rtentry2.o(.ARM.Collect$$rtentry$$00000002)
    .ARM.Collect$$rtentry$$00000004          0x00000148   Section        6  rtentry4.o(.ARM.Collect$$rtentry$$00000004)
    .ARM.Collect$$rtentry$$00000009          0x0000014e   Section        0  rtentry2.o(.ARM.Collect$$rtentry$$00000009)
    .ARM.Collect$$rtentry$$0000000A          0x0000014e   Section        4  rtentry2.o(.ARM.Collect$$rtentry$$0000000A)
    .ARM.Collect$$rtentry$$0000000C          0x00000152   Section        0  rtentry2.o(.ARM.Collect$$rtentry$$0000000C)
    .ARM.Collect$$rtentry$$0000000D          0x00000152   Section        8  rtentry2.o(.ARM.Collect$$rtentry$$0000000D)
    .ARM.Collect$$rtexit$$00000000           0x0000015a   Section        2  rtexit.o(.ARM.Collect$$rtexit$$00000000)
    .ARM.Collect$$rtexit$$00000002           0x0000015c   Section        0  rtexit2.o(.ARM.Collect$$rtexit$$00000002)
    .ARM.Collect$$rtexit$$00000003           0x0000015c   Section        4  rtexit2.o(.ARM.Collect$$rtexit$$00000003)
    .ARM.Collect$$rtexit$$00000004           0x00000160   Section        6  rtexit2.o(.ARM.Collect$$rtexit$$00000004)
    .text                                    0x00000168   Section       52  startup_lpc11xx.o(.text)
    .text                                    0x0000019c   Section        0  serial.o(.text)
    .text                                    0x00000250   Section        0  retarget.o(.text)
    .text                                    0x00000280   Section        2  use_no_semi.o(.text)
    .text                                    0x00000282   Section        0  heapauxi.o(.text)
    .text                                    0x00000288   Section       62  sys_stackheap_outer.o(.text)
    .text                                    0x000002c6   Section        0  exit.o(.text)
    .text                                    0x000002d4   Section        8  libspace.o(.text)
    i.__ARM_common_switch8                   0x000002dc   Section        0  system_lpc11xx.o(i.__ARM_common_switch8)
    .ARM.__at_0x02FC                         0x000002fc   Section        4  startup_lpc11xx.o(.ARM.__at_0x02FC)
    .text                                    0x00000300   Section        0  system_lpc11xx.o(.text)
    .text                                    0x00000520   Section        0  main.o(.text)
    .text                                    0x00000698   Section        0  cpu_lpc1000.o(.text)
    NVIC_SetPriority                         0x0000070b   Thumb Code   110  cpu_lpc1000.o(.text)
    .text                                    0x00000798   Section        0  nrf24l01.o(.text)
    .text                                    0x00000a90   Section        0  ssp.o(.text)
    NVIC_EnableIRQ                           0x00000d7f   Thumb Code    14  ssp.o(.text)
    .text                                    0x00000dc8   Section      346  aeabi_sdiv.o(.text)
    .data                                    0x10000000   Section        4  system_lpc11xx.o(.data)
    .data                                    0x10000004   Section        4  cpu_lpc1000.o(.data)
    .data                                    0x10000008   Section       24  ssp.o(.data)
    .bss                                     0x10000020   Section       96  libspace.o(.bss)
    HEAP                                     0x10000080   Section        0  startup_lpc11xx.o(HEAP)
    STACK                                    0x10000080   Section      512  startup_lpc11xx.o(STACK)
    Heap_Mem                                 0x10000080   Data           0  startup_lpc11xx.o(HEAP)
    Stack_Mem                                0x10000080   Data         512  startup_lpc11xx.o(STACK)
    __initial_sp                             0x10000280   Data           0  startup_lpc11xx.o(STACK)

    Global Symbols

    Symbol Name                              Value     Ov Type        Size  Object(Section)

    BuildAttributes$$THM_ISAv3M$S$PE$A:L22$X:L11$S22$IEEE1$IW$USESV6$~STKCKD$USESV7$~SHL$OSPACE$ROPI$EBA8$UX$STANDARDLIB$REQ8$PRES8$EABIv2 0x00000000   Number         0  anon$$obj.o ABSOLUTE
    __ARM_use_no_argv                        0x00000000   Number         0  main.o ABSOLUTE
    __Vectors                                0x00000000   Data           4  startup_lpc11xx.o(RESET)
    __ARM_exceptions_init                     - Undefined Weak Reference
    __alloca_initialize                       - Undefined Weak Reference
    __cpp_initialize__aeabi_                  - Undefined Weak Reference
    __cxa_finalize                            - Undefined Weak Reference
    __rt_locale                               - Undefined Weak Reference
    __sigvec_lookup                           - Undefined Weak Reference
    _atexit_init                              - Undefined Weak Reference
    _call_atexit_fns                          - Undefined Weak Reference
    _clock_init                               - Undefined Weak Reference
    _fp_trap_init                             - Undefined Weak Reference
    _fp_trap_shutdown                         - Undefined Weak Reference
    _get_lc_collate                           - Undefined Weak Reference
    _get_lc_ctype                             - Undefined Weak Reference
    _get_lc_monetary                          - Undefined Weak Reference
    _get_lc_numeric                           - Undefined Weak Reference
    _get_lc_time                              - Undefined Weak Reference
    _getenv_init                              - Undefined Weak Reference
    _handle_redirection                       - Undefined Weak Reference
    _init_alloc                               - Undefined Weak Reference
    _init_user_alloc                          - Undefined Weak Reference
    _initio                                   - Undefined Weak Reference
    _rand_init                                - Undefined Weak Reference
    _signal_finish                            - Undefined Weak Reference
    _signal_init                              - Undefined Weak Reference
    _terminate_alloc                          - Undefined Weak Reference
    _terminate_user_alloc                     - Undefined Weak Reference
    _terminateio                              - Undefined Weak Reference
    __main                                   0x000000c1   Thumb Code     8  __main.o(!!!main)
    __scatterload                            0x000000c9   Thumb Code     0  __scatter.o(!!!scatter)
    __scatterload_rt2                        0x000000c9   Thumb Code    52  __scatter.o(!!!scatter)
    __scatterload_rt2_thumb_only             0x000000c9   Thumb Code     0  __scatter.o(!!!scatter)
    __scatterload_null                       0x000000d9   Thumb Code     0  __scatter.o(!!!scatter)
    __scatterload_copy                       0x00000105   Thumb Code    26  __scatter_copy.o(!!handler_copy)
    __scatterload_zeroinit                   0x00000121   Thumb Code    28  __scatter_zi.o(!!handler_zi)
    __rt_lib_init                            0x0000013d   Thumb Code     0  libinit.o(.ARM.Collect$$libinit$$00000000)
    __rt_lib_init_alloca_1                   0x00000143   Thumb Code     0  libinit2.o(.ARM.Collect$$libinit$$0000002A)
    __rt_lib_init_argv_1                     0x00000143   Thumb Code     0  libinit2.o(.ARM.Collect$$libinit$$00000028)
    __rt_lib_init_atexit_1                   0x00000143   Thumb Code     0  libinit2.o(.ARM.Collect$$libinit$$00000017)
    __rt_lib_init_clock_1                    0x00000143   Thumb Code     0  libinit2.o(.ARM.Collect$$libinit$$0000001D)
    __rt_lib_init_cpp_1                      0x00000143   Thumb Code     0  libinit2.o(.ARM.Collect$$libinit$$0000002E)
    __rt_lib_init_exceptions_1               0x00000143   Thumb Code     0  libinit2.o(.ARM.Collect$$libinit$$0000002C)
    __rt_lib_init_fp_trap_1                  0x00000143   Thumb Code     0  libinit2.o(.ARM.Collect$$libinit$$0000001B)
    __rt_lib_init_getenv_1                   0x00000143   Thumb Code     0  libinit2.o(.ARM.Collect$$libinit$$0000001F)
    __rt_lib_init_heap_1                     0x00000143   Thumb Code     0  libinit2.o(.ARM.Collect$$libinit$$00000006)
    __rt_lib_init_lc_collate_1               0x00000143   Thumb Code     0  libinit2.o(.ARM.Collect$$libinit$$0000000D)
    __rt_lib_init_lc_ctype_1                 0x00000143   Thumb Code     0  libinit2.o(.ARM.Collect$$libinit$$0000000F)
    __rt_lib_init_lc_monetary_1              0x00000143   Thumb Code     0  libinit2.o(.ARM.Collect$$libinit$$00000011)
    __rt_lib_init_lc_numeric_1               0x00000143   Thumb Code     0  libinit2.o(.ARM.Collect$$libinit$$00000013)
    __rt_lib_init_lc_time_1                  0x00000143   Thumb Code     0  libinit2.o(.ARM.Collect$$libinit$$00000015)
    __rt_lib_init_rand_1                     0x00000143   Thumb Code     0  libinit2.o(.ARM.Collect$$libinit$$0000000A)
    __rt_lib_init_return                     0x00000143   Thumb Code     0  libinit2.o(.ARM.Collect$$libinit$$0000002F)
    __rt_lib_init_signal_1                   0x00000143   Thumb Code     0  libinit2.o(.ARM.Collect$$libinit$$00000019)
    __rt_lib_init_stdio_1                    0x00000143   Thumb Code     0  libinit2.o(.ARM.Collect$$libinit$$00000021)
    __rt_lib_init_user_alloc_1               0x00000143   Thumb Code     0  libinit2.o(.ARM.Collect$$libinit$$00000008)
    __rt_lib_shutdown                        0x00000145   Thumb Code     0  libshutdown.o(.ARM.Collect$$libshutdown$$00000000)
    __rt_lib_shutdown_fp_trap_1              0x00000147   Thumb Code     0  libshutdown2.o(.ARM.Collect$$libshutdown$$00000006)
    __rt_lib_shutdown_heap_1                 0x00000147   Thumb Code     0  libshutdown2.o(.ARM.Collect$$libshutdown$$0000000E)
    __rt_lib_shutdown_return                 0x00000147   Thumb Code     0  libshutdown2.o(.ARM.Collect$$libshutdown$$0000000F)
    __rt_lib_shutdown_signal_1               0x00000147   Thumb Code     0  libshutdown2.o(.ARM.Collect$$libshutdown$$00000009)
    __rt_lib_shutdown_stdio_1                0x00000147   Thumb Code     0  libshutdown2.o(.ARM.Collect$$libshutdown$$00000003)
    __rt_lib_shutdown_user_alloc_1           0x00000147   Thumb Code     0  libshutdown2.o(.ARM.Collect$$libshutdown$$0000000B)
    __rt_entry                               0x00000149   Thumb Code     0  rtentry.o(.ARM.Collect$$rtentry$$00000000)
    __rt_entry_presh_1                       0x00000149   Thumb Code     0  rtentry2.o(.ARM.Collect$$rtentry$$00000002)
    __rt_entry_sh                            0x00000149   Thumb Code     0  rtentry4.o(.ARM.Collect$$rtentry$$00000004)
    __rt_entry_li                            0x0000014f   Thumb Code     0  rtentry2.o(.ARM.Collect$$rtentry$$0000000A)
    __rt_entry_postsh_1                      0x0000014f   Thumb Code     0  rtentry2.o(.ARM.Collect$$rtentry$$00000009)
    __rt_entry_main                          0x00000153   Thumb Code     0  rtentry2.o(.ARM.Collect$$rtentry$$0000000D)
    __rt_entry_postli_1                      0x00000153   Thumb Code     0  rtentry2.o(.ARM.Collect$$rtentry$$0000000C)
    __rt_exit                                0x0000015b   Thumb Code     0  rtexit.o(.ARM.Collect$$rtexit$$00000000)
    __rt_exit_ls                             0x0000015d   Thumb Code     0  rtexit2.o(.ARM.Collect$$rtexit$$00000003)
    __rt_exit_prels_1                        0x0000015d   Thumb Code     0  rtexit2.o(.ARM.Collect$$rtexit$$00000002)
    __rt_exit_exit                           0x00000161   Thumb Code     0  rtexit2.o(.ARM.Collect$$rtexit$$00000004)
    Reset_Handler                            0x00000169   Thumb Code     8  startup_lpc11xx.o(.text)
    NMI_Handler                              0x00000171   Thumb Code     2  startup_lpc11xx.o(.text)
    HardFault_Handler                        0x00000173   Thumb Code     2  startup_lpc11xx.o(.text)
    SVC_Handler                              0x00000175   Thumb Code     2  startup_lpc11xx.o(.text)
    PendSV_Handler                           0x00000177   Thumb Code     2  startup_lpc11xx.o(.text)
    SysTick_Handler                          0x00000179   Thumb Code     2  startup_lpc11xx.o(.text)
    ADC_IRQHandler                           0x0000017b   Thumb Code     0  startup_lpc11xx.o(.text)
    BOD_IRQHandler                           0x0000017b   Thumb Code     0  startup_lpc11xx.o(.text)
    CAN_IRQHandler                           0x0000017b   Thumb Code     0  startup_lpc11xx.o(.text)
    FMC_IRQHandler                           0x0000017b   Thumb Code     0  startup_lpc11xx.o(.text)
    I2C_IRQHandler                           0x0000017b   Thumb Code     0  startup_lpc11xx.o(.text)
    PIOINT0_IRQHandler                       0x0000017b   Thumb Code     0  startup_lpc11xx.o(.text)
    PIOINT1_IRQHandler                       0x0000017b   Thumb Code     0  startup_lpc11xx.o(.text)
    PIOINT2_IRQHandler                       0x0000017b   Thumb Code     0  startup_lpc11xx.o(.text)
    PIOINT3_IRQHandler                       0x0000017b   Thumb Code     0  startup_lpc11xx.o(.text)
    TIMER16_0_IRQHandler                     0x0000017b   Thumb Code     0  startup_lpc11xx.o(.text)
    TIMER16_1_IRQHandler                     0x0000017b   Thumb Code     0  startup_lpc11xx.o(.text)
    TIMER32_0_IRQHandler                     0x0000017b   Thumb Code     0  startup_lpc11xx.o(.text)
    TIMER32_1_IRQHandler                     0x0000017b   Thumb Code     0  startup_lpc11xx.o(.text)
    UART_IRQHandler                          0x0000017b   Thumb Code     0  startup_lpc11xx.o(.text)
    USB_FIQHandler                           0x0000017b   Thumb Code     0  startup_lpc11xx.o(.text)
    USB_IRQHandler                           0x0000017b   Thumb Code     0  startup_lpc11xx.o(.text)
    WAKEUP_IRQHandler                        0x0000017b   Thumb Code     0  startup_lpc11xx.o(.text)
    WDT_IRQHandler                           0x0000017b   Thumb Code     0  startup_lpc11xx.o(.text)
    __user_initial_stackheap                 0x0000017d   Thumb Code     0  startup_lpc11xx.o(.text)
    SER_init                                 0x0000019d   Thumb Code    94  serial.o(.text)
    sendchar                                 0x000001fb   Thumb Code    44  serial.o(.text)
    getkey                                   0x00000227   Thumb Code    18  serial.o(.text)
    fputc                                    0x00000251   Thumb Code    14  retarget.o(.text)
    fgetc                                    0x0000025f   Thumb Code    10  retarget.o(.text)
    ferror                                   0x00000269   Thumb Code     8  retarget.o(.text)
    _ttywrch                                 0x00000271   Thumb Code    12  retarget.o(.text)
    _sys_exit                                0x0000027d   Thumb Code     4  retarget.o(.text)
    __I$use$semihosting                      0x00000281   Thumb Code     0  use_no_semi.o(.text)
    __use_no_semihosting_swi                 0x00000281   Thumb Code     2  use_no_semi.o(.text)
    __use_two_region_memory                  0x00000283   Thumb Code     2  heapauxi.o(.text)
    __rt_heap_escrow$2region                 0x00000285   Thumb Code     2  heapauxi.o(.text)
    __rt_heap_expand$2region                 0x00000287   Thumb Code     2  heapauxi.o(.text)
    __user_setup_stackheap                   0x00000289   Thumb Code    62  sys_stackheap_outer.o(.text)
    exit                                     0x000002c7   Thumb Code    12  exit.o(.text)
    __user_libspace                          0x000002d5   Thumb Code     8  libspace.o(.text)
    __user_perproc_libspace                  0x000002d5   Thumb Code     0  libspace.o(.text)
    __user_perthread_libspace                0x000002d5   Thumb Code     0  libspace.o(.text)
    __ARM_common_switch8                     0x000002dd   Thumb Code    28  system_lpc11xx.o(i.__ARM_common_switch8)
    SystemCoreClockUpdate                    0x00000301   Thumb Code   358  system_lpc11xx.o(.text)
    SystemInit                               0x00000467   Thumb Code   108  system_lpc11xx.o(.text)
    configureGPIO                            0x00000521   Thumb Code    74  main.o(.text)
    ledOn                                    0x0000056b   Thumb Code    14  main.o(.text)
    ledOff                                   0x00000579   Thumb Code    14  main.o(.text)
    Led_Blink                                0x00000587   Thumb Code    36  main.o(.text)
    NRF24L01_Receive                         0x000005ab   Thumb Code    54  main.o(.text)
    NRF24L01_Send                            0x000005e1   Thumb Code    36  main.o(.text)
    main                                     0x00000605   Thumb Code   108  main.o(.text)
    Delay_Init                               0x00000699   Thumb Code    54  cpu_lpc1000.o(.text)
    Delay_us                                 0x000006cf   Thumb Code    18  cpu_lpc1000.o(.text)
    SPI                                      0x000006e1   Thumb Code    42  cpu_lpc1000.o(.text)
    NRF24L01_ReadReg                         0x00000799   Thumb Code    38  nrf24l01.o(.text)
    NRF24L01_WriteReg                        0x000007bf   Thumb Code    40  nrf24l01.o(.text)
    NRF24L01_ReadRegBuf                      0x000007e7   Thumb Code    54  nrf24l01.o(.text)
    NRF24L01_WriteRegBuf                     0x0000081d   Thumb Code    52  nrf24l01.o(.text)
    NRF24L01_DRint_Init                      0x00000851   Thumb Code    84  nrf24l01.o(.text)
    NRF24L01_Get_Status                      0x000008a5   Thumb Code    30  nrf24l01.o(.text)
    NRF24L01_Get_CD                          0x000008c3   Thumb Code    14  nrf24l01.o(.text)
    NRF24L01_Set_Power                       0x000008d1   Thumb Code    30  nrf24l01.o(.text)
    NRF24L01_Set_CH                          0x000008ef   Thumb Code    16  nrf24l01.o(.text)
    NRF24L01_Set_ShockBurst                  0x000008ff   Thumb Code    22  nrf24l01.o(.text)
    NRF24L01_Set_Address_Width               0x00000915   Thumb Code    20  nrf24l01.o(.text)
    NRF24L01_Set_Device_Mode                 0x00000929   Thumb Code    30  nrf24l01.o(.text)
    NRF24L01_Set_RX_Pipe                     0x00000947   Thumb Code    70  nrf24l01.o(.text)
    NRF24L01_Disable_All_Pipes               0x0000098d   Thumb Code    12  nrf24l01.o(.text)
    NRF24L01_Clear_Interrupts                0x00000999   Thumb Code    12  nrf24l01.o(.text)
    NRF24L01_Set_TX_Address                  0x000009a5   Thumb Code    18  nrf24l01.o(.text)
    NRF24L01_Flush_TX                        0x000009b7   Thumb Code    26  nrf24l01.o(.text)
    NRF24L01_Flush_RX                        0x000009d1   Thumb Code    26  nrf24l01.o(.text)
    NRF24L01_Init                            0x000009eb   Thumb Code    92  nrf24l01.o(.text)
    NRF24L01_RF_TX                           0x00000a47   Thumb Code    30  nrf24l01.o(.text)
    NRF24L01_Write_TX_Buf                    0x00000a65   Thumb Code    18  nrf24l01.o(.text)
    NRF24L01_Read_RX_Buf                     0x00000a77   Thumb Code    18  nrf24l01.o(.text)
    SSP0_IRQHandler                          0x00000a91   Thumb Code    66  ssp.o(.text)
    SSP1_IRQHandler                          0x00000ad3   Thumb Code    66  ssp.o(.text)
    SSP_IOConfig                             0x00000b15   Thumb Code   334  ssp.o(.text)
    SSP_Init                                 0x00000c63   Thumb Code   102  ssp.o(.text)
    SSP_Send                                 0x00000cc9   Thumb Code   106  ssp.o(.text)
    SSP_Receive                              0x00000d33   Thumb Code    76  ssp.o(.text)
    __aeabi_uidiv                            0x00000dc9   Thumb Code     0  aeabi_sdiv.o(.text)
    __aeabi_uidivmod                         0x00000dc9   Thumb Code    20  aeabi_sdiv.o(.text)
    __aeabi_idiv                             0x00000ddd   Thumb Code     0  aeabi_sdiv.o(.text)
    __aeabi_idivmod                          0x00000ddd   Thumb Code   326  aeabi_sdiv.o(.text)
    Region$$Table$$Base                      0x00000f24   Number         0  anon$$obj.o(Region$$Table)
    Region$$Table$$Limit                     0x00000f44   Number         0  anon$$obj.o(Region$$Table)
    SystemCoreClock                          0x10000000   Data           4  system_lpc11xx.o(.data)
    usTicks                                  0x10000004   Data           4  cpu_lpc1000.o(.data)
    interruptRxStat0                         0x10000008   Data           4  ssp.o(.data)
    interruptOverRunStat0                    0x1000000c   Data           4  ssp.o(.data)
    interruptRxTimeoutStat0                  0x10000010   Data           4  ssp.o(.data)
    interruptRxStat1                         0x10000014   Data           4  ssp.o(.data)
    interruptOverRunStat1                    0x10000018   Data           4  ssp.o(.data)
    interruptRxTimeoutStat1                  0x1000001c   Data           4  ssp.o(.data)
    __libspace_start                         0x10000020   Data          96  libspace.o(.bss)
    __temporary_stack_top$libspace           0x10000080   Data           0  libspace.o(.bss)



==============================================================================

Memory Map of the image

  Image Entry point : 0x00000169

  Load Region LR_1 (Base: 0x00000000, Size: 0x00000f64, Max: 0xffffffff, ABSOLUTE)

    Execution Region ER_RO (Base: 0x00000000, Size: 0x00000f44, Max: 0xffffffff, ABSOLUTE)

    Base Addr    Size         Type   Attr      Idx    E Section Name        Object

    0x00000000   0x000000c0   Data   RO            3    RESET               startup_lpc11xx.o
    0x000000c0   0x00000008   Code   RO          221  * !!!main             c_p.l(__main.o)
    0x000000c8   0x0000003c   Code   RO          379    !!!scatter          c_p.l(__scatter.o)
    0x00000104   0x0000001a   Code   RO          381    !!handler_copy      c_p.l(__scatter_copy.o)
    0x0000011e   0x00000002   PAD
    0x00000120   0x0000001c   Code   RO          383    !!handler_zi        c_p.l(__scatter_zi.o)
    0x0000013c   0x00000006   Code   RO          259    .ARM.Collect$$libinit$$00000000  c_p.l(libinit.o)
    0x00000142   0x00000000   Code   RO          274    .ARM.Collect$$libinit$$00000006  c_p.l(libinit2.o)
    0x00000142   0x00000000   Code   RO          276    .ARM.Collect$$libinit$$00000008  c_p.l(libinit2.o)
    0x00000142   0x00000000   Code   RO          278    .ARM.Collect$$libinit$$0000000A  c_p.l(libinit2.o)
    0x00000142   0x00000000   Code   RO          281    .ARM.Collect$$libinit$$0000000D  c_p.l(libinit2.o)
    0x00000142   0x00000000   Code   RO          283    .ARM.Collect$$libinit$$0000000F  c_p.l(libinit2.o)
    0x00000142   0x00000000   Code   RO          285    .ARM.Collect$$libinit$$00000011  c_p.l(libinit2.o)
    0x00000142   0x00000000   Code   RO          287    .ARM.Collect$$libinit$$00000013  c_p.l(libinit2.o)
    0x00000142   0x00000000   Code   RO          289    .ARM.Collect$$libinit$$00000015  c_p.l(libinit2.o)
    0x00000142   0x00000000   Code   RO          291    .ARM.Collect$$libinit$$00000017  c_p.l(libinit2.o)
    0x00000142   0x00000000   Code   RO          293    .ARM.Collect$$libinit$$00000019  c_p.l(libinit2.o)
    0x00000142   0x00000000   Code   RO          295    .ARM.Collect$$libinit$$0000001B  c_p.l(libinit2.o)
    0x00000142   0x00000000   Code   RO          297    .ARM.Collect$$libinit$$0000001D  c_p.l(libinit2.o)
    0x00000142   0x00000000   Code   RO          299    .ARM.Collect$$libinit$$0000001F  c_p.l(libinit2.o)
    0x00000142   0x00000000   Code   RO          301    .ARM.Collect$$libinit$$00000021  c_p.l(libinit2.o)
    0x00000142   0x00000000   Code   RO          305    .ARM.Collect$$libinit$$00000028  c_p.l(libinit2.o)
    0x00000142   0x00000000   Code   RO          307    .ARM.Collect$$libinit$$0000002A  c_p.l(libinit2.o)
    0x00000142   0x00000000   Code   RO          309    .ARM.Collect$$libinit$$0000002C  c_p.l(libinit2.o)
    0x00000142   0x00000000   Code   RO          311    .ARM.Collect$$libinit$$0000002E  c_p.l(libinit2.o)
    0x00000142   0x00000002   Code   RO          312    .ARM.Collect$$libinit$$0000002F  c_p.l(libinit2.o)
    0x00000144   0x00000002   Code   RO          336    .ARM.Collect$$libshutdown$$00000000  c_p.l(libshutdown.o)
    0x00000146   0x00000000   Code   RO          363    .ARM.Collect$$libshutdown$$00000003  c_p.l(libshutdown2.o)
    0x00000146   0x00000000   Code   RO          366    .ARM.Collect$$libshutdown$$00000006  c_p.l(libshutdown2.o)
    0x00000146   0x00000000   Code   RO          369    .ARM.Collect$$libshutdown$$00000009  c_p.l(libshutdown2.o)
    0x00000146   0x00000000   Code   RO          371    .ARM.Collect$$libshutdown$$0000000B  c_p.l(libshutdown2.o)
    0x00000146   0x00000000   Code   RO          374    .ARM.Collect$$libshutdown$$0000000E  c_p.l(libshutdown2.o)
    0x00000146   0x00000002   Code   RO          375    .ARM.Collect$$libshutdown$$0000000F  c_p.l(libshutdown2.o)
    0x00000148   0x00000000   Code   RO          223    .ARM.Collect$$rtentry$$00000000  c_p.l(rtentry.o)
    0x00000148   0x00000000   Code   RO          229    .ARM.Collect$$rtentry$$00000002  c_p.l(rtentry2.o)
    0x00000148   0x00000006   Code   RO          241    .ARM.Collect$$rtentry$$00000004  c_p.l(rtentry4.o)
    0x0000014e   0x00000000   Code   RO          231    .ARM.Collect$$rtentry$$00000009  c_p.l(rtentry2.o)
    0x0000014e   0x00000004   Code   RO          232    .ARM.Collect$$rtentry$$0000000A  c_p.l(rtentry2.o)
    0x00000152   0x00000000   Code   RO          234    .ARM.Collect$$rtentry$$0000000C  c_p.l(rtentry2.o)
    0x00000152   0x00000008   Code   RO          235    .ARM.Collect$$rtentry$$0000000D  c_p.l(rtentry2.o)
    0x0000015a   0x00000002   Code   RO          264    .ARM.Collect$$rtexit$$00000000  c_p.l(rtexit.o)
    0x0000015c   0x00000000   Code   RO          316    .ARM.Collect$$rtexit$$00000002  c_p.l(rtexit2.o)
    0x0000015c   0x00000004   Code   RO          317    .ARM.Collect$$rtexit$$00000003  c_p.l(rtexit2.o)
    0x00000160   0x00000006   Code   RO          318    .ARM.Collect$$rtexit$$00000004  c_p.l(rtexit2.o)
    0x00000166   0x00000002   PAD
    0x00000168   0x00000034   Code   RO            5  * .text               startup_lpc11xx.o
    0x0000019c   0x000000b4   Code   RO          102    .text               serial.o
    0x00000250   0x00000030   Code   RO          120    .text               retarget.o
    0x00000280   0x00000002   Code   RO          213    .text               c_p.l(use_no_semi.o)
    0x00000282   0x00000006   Code   RO          219    .text               c_p.l(heapauxi.o)
    0x00000288   0x0000003e   Code   RO          245    .text               c_p.l(sys_stackheap_outer.o)
    0x000002c6   0x0000000c   Code   RO          248    .text               c_p.l(exit.o)
    0x000002d2   0x00000002   PAD
    0x000002d4   0x00000008   Code   RO          260    .text               c_p.l(libspace.o)
    0x000002dc   0x0000001c   Code   RO           33    i.__ARM_common_switch8  system_lpc11xx.o
    0x000002f8   0x00000004   PAD
    0x000002fc   0x00000004   Code   RO            4    .ARM.__at_0x02FC    startup_lpc11xx.o
    0x00000300   0x00000220   Code   RO           15    .text               system_lpc11xx.o
    0x00000520   0x00000178   Code   RO           59    .text               main.o
    0x00000698   0x00000100   Code   RO          141    .text               cpu_lpc1000.o
    0x00000798   0x000002f8   Code   RO          167    .text               nrf24l01.o
    0x00000a90   0x00000338   Code   RO          187    .text               ssp.o
    0x00000dc8   0x0000015a   Code   RO          215    .text               c_p.l(aeabi_sdiv.o)
    0x00000f22   0x00000002   PAD
    0x00000f24   0x00000020   Data   RO          377    Region$$Table       anon$$obj.o


    Execution Region ER_RW (Base: 0x10000000, Size: 0x00000020, Max: 0xffffffff, ABSOLUTE)

    Base Addr    Size         Type   Attr      Idx    E Section Name        Object

    0x10000000   0x00000004   Data   RW           16    .data               system_lpc11xx.o
    0x10000004   0x00000004   Data   RW          142    .data               cpu_lpc1000.o
    0x10000008   0x00000018   Data   RW          188    .data               ssp.o


    Execution Region ER_ZI (Base: 0x10000020, Size: 0x00000260, Max: 0xffffffff, ABSOLUTE)

    Base Addr    Size         Type   Attr      Idx    E Section Name        Object

    0x10000020   0x00000060   Zero   RW          261    .bss                c_p.l(libspace.o)
    0x10000080   0x00000000   Zero   RW            2    HEAP                startup_lpc11xx.o
    0x10000080   0x00000200   Zero   RW            1    STACK               startup_lpc11xx.o


==============================================================================

Image component sizes


      Code (inc. data)   RO Data    RW Data    ZI Data      Debug   Object Name

       256         32          0          4          0       6856   cpu_lpc1000.o
       376         40          0          0          0       1423   main.o
       760          8          0          0          0       5139   nrf24l01.o
        48          0          0          0          0       2387   retarget.o
       180         24          0          0          0        703   serial.o
       824         60          0         24          0       8189   ssp.o
        56         26        192          0        512        688   startup_lpc11xx.o
       572         96          0          4          0      13309   system_lpc11xx.o

    ----------------------------------------------------------------------
      3076        286        224         32        512      38694   Object Totals
         0          0         32          0          0          0   (incl. Generated)
         4          0          0          0          0          0   (incl. Padding)

    ----------------------------------------------------------------------

      Code (inc. data)   RO Data    RW Data    ZI Data      Debug   Library Member Name

         8          0          0          0          0         68   __main.o
        60          8          0          0          0          0   __scatter.o
        26          0          0          0          0          0   __scatter_copy.o
        28          0          0          0          0          0   __scatter_zi.o
       346          0          0          0          0         92   aeabi_sdiv.o
        12          0          0          0          0         64   exit.o
         6          0          0          0          0        136   heapauxi.o
         6          0          0          0          0          0   libinit.o
         2          0          0          0          0          0   libinit2.o
         2          0          0          0          0          0   libshutdown.o
         2          0          0          0          0          0   libshutdown2.o
         8          4          0          0         96         68   libspace.o
         0          0          0          0          0          0   rtentry.o
        12          0          0          0          0          0   rtentry2.o
         6          0          0          0          0          0   rtentry4.o
         2          0          0          0          0          0   rtexit.o
        10          0          0          0          0          0   rtexit2.o
        62          0          0          0          0         80   sys_stackheap_outer.o
         2          0          0          0          0         68   use_no_semi.o

    ----------------------------------------------------------------------
       608         12          0          0         96        576   Library Totals
         8          0          0          0          0          0   (incl. Padding)

    ----------------------------------------------------------------------

      Code (inc. data)   RO Data    RW Data    ZI Data      Debug   Library Name

       600         12          0          0         96        576   c_p.l

    ----------------------------------------------------------------------
       608         12          0          0         96        576   Library Totals

    ----------------------------------------------------------------------

==============================================================================


      Code (inc. data)   RO Data    RW Data    ZI Data      Debug   

      3684        298        224         32        608      38350   Grand Totals
      3684        298        224         32        608      38350   ELF Image Totals
      3684        298        224         32          0          0   ROM Totals

==============================================================================

    Total RO  Size (Code + RO Data)                 3908 (   3.82kB)
    Total RW  Size (RW Data + ZI Data)               640 (   0.63kB)
    Total ROM Size (Code + RO Data + RW Data)       3940 (   3.85kB)

==============================================================================

