<html>
<body>
<pre>
<h1>µVision Build Log</h1>
<h2>Project:</h2>
C:\395\lpc11xx.keil-examples-CMSIS-update_2\lpc11xx.keil-examples-CMSIS-update\i2c\i2c.uvproj
Project File Date:  03/29/2013

<h2>Output:</h2>
Build target 'I2C_Release'
linking...
Program Size: Code=6432 RO-data=368 RW-data=92 ZI-data=660  
".\Obj\i2ctest.axf" - 0 Error(s), 0 Warning(s).
Rebuild target 'I2C_Release'
compiling i2c.c...
compiling gyro_main.c...
..\..\..\gyrocam-master\gyrocam-master\src\gyro_main.c(28): warning:  #550-D: variable "kal_angle" was set but never used
compiling kalman.c...
..\..\..\gyrocam-master\gyrocam-master\src\kalman\kalman.h(6): warning:  #1295-D: Deprecated declaration kalman_init - give arg types
compiling mpu6050.c...
compiling core_cm0.c...
compiling system_LPC11xx.c...
assembling startup_LPC11xx.s...
linking...
Program Size: Code=6432 RO-data=368 RW-data=92 ZI-data=660  
".\Obj\i2ctest.axf" - 0 Error(s), 2 Warning(s).
Build target 'I2C_Release'
linking...
Program Size: Code=6432 RO-data=368 RW-data=92 ZI-data=660  
".\Obj\i2ctest.axf" - 0 Error(s), 0 Warning(s).
Rebuild target 'I2C_Release'
compiling i2c.c...
compiling gyro_main.c...
..\..\..\gyrocam-master\gyrocam-master\src\gyro_main.c(28): warning:  #550-D: variable "kal_angle" was set but never used
compiling kalman.c...
..\..\..\gyrocam-master\gyrocam-master\src\kalman\kalman.h(6): warning:  #1295-D: Deprecated declaration kalman_init - give arg types
compiling mpu6050.c...
compiling core_cm0.c...
compiling system_LPC11xx.c...
assembling startup_LPC11xx.s...
linking...
Program Size: Code=6432 RO-data=368 RW-data=92 ZI-data=660  
".\Obj\i2ctest.axf" - 0 Error(s), 2 Warning(s).
Load "C:\\395\\lpc11xx.keil-examples-CMSIS-update_2\\lpc11xx.keil-examples-CMSIS-update\\i2c\\Obj\\i2ctest.AXF" 
Load "C:\\395\\lpc11xx.keil-examples-CMSIS-update_2\\lpc11xx.keil-examples-CMSIS-update\\i2c\\Obj\\i2ctest.AXF" 
Erase Done.
Programming Done.
Verify OK.
Build target 'I2C_Release'
compiling gyro_main.c...
..\..\..\gyrocam-master\gyrocam-master\src\gyro_main.c(28): warning:  #550-D: variable "kal_angle" was set but never used
compiling kalman.c...
linking...
Program Size: Code=6240 RO-data=368 RW-data=92 ZI-data=660  
".\Obj\i2ctest.axf" - 0 Error(s), 1 Warning(s).
Load "C:\\395\\lpc11xx.keil-examples-CMSIS-update_2\\lpc11xx.keil-examples-CMSIS-update\\i2c\\Obj\\i2ctest.AXF" 
Erase Done.
Programming Done.
Verify OK.
Build target 'I2C_Release'
compiling i2c.c...
compiling gyro_main.c...
..\..\..\gyrocam-master\gyrocam-master\src\gyro_main.c(28): warning:  #550-D: variable "kal_angle" was set but never used
compiling mpu6050.c...
linking...
Program Size: Code=6240 RO-data=368 RW-data=92 ZI-data=660  
".\Obj\i2ctest.axf" - 0 Error(s), 1 Warning(s).
Load "C:\\395\\lpc11xx.keil-examples-CMSIS-update_2\\lpc11xx.keil-examples-CMSIS-update\\i2c\\Obj\\i2ctest.AXF" 
Erase Done.
Programming Done.
Verify OK.
Rebuild target 'I2C_Release'
compiling i2c.c...
compiling gyro_main.c...
..\..\..\gyrocam-master\gyrocam-master\src\gyro_main.c(28): warning:  #550-D: variable "kal_angle" was set but never used
compiling kalman.c...
compiling mpu6050.c...
compiling core_cm0.c...
compiling system_LPC11xx.c...
assembling startup_LPC11xx.s...
linking...
Program Size: Code=6240 RO-data=368 RW-data=92 ZI-data=660  
".\Obj\i2ctest.axf" - 0 Error(s), 1 Warning(s).
Load "C:\\395\\lpc11xx.keil-examples-CMSIS-update_2\\lpc11xx.keil-examples-CMSIS-update\\i2c\\Obj\\i2ctest.AXF" 
Erase Done.
Programming Done.
Verify OK.
Build target 'I2C_Release'
compiling gyro_main.c...
..\..\..\gyrocam-master\gyrocam-master\src\gyro_main.c(28): warning:  #550-D: variable "kal_angle" was set but never used
compiling mpu6050.c...
linking...
Program Size: Code=6240 RO-data=368 RW-data=92 ZI-data=660  
".\Obj\i2ctest.axf" - 0 Error(s), 1 Warning(s).
Load "C:\\395\\lpc11xx.keil-examples-CMSIS-update_2\\lpc11xx.keil-examples-CMSIS-update\\i2c\\Obj\\i2ctest.AXF" 
Erase Done.
Programming Done.
Verify OK.
Load "C:\\395\\lpc11xx.keil-examples-CMSIS-update_2\\lpc11xx.keil-examples-CMSIS-update\\i2c\\Obj\\i2ctest.AXF" 
Erase Done.
Programming Done.
Verify OK.
