ARM Linker, 4.1 [Build 894] [Evaluation]

==============================================================================

Section Cross References

    system_lpc11xx.o(.text) refers to system_lpc11xx.o(i.__ARM_common_switch8) for __ARM_common_switch8
    system_lpc11xx.o(.text) refers to aeabi_sdiv.o(.text) for __aeabi_uidivmod
    system_lpc11xx.o(.text) refers to system_lpc11xx.o(.data) for SystemCoreClock
    startup_lpc11xx.o(STACK) refers (Special) to heapauxi.o(.text) for __use_two_region_memory
    startup_lpc11xx.o(HEAP) refers (Special) to heapauxi.o(.text) for __use_two_region_memory
    startup_lpc11xx.o(RESET) refers (Special) to heapauxi.o(.text) for __use_two_region_memory
    startup_lpc11xx.o(RESET) refers to startup_lpc11xx.o(STACK) for __initial_sp
    startup_lpc11xx.o(RESET) refers to startup_lpc11xx.o(.text) for Reset_Handler
    startup_lpc11xx.o(RESET) refers to ssp.o(.text) for SSP1_IRQHandler
    startup_lpc11xx.o(RESET) refers to main.o(.text) for I2C_IRQHandler
    startup_lpc11xx.o(.ARM.__at_0x02FC) refers (Special) to heapauxi.o(.text) for __use_two_region_memory
    startup_lpc11xx.o(.text) refers (Special) to heapauxi.o(.text) for __use_two_region_memory
    startup_lpc11xx.o(.text) refers to system_lpc11xx.o(.text) for SystemInit
    startup_lpc11xx.o(.text) refers to __main.o(!!!main) for __main
    startup_lpc11xx.o(.text) refers to startup_lpc11xx.o(HEAP) for Heap_Mem
    startup_lpc11xx.o(.text) refers to startup_lpc11xx.o(STACK) for Stack_Mem
    main.o(.text) refers to _printf_percent.o(.ARM.Collect$$_printf_percent$$00000000) for _printf_percent
    main.o(.text) refers to _printf_f.o(.ARM.Collect$$_printf_percent$$00000003) for _printf_f
    main.o(.text) refers to printf1.o(x$fpl$printf1) for _printf_fp_dec
    main.o(.text) refers to _printf_d.o(.ARM.Collect$$_printf_percent$$00000009) for _printf_d
    main.o(.text) refers to _printf_dec.o(.text) for _printf_int_dec
    main.o(.text) refers to system_lpc11xx.o(i.__ARM_common_switch8) for __ARM_common_switch8
    main.o(.text) refers to timer32.o(.text) for delay32Us
    main.o(.text) refers to nrf24l01.o(.text) for NRF24L01_Get_Status
    main.o(.text) refers to serial.o(.text) for SER_init
    main.o(.text) refers to ssp.o(.text) for SSP_IOConfig
    main.o(.text) refers to noretval__2printf.o(.text) for __2printf
    main.o(.text) refers to mpu6050.o(.text) for MPU6050_init
    main.o(.text) refers to kalman.o(.text) for kalman_init
    main.o(.text) refers to main.o(.data) for timeout
    main.o(.text) refers to main.o(.bss) for I2CMasterBuffer
    main.o(.text) refers to f2d.o(.text) for __aeabi_f2d
    main.o(.text) refers to atan2.o(i.atan2) for atan2
    main.o(.text) refers to dmul.o(.text) for __aeabi_dmul
    main.o(.text) refers to ddiv.o(.text) for __aeabi_ddiv
    main.o(.text) refers to d2f.o(.text) for __aeabi_d2f
    main.o(.text) refers to fflti.o(.text) for __aeabi_ui2f
    main.o(.text) refers to fdiv.o(.text) for __aeabi_fdiv
    main.o(.text) refers to strncmp.o(.text) for strncmp
    main.o(.text) refers to ffixi.o(.text) for __aeabi_f2iz
    main.o(.text) refers to noretval__2snprintf.o(.text) for __2snprintf
    cpu_lpc1000.o(.text) refers to aeabi_sdiv.o(.text) for __aeabi_uidivmod
    cpu_lpc1000.o(.text) refers to system_lpc11xx.o(.data) for SystemCoreClock
    cpu_lpc1000.o(.text) refers to cpu_lpc1000.o(.data) for usTicks
    nrf24l01.o(.text) refers to cpu_lpc1000.o(.text) for SPI
    nrf24l01.o(.text) refers to timer32.o(.text) for delay32Us
    retarget.o(.text) refers (Special) to use_no_semi.o(.text) for __use_no_semihosting_swi
    retarget.o(.text) refers to serial.o(.text) for sendchar
    retarget.o(.data) refers (Special) to use_no_semi.o(.text) for __use_no_semihosting_swi
    ssp.o(.text) refers to ssp.o(.data) for interruptOverRunStat0
    timer32.o(.text) refers to timer32.o(.data) for timer32_1_period
    mpu6050.o(.text) refers to main.o(.text) for I2CEngine
    mpu6050.o(.text) refers to aeabi_sdiv.o(.text) for __aeabi_idivmod
    mpu6050.o(.text) refers to dflti.o(.text) for __aeabi_i2d
    mpu6050.o(.text) refers to ddiv.o(.text) for __aeabi_ddiv
    mpu6050.o(.text) refers to d2f.o(.text) for __aeabi_d2f
    mpu6050.o(.text) refers to dmul.o(.text) for __aeabi_dmul
    mpu6050.o(.text) refers to fdiv.o(.text) for __aeabi_fdiv
    mpu6050.o(.text) refers to fflti.o(.text) for __aeabi_i2f
    mpu6050.o(.text) refers to faddsub.o(x$fpl$fsub) for __aeabi_fsub
    mpu6050.o(.text) refers to ffixi.o(.text) for __aeabi_f2iz
    mpu6050.o(.text) refers to main.o(.bss) for I2CMasterBuffer
    mpu6050.o(.text) refers to main.o(.data) for I2CWriteLength
    mpu6050.o(.text) refers to mpu6050.o(.data) for zero_gyro_roll
    kalman.o(.text) refers to faddsub.o(x$fpl$fsub) for __aeabi_fsub
    kalman.o(.text) refers to fmul.o(x$fpl$fmul) for __aeabi_fmul
    kalman.o(.text) refers to faddsub.o(x$fpl$fadd) for __aeabi_fadd
[...]
    defsig_fpe_formal.o(.text) refers to rt_raise.o(.text) for __rt_raise
    libinit.o(.ARM.Collect$$libinit$$00000000) refers (Special) to libinit2.o(.ARM.Collect$$libinit$$0000002A) for __rt_lib_init_alloca_1
    libinit.o(.ARM.Collect$$libinit$$00000000) refers (Special) to libinit2.o(.ARM.Collect$$libinit$$00000028) for __rt_lib_init_argv_1
    libinit.o(.ARM.Collect$$libinit$$00000000) refers (Special) to libinit2.o(.ARM.Collect$$libinit$$00000017) for __rt_lib_init_atexit_1
    libinit.o(.ARM.Collect$$libinit$$00000000) refers (Special) to libinit2.o(.ARM.Collect$$libinit$$0000001D) for __rt_lib_init_clock_1
    libinit.o(.ARM.Collect$$libinit$$00000000) refers (Special) to libinit2.o(.ARM.Collect$$libinit$$0000002E) for __rt_lib_init_cpp_1
    libinit.o(.ARM.Collect$$libinit$$00000000) refers (Special) to libinit2.o(.ARM.Collect$$libinit$$0000002C) for __rt_lib_init_exceptions_1
    libinit.o(.ARM.Collect$$libinit$$00000000) refers (Special) to libinit2.o(.ARM.Collect$$libinit$$0000001B) for __rt_lib_init_fp_trap_1
    libinit.o(.ARM.Collect$$libinit$$00000000) refers (Special) to libinit2.o(.ARM.Collect$$libinit$$0000001F) for __rt_lib_init_getenv_1
    libinit.o(.ARM.Collect$$libinit$$00000000) refers (Special) to libinit2.o(.ARM.Collect$$libinit$$00000006) for __rt_lib_init_heap_1
    libinit.o(.ARM.Collect$$libinit$$00000000) refers (Special) to libinit2.o(.ARM.Collect$$libinit$$0000000D) for __rt_lib_init_lc_collate_1
    libinit.o(.ARM.Collect$$libinit$$00000000) refers (Special) to libinit2.o(.ARM.Collect$$libinit$$0000000F) for __rt_lib_init_lc_ctype_1
    libinit.o(.ARM.Collect$$libinit$$00000000) refers (Special) to libinit2.o(.ARM.Collect$$libinit$$00000011) for __rt_lib_init_lc_monetary_1
    libinit.o(.ARM.Collect$$libinit$$00000000) refers (Special) to libinit2.o(.ARM.Collect$$libinit$$00000013) for __rt_lib_init_lc_numeric_1
    libinit.o(.ARM.Collect$$libinit$$00000000) refers (Special) to libinit2.o(.ARM.Collect$$libinit$$00000015) for __rt_lib_init_lc_time_1
    libinit.o(.ARM.Collect$$libinit$$00000000) refers (Special) to libinit2.o(.ARM.Collect$$libinit$$0000000A) for __rt_lib_init_rand_1
    libinit.o(.ARM.Collect$$libinit$$00000000) refers (Special) to libinit2.o(.ARM.Collect$$libinit$$0000002F) for __rt_lib_init_return
    libinit.o(.ARM.Collect$$libinit$$00000000) refers (Special) to libinit2.o(.ARM.Collect$$libinit$$00000019) for __rt_lib_init_signal_1
    libinit.o(.ARM.Collect$$libinit$$00000000) refers (Special) to libinit2.o(.ARM.Collect$$libinit$$00000021) for __rt_lib_init_stdio_1
    libinit.o(.ARM.Collect$$libinit$$00000000) refers (Special) to libinit2.o(.ARM.Collect$$libinit$$00000008) for __rt_lib_init_user_alloc_1
    libinit2.o(.ARM.Collect$$libinit$$0000000B) refers (Weak) to rt_locale_intlibspace.o(.text) for __rt_locale
    libinit2.o(.ARM.Collect$$libinit$$0000000C) refers to libinit2.o(.ARM.Collect$$libinit$$0000000B) for .ARM.Collect$$libinit$$0000000B
    libinit2.o(.ARM.Collect$$libinit$$0000000E) refers to libinit2.o(.ARM.Collect$$libinit$$0000000B) for .ARM.Collect$$libinit$$0000000B
    libinit2.o(.ARM.Collect$$libinit$$00000010) refers to libinit2.o(.ARM.Collect$$libinit$$0000000B) for .ARM.Collect$$libinit$$0000000B
    libinit2.o(.ARM.Collect$$libinit$$00000012) refers to libinit2.o(.ARM.Collect$$libinit$$0000000B) for .ARM.Collect$$libinit$$0000000B
    libinit2.o(.ARM.Collect$$libinit$$00000012) refers (Weak) to lc_numeric_c.o(locale$$code) for _get_lc_numeric
    libinit2.o(.ARM.Collect$$libinit$$00000014) refers to libinit2.o(.ARM.Collect$$libinit$$0000000B) for .ARM.Collect$$libinit$$0000000B
    libinit2.o(.ARM.Collect$$libinit$$00000022) refers to argv_veneer.o(.text) for __ARM_argv_veneer
    libinit2.o(.ARM.Collect$$libinit$$00000023) refers to argv_veneer.o(.text) for __ARM_argv_veneer
    rtexit.o(.ARM.Collect$$rtexit$$00000000) refers (Special) to rtexit2.o(.ARM.Collect$$rtexit$$00000004) for __rt_exit_exit
    rtexit.o(.ARM.Collect$$rtexit$$00000000) refers (Special) to rtexit2.o(.ARM.Collect$$rtexit$$00000003) for __rt_exit_ls
    rtexit.o(.ARM.Collect$$rtexit$$00000000) refers (Special) to rtexit2.o(.ARM.Collect$$rtexit$$00000002) for __rt_exit_prels_1
    rtexit.o(.ARM.exidx) refers (Special) to rtexit2.o(.ARM.Collect$$rtexit$$00000004) for __rt_exit_exit
    rtexit.o(.ARM.exidx) refers (Special) to rtexit2.o(.ARM.Collect$$rtexit$$00000003) for __rt_exit_ls
    rtexit.o(.ARM.exidx) refers (Special) to rtexit2.o(.ARM.Collect$$rtexit$$00000002) for __rt_exit_prels_1
    rtexit.o(.ARM.exidx) refers to rtexit.o(.ARM.Collect$$rtexit$$00000000) for .ARM.Collect$$rtexit$$00000000
    rt_raise.o(.text) refers to __raise.o(.text) for __raise
    rt_raise.o(.text) refers to retarget.o(.text) for _sys_exit
    defsig_exit.o(.text) refers to retarget.o(.text) for _sys_exit
    defsig_fpe_inner.o(.text) refers to defsig_general.o(.text) for __default_signal_display
    rtexit2.o(.ARM.Collect$$rtexit$$00000003) refers to libshutdown.o(.ARM.Collect$$libshutdown$$00000000) for __rt_lib_shutdown
    rtexit2.o(.ARM.Collect$$rtexit$$00000004) refers to retarget.o(.text) for _sys_exit
    rtexit2.o(.ARM.exidx) refers to rtexit2.o(.ARM.Collect$$rtexit$$00000001) for .ARM.Collect$$rtexit$$00000001
    rtexit2.o(.ARM.exidx) refers to rtexit2.o(.ARM.Collect$$rtexit$$00000003) for .ARM.Collect$$rtexit$$00000003
    rtexit2.o(.ARM.exidx) refers to rtexit2.o(.ARM.Collect$$rtexit$$00000004) for .ARM.Collect$$rtexit$$00000004
    __raise.o(.text) refers to defsig.o(CL$$defsig) for __default_signal_handler
    defsig_general.o(.text) refers to retarget.o(.text) for _ttywrch
    _get_argv_nomalloc.o(.text) refers (Special) to hrguard.o(.text) for __heap_region$guard
    _get_argv_nomalloc.o(.text) refers to defsig_rtmem_outer.o(.text) for __rt_SIGRTMEM
    _get_argv_nomalloc.o(.text) refers to sys_command.o(.text) for _sys_command_string
    sys_command.o(.text) refers (Special) to use_no_semi.o(.text) for __I$use$semihosting
    sys_command.o(.text) refers (Special) to indicate_semi.o(.text) for __semihosting_library_function
    defsig_rtmem_outer.o(.text) refers to defsig_rtmem_inner.o(.text) for __rt_SIGRTMEM_inner
    defsig_rtmem_outer.o(.text) refers to defsig_exit.o(.text) for __sig_exit
    defsig_rtmem_formal.o(.text) refers to rt_raise.o(.text) for __rt_raise
    defsig.o(CL$$defsig) refers to defsig_fpe_inner.o(.text) for __rt_SIGFPE_inner
    defsig.o(CL$$defsig) refers to defsig_rtmem_inner.o(.text) for __rt_SIGRTMEM_inner
    libshutdown.o(.ARM.Collect$$libshutdown$$00000000) refers (Special) to libshutdown2.o(.ARM.Collect$$libshutdown$$00000006) for __rt_lib_shutdown_fp_trap_1
    libshutdown.o(.ARM.Collect$$libshutdown$$00000000) refers (Special) to libshutdown2.o(.ARM.Collect$$libshutdown$$0000000E) for __rt_lib_shutdown_heap_1
    libshutdown.o(.ARM.Collect$$libshutdown$$00000000) refers (Special) to libshutdown2.o(.ARM.Collect$$libshutdown$$0000000F) for __rt_lib_shutdown_return
    libshutdown.o(.ARM.Collect$$libshutdown$$00000000) refers (Special) to libshutdown2.o(.ARM.Collect$$libshutdown$$00000009) for __rt_lib_shutdown_signal_1
    libshutdown.o(.ARM.Collect$$libshutdown$$00000000) refers (Special) to libshutdown2.o(.ARM.Collect$$libshutdown$$00000003) for __rt_lib_shutdown_stdio_1
    libshutdown.o(.ARM.Collect$$libshutdown$$00000000) refers (Special) to libshutdown2.o(.ARM.Collect$$libshutdown$$0000000B) for __rt_lib_shutdown_user_alloc_1
    defsig_abrt_inner.o(.text) refers to defsig_general.o(.text) for __default_signal_display
    defsig_rtred_inner.o(.text) refers to defsig_general.o(.text) for __default_signal_display
    defsig_rtmem_inner.o(.text) refers to defsig_general.o(.text) for __default_signal_display
    defsig_stak_inner.o(.text) refers to defsig_general.o(.text) for __default_signal_display
    defsig_pvfn_inner.o(.text) refers to defsig_general.o(.text) for __default_signal_display
    defsig_cppl_inner.o(.text) refers to defsig_general.o(.text) for __default_signal_display
    defsig_segv_inner.o(.text) refers to defsig_general.o(.text) for __default_signal_display
    defsig_other.o(.text) refers to defsig_general.o(.text) for __default_signal_display


==============================================================================

Removing Unused input sections from the image.

    Removing system_lpc11xx.o(.rev16_text), (4 bytes).
    Removing system_lpc11xx.o(.revsh_text), (4 bytes).
    Removing main.o(.rev16_text), (4 bytes).
    Removing main.o(.revsh_text), (4 bytes).
    Removing cpu_lpc1000.o(.rev16_text), (4 bytes).
    Removing cpu_lpc1000.o(.revsh_text), (4 bytes).
    Removing nrf24l01.o(.rev16_text), (4 bytes).
    Removing nrf24l01.o(.revsh_text), (4 bytes).
    Removing adc.o(.rev16_text), (4 bytes).
    Removing adc.o(.revsh_text), (4 bytes).
    Removing can.o(.rev16_text), (4 bytes).
    Removing can.o(.revsh_text), (4 bytes).
    Removing clkconfig.o(.rev16_text), (4 bytes).
    Removing clkconfig.o(.revsh_text), (4 bytes).
    Removing crp.o(.rev16_text), (4 bytes).
    Removing crp.o(.revsh_text), (4 bytes).
    Removing debug_printf.o(.rev16_text), (4 bytes).
    Removing debug_printf.o(.revsh_text), (4 bytes).
    Removing gpio.o(.rev16_text), (4 bytes).
    Removing gpio.o(.revsh_text), (4 bytes).
    Removing i2cslave.o(.rev16_text), (4 bytes).
    Removing i2cslave.o(.revsh_text), (4 bytes).
    Removing lpc_swu.o(.rev16_text), (4 bytes).
    Removing lpc_swu.o(.revsh_text), (4 bytes).
    Removing rs485.o(.rev16_text), (4 bytes).
    Removing rs485.o(.revsh_text), (4 bytes).
    Removing small_gpio.o(.rev16_text), (4 bytes).
    Removing small_gpio.o(.revsh_text), (4 bytes).
    Removing ssp.o(.rev16_text), (4 bytes).
    Removing ssp.o(.revsh_text), (4 bytes).
    Removing timer16.o(.rev16_text), (4 bytes).
    Removing timer16.o(.revsh_text), (4 bytes).
    Removing timer32.o(.rev16_text), (4 bytes).
    Removing timer32.o(.revsh_text), (4 bytes).
    Removing uart.o(.rev16_text), (4 bytes).
    Removing uart.o(.revsh_text), (4 bytes).
    Removing wdt.o(.rev16_text), (4 bytes).
    Removing wdt.o(.revsh_text), (4 bytes).
    Removing serial.o(.rev16_text), (4 bytes).
    Removing serial.o(.revsh_text), (4 bytes).

40 unused section(s) (total 160 bytes) removed from the image.

==============================================================================

Image Symbol Table

    Local Symbols

    Symbol Name                              Value     Ov Type        Size  Object(Section)

    RESET                                    0x00000000   Section      192  startup_lpc11xx.o(RESET)
    ../../angel/boardlib.s                   0x00000000   Number         0  boardinit2.o ABSOLUTE
    ../../angel/boardlib.s                   0x00000000   Number         0  boardinit1.o ABSOLUTE
    ../../angel/boardlib.s                   0x00000000   Number         0  boardinit3.o ABSOLUTE
    ../../angel/boardlib.s                   0x00000000   Number         0  boardshut.o ABSOLUTE
    ../../angel/handlers.s                   0x00000000   Number         0  __scatter_zi.o ABSOLUTE
    ../../angel/handlers.s                   0x00000000   Number         0  __scatter_copy.o ABSOLUTE
    ../../angel/kernel.s                     0x00000000   Number         0  rtexit2.o ABSOLUTE
    ../../angel/kernel.s                     0x00000000   Number         0  rtentry4.o ABSOLUTE
    ../../angel/kernel.s                     0x00000000   Number         0  rtentry2.o ABSOLUTE
    ../../angel/kernel.s                     0x00000000   Number         0  rtexit.o ABSOLUTE
    ../../angel/kernel.s                     0x00000000   Number         0  rtentry.o ABSOLUTE
    ../../angel/rt.s                         0x00000000   Number         0  rt_raise.o ABSOLUTE
    ../../angel/rt.s                         0x00000000   Number         0  aeabi_idiv0_sigfpe.o ABSOLUTE
    ../../angel/rt.s                         0x00000000   Number         0  aeabi_idiv0.o ABSOLUTE
    ../../angel/rt.s                         0x00000000   Number         0  rt_errno_addr.o ABSOLUTE
    ../../angel/rt.s                         0x00000000   Number         0  rt_errno_addr_intlibspace.o ABSOLUTE
    ../../angel/rt.s                         0x00000000   Number         0  rt_locale_intlibspace.o ABSOLUTE
    ../../angel/rt.s                         0x00000000   Number         0  rt_locale.o ABSOLUTE
    ../../angel/rt.s                         0x00000000   Number         0  rt_div0.o ABSOLUTE
    ../../angel/scatterp.s                   0x00000000   Number         0  __scatter.o ABSOLUTE
    ../../angel/startup.s                    0x00000000   Number         0  __main.o ABSOLUTE
    ../../angel/sys.s                        0x00000000   Number         0  libspace.o ABSOLUTE
    ../../angel/sys.s                        0x00000000   Number         0  sys_stackheap_outer.o ABSOLUTE
    ../../angel/sys.s                        0x00000000   Number         0  indicate_semi.o ABSOLUTE
    ../../angel/sys.s                        0x00000000   Number         0  tempstk.o ABSOLUTE
    ../../angel/sys.s                        0x00000000   Number         0  use_no_semi.o ABSOLUTE
    ../../angel/sysapp.c                     0x00000000   Number         0  sys_command.o ABSOLUTE
    ../../armsys.c                           0x00000000   Number         0  _get_argv_nomalloc.o ABSOLUTE
    ../../armsys.c                           0x00000000   Number         0  no_argv.o ABSOLUTE
    ../../armsys.c                           0x00000000   Number         0  argv_veneer.o ABSOLUTE
    ../../atan.c                             0x00000000   Number         0  atan_x.o ABSOLUTE
    ../../atan.c                             0x00000000   Number         0  atan.o ABSOLUTE
    ../../atan2.c                            0x00000000   Number         0  atan2.o ABSOLUTE
    ../../atan2.c                            0x00000000   Number         0  atan2_x.o ABSOLUTE
    ../../bigflt.c                           0x00000000   Number         0  bigflt0.o ABSOLUTE
    ../../btod.c                             0x00000000   Number         0  btod.o ABSOLUTE
    ../../cfplib/d2f.c                       0x00000000   Number         0  d2f.o ABSOLUTE
    ../../cfplib/daddsub.c                   0x00000000   Number         0  daddsub.o ABSOLUTE
    ../../cfplib/ddiv.c                      0x00000000   Number         0  ddiv.o ABSOLUTE
    ../../cfplib/dmul.c                      0x00000000   Number         0  dmul.o ABSOLUTE
    ../../cfplib/f2d.c                       0x00000000   Number         0  f2d.o ABSOLUTE
    ../../cfplib/fdiv.c                      0x00000000   Number         0  fdiv.o ABSOLUTE
    ../../cfplib/ffix.c                      0x00000000   Number         0  ffixi.o ABSOLUTE
    ../../cfplib/fflt.c                      0x00000000   Number         0  dflti.o ABSOLUTE
    ../../cfplib/fflt.c                      0x00000000   Number         0  fflti.o ABSOLUTE
    ../../cfplib/fpinit.c                    0x00000000   Number         0  fpinit.o ABSOLUTE
    ../../cfplib/ieee_status.c               0x00000000   Number         0  ieee_status.o ABSOLUTE
    ../../cfplib/scalbn.c                    0x00000000   Number         0  dscalbn.o ABSOLUTE
    ../../division.c                         0x00000000   Number         0  rtudiv10.o ABSOLUTE
    ../../division.c                         0x00000000   Number         0  lludiv10.o ABSOLUTE
    ../../division.s                         0x00000000   Number         0  aeabi_sdiv.o ABSOLUTE
    ../../division.s                         0x00000000   Number         0  aeabi_sdiv_div0.o ABSOLUTE
    ../../dunder.c                           0x00000000   Number         0  dunder.o ABSOLUTE
    ../../faddsub6m.s                        0x00000000   Number         0  faddsub.o ABSOLUTE
    ../../fenv.c                             0x00000000   Number         0  _rserrno.o ABSOLUTE
    ../../fmul6m.s                           0x00000000   Number         0  fmul.o ABSOLUTE
    ../../fpclassify.c                       0x00000000   Number         0  fpclassify.o ABSOLUTE
    ../../heapalloc.c                        0x00000000   Number         0  hrguard.o ABSOLUTE
    ../../heapaux.c                          0x00000000   Number         0  heapauxi.o ABSOLUTE
    ../../libinit.s                          0x00000000   Number         0  libshutdown2.o ABSOLUTE
    ../../libinit.s                          0x00000000   Number         0  libinit2.o ABSOLUTE
    ../../libinit.s                          0x00000000   Number         0  libinit.o ABSOLUTE
    ../../libinit.s                          0x00000000   Number         0  libshutdown.o ABSOLUTE
    ../../locale.s                           0x00000000   Number         0  lc_numeric_c.o ABSOLUTE
    ../../misc.s                             0x00000000   Number         0  printf_stubs.o ABSOLUTE
    ../../poly.c                             0x00000000   Number         0  poly.o ABSOLUTE
    ../../printf.c                           0x00000000   Number         0  _printf_char_common.o ABSOLUTE
    ../../printf.c                           0x00000000   Number         0  __printf.o ABSOLUTE
    ../../printf.c                           0x00000000   Number         0  _snputc.o ABSOLUTE
    ../../printf.c                           0x00000000   Number         0  _printf_char_file.o ABSOLUTE
    ../../printf.c                           0x00000000   Number         0  _printf_intcommon.o ABSOLUTE
    ../../printf.c                           0x00000000   Number         0  __printf_flags_ss.o ABSOLUTE
    ../../printf.c                           0x00000000   Number         0  _printf_fp_dec.o ABSOLUTE
    ../../printf.c                           0x00000000   Number         0  __printf_ss.o ABSOLUTE
    ../../printf.c                           0x00000000   Number         0  __printf_flags_ss_wp.o ABSOLUTE
    ../../printf.c                           0x00000000   Number         0  __printf_ss_wp.o ABSOLUTE
    ../../printf.c                           0x00000000   Number         0  __printf_flags_wp.o ABSOLUTE
    ../../printf.c                           0x00000000   Number         0  __2snprintf.o ABSOLUTE
    ../../printf.c                           0x00000000   Number         0  noretval__2printf.o ABSOLUTE
    ../../printf.c                           0x00000000   Number         0  __2printf.o ABSOLUTE
    ../../printf.c                           0x00000000   Number         0  noretval__2snprintf.o ABSOLUTE
    ../../printf.c                           0x00000000   Number         0  _printf_fp_infnan.o ABSOLUTE
    ../../printf.c                           0x00000000   Number         0  __printf_nopercent.o ABSOLUTE
    ../../printf.c                           0x00000000   Number         0  _printf_dec.o ABSOLUTE
    ../../printf.c                           0x00000000   Number         0  __printf_wp.o ABSOLUTE
    ../../printf.c                           0x00000000   Number         0  __printf_flags.o ABSOLUTE
    ../../printf.c                           0x00000000   Number         0  _sputc.o ABSOLUTE
    ../../printf1.s                          0x00000000   Number         0  printf1.o ABSOLUTE
    ../../printf_percent.s                   0x00000000   Number         0  _printf_percent.o ABSOLUTE
    ../../printf_percent.s                   0x00000000   Number         0  _printf_d.o ABSOLUTE
    ../../printf_percent.s                   0x00000000   Number         0  _printf_f.o ABSOLUTE
    ../../printf_percent.s                   0x00000000   Number         0  _printf_percent_end.o ABSOLUTE
    ../../qnan.c                             0x00000000   Number         0  qnan.o ABSOLUTE
    ../../signal.c                           0x00000000   Number         0  defsig_exit.o ABSOLUTE
    ../../signal.c                           0x00000000   Number         0  defsig_fpe_inner.o ABSOLUTE
    ../../signal.c                           0x00000000   Number         0  defsig_pvfn_inner.o ABSOLUTE
    ../../signal.c                           0x00000000   Number         0  defsig_general.o ABSOLUTE
    ../../signal.c                           0x00000000   Number         0  defsig_stak_inner.o ABSOLUTE
    ../../signal.c                           0x00000000   Number         0  defsig_rtred_inner.o ABSOLUTE
    ../../signal.c                           0x00000000   Number         0  defsig_cppl_inner.o ABSOLUTE
    ../../signal.c                           0x00000000   Number         0  defsig_fpe_formal.o ABSOLUTE
    ../../signal.c                           0x00000000   Number         0  defsig_fpe_outer.o ABSOLUTE
    ../../signal.c                           0x00000000   Number         0  defsig_abrt_inner.o ABSOLUTE
    ../../signal.c                           0x00000000   Number         0  defsig_segv_inner.o ABSOLUTE
    ../../signal.c                           0x00000000   Number         0  __raise.o ABSOLUTE
    ../../signal.c                           0x00000000   Number         0  defsig_rtmem_inner.o ABSOLUTE
    ../../signal.c                           0x00000000   Number         0  defsig_rtmem_formal.o ABSOLUTE
    ../../signal.c                           0x00000000   Number         0  defsig_rtmem_outer.o ABSOLUTE
    ../../signal.c                           0x00000000   Number         0  defsig_other.o ABSOLUTE
    ../../signal.s                           0x00000000   Number         0  defsig.o ABSOLUTE
    ../../stdlib.c                           0x00000000   Number         0  exit.o ABSOLUTE
    ../../string.c                           0x00000000   Number         0  strncmp.o ABSOLUTE
    ../../string.c                           0x00000000   Number         0  strcmp.o ABSOLUTE
    ../../usenofp.s                          0x00000000   Number         0  usenofp.o ABSOLUTE
    ..\..\blinky\system_LPC11xx.c            0x00000000   Number         0  system_lpc11xx.o ABSOLUTE
    ..\..\serial\Serial.c                    0x00000000   Number         0  serial.o ABSOLUTE
    ..\\..\\blinky\\system_LPC11xx.c         0x00000000   Number         0  system_lpc11xx.o ABSOLUTE
    ..\\..\\serial\\Serial.c                 0x00000000   Number         0  serial.o ABSOLUTE
    Retarget.c                               0x00000000   Number         0  retarget.o ABSOLUTE
    adc.c                                    0x00000000   Number         0  adc.o ABSOLUTE
    adc.c                                    0x00000000   Number         0  adc.o ABSOLUTE
    can.c                                    0x00000000   Number         0  can.o ABSOLUTE
    can.c                                    0x00000000   Number         0  can.o ABSOLUTE
    clkconfig.c                              0x00000000   Number         0  clkconfig.o ABSOLUTE
    clkconfig.c                              0x00000000   Number         0  clkconfig.o ABSOLUTE
    cpu_lpc1000.c                            0x00000000   Number         0  cpu_lpc1000.o ABSOLUTE
    cpu_lpc1000.c                            0x00000000   Number         0  cpu_lpc1000.o ABSOLUTE
    crp.c                                    0x00000000   Number         0  crp.o ABSOLUTE
    crp.c                                    0x00000000   Number         0  crp.o ABSOLUTE
    dc.s                                     0x00000000   Number         0  dc.o ABSOLUTE
    debug_printf.c                           0x00000000   Number         0  debug_printf.o ABSOLUTE
    debug_printf.c                           0x00000000   Number         0  debug_printf.o ABSOLUTE
    gpio.c                                   0x00000000   Number         0  gpio.o ABSOLUTE
    gpio.c                                   0x00000000   Number         0  gpio.o ABSOLUTE
    i2cslave.c                               0x00000000   Number         0  i2cslave.o ABSOLUTE
    i2cslave.c                               0x00000000   Number         0  i2cslave.o ABSOLUTE
    kalman.c                                 0x00000000   Number         0  kalman.o ABSOLUTE
    lpc_swu.c                                0x00000000   Number         0  lpc_swu.o ABSOLUTE
    lpc_swu.c                                0x00000000   Number         0  lpc_swu.o ABSOLUTE
    main.c                                   0x00000000   Number         0  main.o ABSOLUTE
    main.c                                   0x00000000   Number         0  main.o ABSOLUTE
    mpu6050.c                                0x00000000   Number         0  mpu6050.o ABSOLUTE
    nrf24l01.c                               0x00000000   Number         0  nrf24l01.o ABSOLUTE
    nrf24l01.c                               0x00000000   Number         0  nrf24l01.o ABSOLUTE
    rs485.c                                  0x00000000   Number         0  rs485.o ABSOLUTE
    rs485.c                                  0x00000000   Number         0  rs485.o ABSOLUTE
    small_gpio.c                             0x00000000   Number         0  small_gpio.o ABSOLUTE
    small_gpio.c                             0x00000000   Number         0  small_gpio.o ABSOLUTE
    ssp.c                                    0x00000000   Number         0  ssp.o ABSOLUTE
    ssp.c                                    0x00000000   Number         0  ssp.o ABSOLUTE
    startup_LPC11xx.s                        0x00000000   Number         0  startup_lpc11xx.o ABSOLUTE
    timer16.c                                0x00000000   Number         0  timer16.o ABSOLUTE
    timer16.c                                0x00000000   Number         0  timer16.o ABSOLUTE
    timer32.c                                0x00000000   Number         0  timer32.o ABSOLUTE
    timer32.c                                0x00000000   Number         0  timer32.o ABSOLUTE
    uart.c                                   0x00000000   Number         0  uart.o ABSOLUTE
    uart.c                                   0x00000000   Number         0  uart.o ABSOLUTE
    wdt.c                                    0x00000000   Number         0  wdt.o ABSOLUTE
    wdt.c                                    0x00000000   Number         0  wdt.o ABSOLUTE
    !!!main                                  0x000000c0   Section        8  __main.o(!!!main)
    !!!scatter                               0x000000c8   Section       60  __scatter.o(!!!scatter)
    !!handler_copy                           0x00000104   Section       26  __scatter_copy.o(!!handler_copy)
    !!handler_zi                             0x00000120   Section       28  __scatter_zi.o(!!handler_zi)
    .ARM.Collect$$_printf_percent$$00000000  0x0000013c   Section        2  _printf_percent.o(.ARM.Collect$$_printf_percent$$00000000)
    .ARM.Collect$$_printf_percent$$00000003  0x0000013e   Section       10  _printf_f.o(.ARM.Collect$$_printf_percent$$00000003)
    .ARM.Collect$$_printf_percent$$00000009  0x00000148   Section       10  _printf_d.o(.ARM.Collect$$_printf_percent$$00000009)
    .ARM.Collect$$_printf_percent$$00000017  0x00000152   Section        4  _printf_percent_end.o(.ARM.Collect$$_printf_percent$$00000017)
    .ARM.Collect$$libinit$$00000000          0x00000156   Section        6  libinit.o(.ARM.Collect$$libinit$$00000000)
    .ARM.Collect$$libinit$$00000006          0x0000015c   Section        0  libinit2.o(.ARM.Collect$$libinit$$00000006)
    .ARM.Collect$$libinit$$00000008          0x0000015c   Section        0  libinit2.o(.ARM.Collect$$libinit$$00000008)
    .ARM.Collect$$libinit$$0000000A          0x0000015c   Section        0  libinit2.o(.ARM.Collect$$libinit$$0000000A)
    .ARM.Collect$$libinit$$0000000B          0x0000015c   Section        6  libinit2.o(.ARM.Collect$$libinit$$0000000B)
    .ARM.Collect$$libinit$$0000000D          0x00000162   Section        0  libinit2.o(.ARM.Collect$$libinit$$0000000D)
    .ARM.Collect$$libinit$$0000000F          0x00000162   Section        0  libinit2.o(.ARM.Collect$$libinit$$0000000F)
    .ARM.Collect$$libinit$$00000011          0x00000162   Section        0  libinit2.o(.ARM.Collect$$libinit$$00000011)
    .ARM.Collect$$libinit$$00000012          0x00000162   Section       10  libinit2.o(.ARM.Collect$$libinit$$00000012)
    .ARM.Collect$$libinit$$00000013          0x0000016c   Section        0  libinit2.o(.ARM.Collect$$libinit$$00000013)
    .ARM.Collect$$libinit$$00000015          0x0000016c   Section        0  libinit2.o(.ARM.Collect$$libinit$$00000015)
    .ARM.Collect$$libinit$$00000017          0x0000016c   Section        0  libinit2.o(.ARM.Collect$$libinit$$00000017)
    .ARM.Collect$$libinit$$00000019          0x0000016c   Section        0  libinit2.o(.ARM.Collect$$libinit$$00000019)
    .ARM.Collect$$libinit$$0000001B          0x0000016c   Section        0  libinit2.o(.ARM.Collect$$libinit$$0000001B)
    .ARM.Collect$$libinit$$0000001D          0x0000016c   Section        0  libinit2.o(.ARM.Collect$$libinit$$0000001D)
    .ARM.Collect$$libinit$$0000001F          0x0000016c   Section        0  libinit2.o(.ARM.Collect$$libinit$$0000001F)
    .ARM.Collect$$libinit$$00000021          0x0000016c   Section        0  libinit2.o(.ARM.Collect$$libinit$$00000021)
    .ARM.Collect$$libinit$$00000028          0x0000016c   Section        0  libinit2.o(.ARM.Collect$$libinit$$00000028)
    .ARM.Collect$$libinit$$0000002A          0x0000016c   Section        0  libinit2.o(.ARM.Collect$$libinit$$0000002A)
    .ARM.Collect$$libinit$$0000002C          0x0000016c   Section        0  libinit2.o(.ARM.Collect$$libinit$$0000002C)
    .ARM.Collect$$libinit$$0000002E          0x0000016c   Section        0  libinit2.o(.ARM.Collect$$libinit$$0000002E)
    .ARM.Collect$$libinit$$0000002F          0x0000016c   Section        2  libinit2.o(.ARM.Collect$$libinit$$0000002F)
    .ARM.Collect$$libshutdown$$00000000      0x0000016e   Section        2  libshutdown.o(.ARM.Collect$$libshutdown$$00000000)
    .ARM.Collect$$libshutdown$$00000003      0x00000170   Section        0  libshutdown2.o(.ARM.Collect$$libshutdown$$00000003)
    .ARM.Collect$$libshutdown$$00000006      0x00000170   Section        0  libshutdown2.o(.ARM.Collect$$libshutdown$$00000006)
    .ARM.Collect$$libshutdown$$00000009      0x00000170   Section        0  libshutdown2.o(.ARM.Collect$$libshutdown$$00000009)
    .ARM.Collect$$libshutdown$$0000000B      0x00000170   Section        0  libshutdown2.o(.ARM.Collect$$libshutdown$$0000000B)
    .ARM.Collect$$libshutdown$$0000000E      0x00000170   Section        0  libshutdown2.o(.ARM.Collect$$libshutdown$$0000000E)
    .ARM.Collect$$libshutdown$$0000000F      0x00000170   Section        2  libshutdown2.o(.ARM.Collect$$libshutdown$$0000000F)
    .ARM.Collect$$rtentry$$00000000          0x00000172   Section        0  rtentry.o(.ARM.Collect$$rtentry$$00000000)
    .ARM.Collect$$rtentry$$00000002          0x00000172   Section        0  rtentry2.o(.ARM.Collect$$rtentry$$00000002)
    .ARM.Collect$$rtentry$$00000004          0x00000172   Section        6  rtentry4.o(.ARM.Collect$$rtentry$$00000004)
    .ARM.Collect$$rtentry$$00000009          0x00000178   Section        0  rtentry2.o(.ARM.Collect$$rtentry$$00000009)
    .ARM.Collect$$rtentry$$0000000A          0x00000178   Section        4  rtentry2.o(.ARM.Collect$$rtentry$$0000000A)
    .ARM.Collect$$rtentry$$0000000C          0x0000017c   Section        0  rtentry2.o(.ARM.Collect$$rtentry$$0000000C)
    .ARM.Collect$$rtentry$$0000000D          0x0000017c   Section        8  rtentry2.o(.ARM.Collect$$rtentry$$0000000D)
    .ARM.Collect$$rtexit$$00000000           0x00000184   Section        2  rtexit.o(.ARM.Collect$$rtexit$$00000000)
    .ARM.Collect$$rtexit$$00000002           0x00000186   Section        0  rtexit2.o(.ARM.Collect$$rtexit$$00000002)
    .ARM.Collect$$rtexit$$00000003           0x00000186   Section        4  rtexit2.o(.ARM.Collect$$rtexit$$00000003)
    .ARM.Collect$$rtexit$$00000004           0x0000018a   Section        6  rtexit2.o(.ARM.Collect$$rtexit$$00000004)
    .text                                    0x00000190   Section       52  startup_lpc11xx.o(.text)
    .text                                    0x000001c4   Section        0  cpu_lpc1000.o(.text)
    NVIC_SetPriority                         0x00000237   Thumb Code   110  cpu_lpc1000.o(.text)
    .text                                    0x000002c4   Section        0  retarget.o(.text)
    .text                                    0x000002f4   Section        2  use_no_semi.o(.text)
    .text                                    0x000002f6   Section        0  heapauxi.o(.text)
    .ARM.__at_0x02FC                         0x000002fc   Section        4  startup_lpc11xx.o(.ARM.__at_0x02FC)
    .text                                    0x00000300   Section        0  system_lpc11xx.o(.text)
    .text                                    0x00000520   Section        0  main.o(.text)
    .text                                    0x00000b00   Section        0  nrf24l01.o(.text)
    .text                                    0x00000e10   Section        0  ssp.o(.text)
    NVIC_EnableIRQ                           0x000010ff   Thumb Code    14  ssp.o(.text)
    .text                                    0x00001148   Section        0  timer32.o(.text)
    .text                                    0x0000149c   Section        0  serial.o(.text)
    .text                                    0x00001558   Section        0  mpu6050.o(.text)
    .text                                    0x00001848   Section        0  kalman.o(.text)
    .text                                    0x00001a54   Section        0  noretval__2printf.o(.text)
    .text                                    0x00001a70   Section        0  noretval__2snprintf.o(.text)
    .text                                    0x00001aa8   Section        0  _printf_dec.o(.text)
    .text                                    0x00001b14   Section        0  __printf_wp.o(.text)
    .text                                    0x00001c24   Section        0  strncmp.o(.text)
    .text                                    0x00001cc4   Section      346  aeabi_sdiv.o(.text)
    .text                                    0x00001e20   Section        0  d2f.o(.text)
    .text                                    0x00001e9c   Section        0  ddiv.o(.text)
    .text                                    0x000022d4   Section        0  dflti.o(.text)
    .text                                    0x0000232c   Section        0  dmul.o(.text)
    .text                                    0x000025bc   Section        0  f2d.o(.text)
    .text                                    0x0000260c   Section        0  fdiv.o(.text)
    .text                                    0x0000276c   Section        0  ffixi.o(.text)
    .text                                    0x000027b8   Section        0  fflti.o(.text)
    .text                                    0x00002816   Section        0  _printf_intcommon.o(.text)
    .text                                    0x000028c8   Section        0  _printf_fp_dec.o(.text)
    _fp_digits                               0x000028cb   Thumb Code   412  _printf_fp_dec.o(.text)
    .text                                    0x00002cdc   Section        0  _printf_char_common.o(.text)
    _printf_input_char                       0x00002cdd   Thumb Code    10  _printf_char_common.o(.text)
    .text                                    0x00002d0c   Section        0  _sputc.o(.text)
    .text                                    0x00002d16   Section        0  _snputc.o(.text)
    .text                                    0x00002d28   Section        0  _printf_char_file.o(.text)
    .text                                    0x00002d50   Section        0  rtudiv10.o(.text)
    .text                                    0x00002d78   Section        0  daddsub.o(.text)
    _dadd1                                   0x00002d79   Thumb Code   286  daddsub.o(.text)
    _dsub1                                   0x00002e97   Thumb Code   462  daddsub.o(.text)
    .text                                    0x000030bc   Section        8  rt_locale_intlibspace.o(.text)
    .text                                    0x000030c4   Section        0  lludiv10.o(.text)
    .text                                    0x00003140   Section        0  _printf_fp_infnan.o(.text)
    .text                                    0x000031c8   Section        0  bigflt0.o(.text)
    .text                                    0x00003294   Section        0  btod.o(.text)
    btod_internal_mul                        0x000032d5   Thumb Code   456  btod.o(.text)
    btod_internal_div                        0x0000349d   Thumb Code   494  btod.o(.text)
    .text                                    0x0000373c   Section        0  dscalbn.o(.text)
    .text                                    0x000037a0   Section        8  libspace.o(.text)
    .text                                    0x000037a8   Section       62  sys_stackheap_outer.o(.text)
    .text                                    0x000037e6   Section        0  exit.o(.text)
    .text                                    0x000037f4   Section        0  strcmp.o(.text)
    i.__ARM_common_ll_muluu                  0x0000387c   Section        0  btod.o(i.__ARM_common_ll_muluu)
    i.__ARM_common_switch8                   0x000038ac   Section        0  system_lpc11xx.o(i.__ARM_common_switch8)
    i.__ARM_fpclassify                       0x000038c8   Section        0  fpclassify.o(i.__ARM_fpclassify)
    i.__kernel_poly                          0x000038f4   Section        0  poly.o(i.__kernel_poly)
    i.__mathlib_dbl_underflow                0x000039a0   Section        0  dunder.o(i.__mathlib_dbl_underflow)
    i._is_digit                              0x000039b4   Section        0  __printf_wp.o(i._is_digit)
    i.atan                                   0x000039c4   Section        0  atan.o(i.atan)
    i.atan2                                  0x00003be4   Section        0  atan2.o(i.atan2)
    locale$$code                             0x00003d5c   Section       44  lc_numeric_c.o(locale$$code)
    x$fpl$fadd                               0x00003d88   Section      140  faddsub.o(x$fpl$fadd)
    _fadd1                                   0x00003d95   Thumb Code     0  faddsub.o(x$fpl$fadd)
    x$fpl$fmul                               0x00003e14   Section      176  fmul.o(x$fpl$fmul)
    x$fpl$frsb                               0x00003ec4   Section       24  faddsub.o(x$fpl$frsb)
    x$fpl$fsub                               0x00003edc   Section      208  faddsub.o(x$fpl$fsub)
    _fsub1                                   0x00003ee9   Thumb Code     0  faddsub.o(x$fpl$fsub)
    x$fpl$printf1                            0x00003fac   Section       16  printf1.o(x$fpl$printf1)
    .constdata                               0x00003fbc   Section      128  ddiv.o(.constdata)
    x$fpl$usenofp                            0x00003fbc   Section        0  usenofp.o(x$fpl$usenofp)
    ddiv_reciptbl                            0x00003fbc   Data         128  ddiv.o(.constdata)
    .constdata                               0x0000403c   Section       64  fdiv.o(.constdata)
    fdiv_tab                                 0x0000403c   Data          64  fdiv.o(.constdata)
    .constdata                               0x00004080   Section      152  atan.o(.constdata)
    atanhi                                   0x00004080   Data          32  atan.o(.constdata)
    atanlo                                   0x000040a0   Data          32  atan.o(.constdata)
    aTodd                                    0x000040c0   Data          40  atan.o(.constdata)
    aTeven                                   0x000040e8   Data          48  atan.o(.constdata)
    .constdata                               0x00004118   Section        8  qnan.o(.constdata)
    .constdata                               0x00004120   Section      148  bigflt0.o(.constdata)
    tenpwrs_x                                0x00004120   Data          60  bigflt0.o(.constdata)
    tenpwrs_i                                0x0000415c   Data          64  bigflt0.o(.constdata)
    locale$$data                             0x000041d4   Section       28  lc_numeric_c.o(locale$$data)
    __lcnum_c_name                           0x000041d8   Data           2  lc_numeric_c.o(locale$$data)
    __lcnum_c_start                          0x000041e0   Data           0  lc_numeric_c.o(locale$$data)
    __lcnum_c_point                          0x000041ec   Data           0  lc_numeric_c.o(locale$$data)
    __lcnum_c_thousands                      0x000041ee   Data           0  lc_numeric_c.o(locale$$data)
    __lcnum_c_grouping                       0x000041ef   Data           0  lc_numeric_c.o(locale$$data)
    __lcnum_c_end                            0x000041f0   Data           0  lc_numeric_c.o(locale$$data)
    .data                                    0x10000000   Section        4  system_lpc11xx.o(.data)
    .data                                    0x10000004   Section       40  main.o(.data)
    .data                                    0x1000002c   Section        4  cpu_lpc1000.o(.data)
    .data                                    0x10000030   Section        8  retarget.o(.data)
    .data                                    0x10000038   Section       24  ssp.o(.data)
    .data                                    0x10000050   Section        8  timer32.o(.data)
    .data                                    0x10000058   Section       10  mpu6050.o(.data)
    .data                                    0x10000064   Section       40  kalman.o(.data)
    .bss                                     0x1000008c   Section      144  main.o(.bss)
    .bss                                     0x1000011c   Section       16  kalman.o(.bss)
    .bss                                     0x1000012c   Section       96  libspace.o(.bss)
    HEAP                                     0x10000190   Section        0  startup_lpc11xx.o(HEAP)
    STACK                                    0x10000190   Section      512  startup_lpc11xx.o(STACK)
    Heap_Mem                                 0x10000190   Data           0  startup_lpc11xx.o(HEAP)
    Stack_Mem                                0x10000190   Data         512  startup_lpc11xx.o(STACK)
    __initial_sp                             0x10000390   Data           0  startup_lpc11xx.o(STACK)

    Global Symbols

    Symbol Name                              Value     Ov Type        Size  Object(Section)

    BuildAttributes$$THM_ISAv3M$S$PE$A:L22$X:L11$S22$IEEE1$IW$USESV6$~STKCKD$USESV7$~SHL$OTIME$ROPI$IEEEX$EBA8$UX$STANDARDLIB$REQ8$PRES8$EABIv2 0x00000000   Number         0  anon$$obj.o ABSOLUTE
    __ARM_use_no_argv                        0x00000000   Number         0  main.o ABSOLUTE
    __Vectors                                0x00000000   Data           4  startup_lpc11xx.o(RESET)
    _printf_flags                            0x00000000   Number         0  printf_stubs.o ABSOLUTE
    _printf_return_value                     0x00000000   Number         0  printf_stubs.o ABSOLUTE
    _printf_sizespec                         0x00000000   Number         0  printf_stubs.o ABSOLUTE
    _printf_widthprec                        0x00000000   Number         0  printf_stubs.o ABSOLUTE
    __ARM_exceptions_init                     - Undefined Weak Reference
    __alloca_initialize                       - Undefined Weak Reference
    __cpp_initialize__aeabi_                  - Undefined Weak Reference
    __cxa_finalize                            - Undefined Weak Reference
    __sigvec_lookup                           - Undefined Weak Reference
    _atexit_init                              - Undefined Weak Reference
    _call_atexit_fns                          - Undefined Weak Reference
    _clock_init                               - Undefined Weak Reference
    _fp_trap_init                             - Undefined Weak Reference
    _fp_trap_shutdown                         - Undefined Weak Reference
    _get_lc_collate                           - Undefined Weak Reference
    _get_lc_ctype                             - Undefined Weak Reference
    _get_lc_monetary                          - Undefined Weak Reference
    _get_lc_time                              - Undefined Weak Reference
    _getenv_init                              - Undefined Weak Reference
    _handle_redirection                       - Undefined Weak Reference
    _init_alloc                               - Undefined Weak Reference
    _init_user_alloc                          - Undefined Weak Reference
    _initio                                   - Undefined Weak Reference
    _printf_post_padding                      - Undefined Weak Reference
    _printf_pre_padding                       - Undefined Weak Reference
    _printf_truncate_signed                   - Undefined Weak Reference
    _printf_truncate_unsigned                 - Undefined Weak Reference
    _rand_init                                - Undefined Weak Reference
    _signal_finish                            - Undefined Weak Reference
    _signal_init                              - Undefined Weak Reference
    _terminate_alloc                          - Undefined Weak Reference
    _terminate_user_alloc                     - Undefined Weak Reference
    _terminateio                              - Undefined Weak Reference
    __main                                   0x000000c1   Thumb Code     8  __main.o(!!!main)
    __scatterload                            0x000000c9   Thumb Code     0  __scatter.o(!!!scatter)
    __scatterload_rt2                        0x000000c9   Thumb Code    52  __scatter.o(!!!scatter)
    __scatterload_rt2_thumb_only             0x000000c9   Thumb Code     0  __scatter.o(!!!scatter)
    __scatterload_null                       0x000000d9   Thumb Code     0  __scatter.o(!!!scatter)
    __scatterload_copy                       0x00000105   Thumb Code    26  __scatter_copy.o(!!handler_copy)
    __scatterload_zeroinit                   0x00000121   Thumb Code    28  __scatter_zi.o(!!handler_zi)
    _printf_percent                          0x0000013d   Thumb Code     0  _printf_percent.o(.ARM.Collect$$_printf_percent$$00000000)
    _printf_f                                0x0000013f   Thumb Code     0  _printf_f.o(.ARM.Collect$$_printf_percent$$00000003)
    _printf_d                                0x00000149   Thumb Code     0  _printf_d.o(.ARM.Collect$$_printf_percent$$00000009)
    _printf_percent_end                      0x00000153   Thumb Code     0  _printf_percent_end.o(.ARM.Collect$$_printf_percent$$00000017)
    __rt_lib_init                            0x00000157   Thumb Code     0  libinit.o(.ARM.Collect$$libinit$$00000000)
    __rt_lib_init_heap_1                     0x0000015d   Thumb Code     0  libinit2.o(.ARM.Collect$$libinit$$00000006)
    __rt_lib_init_lc_common                  0x0000015d   Thumb Code     0  libinit2.o(.ARM.Collect$$libinit$$0000000B)
    __rt_lib_init_rand_1                     0x0000015d   Thumb Code     0  libinit2.o(.ARM.Collect$$libinit$$0000000A)
    __rt_lib_init_user_alloc_1               0x0000015d   Thumb Code     0  libinit2.o(.ARM.Collect$$libinit$$00000008)
    __rt_lib_init_lc_collate_1               0x00000163   Thumb Code     0  libinit2.o(.ARM.Collect$$libinit$$0000000D)
    __rt_lib_init_lc_ctype_1                 0x00000163   Thumb Code     0  libinit2.o(.ARM.Collect$$libinit$$0000000F)
    __rt_lib_init_lc_monetary_1              0x00000163   Thumb Code     0  libinit2.o(.ARM.Collect$$libinit$$00000011)
    __rt_lib_init_lc_numeric_2               0x00000163   Thumb Code     0  libinit2.o(.ARM.Collect$$libinit$$00000012)
    __rt_lib_init_alloca_1                   0x0000016d   Thumb Code     0  libinit2.o(.ARM.Collect$$libinit$$0000002A)
    __rt_lib_init_argv_1                     0x0000016d   Thumb Code     0  libinit2.o(.ARM.Collect$$libinit$$00000028)
    __rt_lib_init_atexit_1                   0x0000016d   Thumb Code     0  libinit2.o(.ARM.Collect$$libinit$$00000017)
    __rt_lib_init_clock_1                    0x0000016d   Thumb Code     0  libinit2.o(.ARM.Collect$$libinit$$0000001D)
    __rt_lib_init_cpp_1                      0x0000016d   Thumb Code     0  libinit2.o(.ARM.Collect$$libinit$$0000002E)
    __rt_lib_init_exceptions_1               0x0000016d   Thumb Code     0  libinit2.o(.ARM.Collect$$libinit$$0000002C)
    __rt_lib_init_fp_trap_1                  0x0000016d   Thumb Code     0  libinit2.o(.ARM.Collect$$libinit$$0000001B)
    __rt_lib_init_getenv_1                   0x0000016d   Thumb Code     0  libinit2.o(.ARM.Collect$$libinit$$0000001F)
    __rt_lib_init_lc_numeric_1               0x0000016d   Thumb Code     0  libinit2.o(.ARM.Collect$$libinit$$00000013)
    __rt_lib_init_lc_time_1                  0x0000016d   Thumb Code     0  libinit2.o(.ARM.Collect$$libinit$$00000015)
    __rt_lib_init_return                     0x0000016d   Thumb Code     0  libinit2.o(.ARM.Collect$$libinit$$0000002F)
    __rt_lib_init_signal_1                   0x0000016d   Thumb Code     0  libinit2.o(.ARM.Collect$$libinit$$00000019)
    __rt_lib_init_stdio_1                    0x0000016d   Thumb Code     0  libinit2.o(.ARM.Collect$$libinit$$00000021)
    __rt_lib_shutdown                        0x0000016f   Thumb Code     0  libshutdown.o(.ARM.Collect$$libshutdown$$00000000)
    __rt_lib_shutdown_fp_trap_1              0x00000171   Thumb Code     0  libshutdown2.o(.ARM.Collect$$libshutdown$$00000006)
    __rt_lib_shutdown_heap_1                 0x00000171   Thumb Code     0  libshutdown2.o(.ARM.Collect$$libshutdown$$0000000E)
    __rt_lib_shutdown_return                 0x00000171   Thumb Code     0  libshutdown2.o(.ARM.Collect$$libshutdown$$0000000F)
    __rt_lib_shutdown_signal_1               0x00000171   Thumb Code     0  libshutdown2.o(.ARM.Collect$$libshutdown$$00000009)
    __rt_lib_shutdown_stdio_1                0x00000171   Thumb Code     0  libshutdown2.o(.ARM.Collect$$libshutdown$$00000003)
    __rt_lib_shutdown_user_alloc_1           0x00000171   Thumb Code     0  libshutdown2.o(.ARM.Collect$$libshutdown$$0000000B)
    __rt_entry                               0x00000173   Thumb Code     0  rtentry.o(.ARM.Collect$$rtentry$$00000000)
    __rt_entry_presh_1                       0x00000173   Thumb Code     0  rtentry2.o(.ARM.Collect$$rtentry$$00000002)
    __rt_entry_sh                            0x00000173   Thumb Code     0  rtentry4.o(.ARM.Collect$$rtentry$$00000004)
    __rt_entry_li                            0x00000179   Thumb Code     0  rtentry2.o(.ARM.Collect$$rtentry$$0000000A)
    __rt_entry_postsh_1                      0x00000179   Thumb Code     0  rtentry2.o(.ARM.Collect$$rtentry$$00000009)
    __rt_entry_main                          0x0000017d   Thumb Code     0  rtentry2.o(.ARM.Collect$$rtentry$$0000000D)
    __rt_entry_postli_1                      0x0000017d   Thumb Code     0  rtentry2.o(.ARM.Collect$$rtentry$$0000000C)
    __rt_exit                                0x00000185   Thumb Code     0  rtexit.o(.ARM.Collect$$rtexit$$00000000)
    __rt_exit_ls                             0x00000187   Thumb Code     0  rtexit2.o(.ARM.Collect$$rtexit$$00000003)
    __rt_exit_prels_1                        0x00000187   Thumb Code     0  rtexit2.o(.ARM.Collect$$rtexit$$00000002)
    __rt_exit_exit                           0x0000018b   Thumb Code     0  rtexit2.o(.ARM.Collect$$rtexit$$00000004)
    Reset_Handler                            0x00000191   Thumb Code     8  startup_lpc11xx.o(.text)
    NMI_Handler                              0x00000199   Thumb Code     2  startup_lpc11xx.o(.text)
    HardFault_Handler                        0x0000019b   Thumb Code     2  startup_lpc11xx.o(.text)
    SVC_Handler                              0x0000019d   Thumb Code     2  startup_lpc11xx.o(.text)
    PendSV_Handler                           0x0000019f   Thumb Code     2  startup_lpc11xx.o(.text)
    SysTick_Handler                          0x000001a1   Thumb Code     2  startup_lpc11xx.o(.text)
    ADC_IRQHandler                           0x000001a3   Thumb Code     0  startup_lpc11xx.o(.text)
    BOD_IRQHandler                           0x000001a3   Thumb Code     0  startup_lpc11xx.o(.text)
    CAN_IRQHandler                           0x000001a3   Thumb Code     0  startup_lpc11xx.o(.text)
    FMC_IRQHandler                           0x000001a3   Thumb Code     0  startup_lpc11xx.o(.text)
    PIOINT0_IRQHandler                       0x000001a3   Thumb Code     0  startup_lpc11xx.o(.text)
    PIOINT2_IRQHandler                       0x000001a3   Thumb Code     0  startup_lpc11xx.o(.text)
    PIOINT3_IRQHandler                       0x000001a3   Thumb Code     0  startup_lpc11xx.o(.text)
    TIMER16_0_IRQHandler                     0x000001a3   Thumb Code     0  startup_lpc11xx.o(.text)
    TIMER16_1_IRQHandler                     0x000001a3   Thumb Code     0  startup_lpc11xx.o(.text)
    TIMER32_0_IRQHandler                     0x000001a3   Thumb Code     0  startup_lpc11xx.o(.text)
    TIMER32_1_IRQHandler                     0x000001a3   Thumb Code     0  startup_lpc11xx.o(.text)
    UART_IRQHandler                          0x000001a3   Thumb Code     0  startup_lpc11xx.o(.text)
    USB_FIQHandler                           0x000001a3   Thumb Code     0  startup_lpc11xx.o(.text)
    USB_IRQHandler                           0x000001a3   Thumb Code     0  startup_lpc11xx.o(.text)
    WAKEUP_IRQHandler                        0x000001a3   Thumb Code     0  startup_lpc11xx.o(.text)
    WDT_IRQHandler                           0x000001a3   Thumb Code     0  startup_lpc11xx.o(.text)
    __user_initial_stackheap                 0x000001a5   Thumb Code     0  startup_lpc11xx.o(.text)
    Delay_Init                               0x000001c5   Thumb Code    54  cpu_lpc1000.o(.text)
    Delay_us                                 0x000001fb   Thumb Code    18  cpu_lpc1000.o(.text)
    SPI                                      0x0000020d   Thumb Code    42  cpu_lpc1000.o(.text)
    fputc                                    0x000002c5   Thumb Code    14  retarget.o(.text)
    fgetc                                    0x000002d3   Thumb Code    10  retarget.o(.text)
    ferror                                   0x000002dd   Thumb Code     8  retarget.o(.text)
    _ttywrch                                 0x000002e5   Thumb Code    12  retarget.o(.text)
    _sys_exit                                0x000002f1   Thumb Code     4  retarget.o(.text)
    __I$use$semihosting                      0x000002f5   Thumb Code     0  use_no_semi.o(.text)
    __use_no_semihosting_swi                 0x000002f5   Thumb Code     2  use_no_semi.o(.text)
    __use_two_region_memory                  0x000002f7   Thumb Code     2  heapauxi.o(.text)
    __rt_heap_escrow$2region                 0x000002f9   Thumb Code     2  heapauxi.o(.text)
    __rt_heap_expand$2region                 0x000002fb   Thumb Code     2  heapauxi.o(.text)
    SystemCoreClockUpdate                    0x00000301   Thumb Code   358  system_lpc11xx.o(.text)
    SystemInit                               0x00000467   Thumb Code   108  system_lpc11xx.o(.text)
    I2C_IRQHandler                           0x00000521   Thumb Code   426  main.o(.text)
    I2CStart                                 0x000006cb   Thumb Code    40  main.o(.text)
    I2CStop                                  0x000006f3   Thumb Code    28  main.o(.text)
    I2CInit                                  0x0000070f   Thumb Code   118  main.o(.text)
    I2CEngine                                0x00000785   Thumb Code    74  main.o(.text)
    NRF24L01_Receive                         0x000007cf   Thumb Code    56  main.o(.text)
    NRF24L01_Send                            0x00000807   Thumb Code    36  main.o(.text)
    PIOINT1_IRQHandler                       0x0000082b   Thumb Code    54  main.o(.text)
    Led_Blink                                0x00000861   Thumb Code    36  main.o(.text)
    main                                     0x00000885   Thumb Code   566  main.o(.text)
    NRF24L01_ReadReg                         0x00000b01   Thumb Code    38  nrf24l01.o(.text)
    NRF24L01_WriteReg                        0x00000b27   Thumb Code    40  nrf24l01.o(.text)
    NRF24L01_ReadRegBuf                      0x00000b4f   Thumb Code    54  nrf24l01.o(.text)
    NRF24L01_WriteRegBuf                     0x00000b85   Thumb Code    52  nrf24l01.o(.text)
    NRF24L01_DRint_Init                      0x00000bb9   Thumb Code    84  nrf24l01.o(.text)
    NRF24L01_Get_Status                      0x00000c0d   Thumb Code    30  nrf24l01.o(.text)
    NRF24L01_Get_CD                          0x00000c2b   Thumb Code    14  nrf24l01.o(.text)
    NRF24L01_Set_Power                       0x00000c39   Thumb Code    30  nrf24l01.o(.text)
    NRF24L01_Set_CH                          0x00000c57   Thumb Code    16  nrf24l01.o(.text)
    NRF24L01_Set_ShockBurst                  0x00000c67   Thumb Code    22  nrf24l01.o(.text)
    NRF24L01_Set_Address_Width               0x00000c7d   Thumb Code    20  nrf24l01.o(.text)
    NRF24L01_Set_Device_Mode                 0x00000c91   Thumb Code    30  nrf24l01.o(.text)
    NRF24L01_Set_RX_Pipe                     0x00000caf   Thumb Code    70  nrf24l01.o(.text)
    NRF24L01_Disable_All_Pipes               0x00000cf5   Thumb Code    12  nrf24l01.o(.text)
    NRF24L01_Clear_Interrupts                0x00000d01   Thumb Code    12  nrf24l01.o(.text)
    NRF24L01_Set_TX_Address                  0x00000d0d   Thumb Code    18  nrf24l01.o(.text)
    NRF24L01_Flush_TX                        0x00000d1f   Thumb Code    26  nrf24l01.o(.text)
    NRF24L01_Flush_RX                        0x00000d39   Thumb Code    26  nrf24l01.o(.text)
    NRF24L01_Init                            0x00000d53   Thumb Code   100  nrf24l01.o(.text)
    NRF24L01_RF_TX                           0x00000db7   Thumb Code    42  nrf24l01.o(.text)
    NRF24L01_Write_TX_Buf                    0x00000de1   Thumb Code    18  nrf24l01.o(.text)
    NRF24L01_Read_RX_Buf                     0x00000df3   Thumb Code    18  nrf24l01.o(.text)
    SSP0_IRQHandler                          0x00000e11   Thumb Code    66  ssp.o(.text)
    SSP1_IRQHandler                          0x00000e53   Thumb Code    66  ssp.o(.text)
    SSP_IOConfig                             0x00000e95   Thumb Code   334  ssp.o(.text)
    SSP_Init                                 0x00000fe3   Thumb Code   102  ssp.o(.text)
    SSP_Send                                 0x00001049   Thumb Code   106  ssp.o(.text)
    SSP_Receive                              0x000010b3   Thumb Code    76  ssp.o(.text)
    reset_timer32                            0x00001149   Thumb Code    38  timer32.o(.text)
    init_timer32                             0x0000116f   Thumb Code    64  timer32.o(.text)
    delay32Us                                0x000011af   Thumb Code    76  timer32.o(.text)
    delay32Ms                                0x000011fb   Thumb Code    76  timer32.o(.text)
    enable_timer32                           0x00001247   Thumb Code    24  timer32.o(.text)
    disable_timer32                          0x0000125f   Thumb Code    24  timer32.o(.text)
    read_timer32                             0x00001277   Thumb Code    22  timer32.o(.text)
    init_timer32PWM                          0x0000128d   Thumb Code   402  timer32.o(.text)
    setMatch_timer32PWM                      0x0000141f   Thumb Code    98  timer32.o(.text)
    SER_init                                 0x0000149d   Thumb Code    62  serial.o(.text)
    sendchar                                 0x000014db   Thumb Code    18  serial.o(.text)
    getkey                                   0x000014ed   Thumb Code    18  serial.o(.text)
    configureGPIO                            0x000014ff   Thumb Code    74  serial.o(.text)
    clearBuffer                              0x00001559   Thumb Code    18  mpu6050.o(.text)
    MPU6050_init                             0x0000156b   Thumb Code   210  mpu6050.o(.text)
    MPU6050_whoami                           0x0000163d   Thumb Code    58  mpu6050.o(.text)
    MPU6050_getGyroRoll_raw                  0x00001677   Thumb Code    64  mpu6050.o(.text)
    MPU6050_setZero                          0x000016b7   Thumb Code    36  mpu6050.o(.text)
    MPU6050_getGyroRoll_degree               0x000016db   Thumb Code    36  mpu6050.o(.text)
    MPU6050_getGyroRoll_rad                  0x000016ff   Thumb Code    60  mpu6050.o(.text)
    MPU6050_getAccel_x_raw                   0x0000173b   Thumb Code    82  mpu6050.o(.text)
    MPU6050_getAccel_x                       0x0000178d   Thumb Code    30  mpu6050.o(.text)
    MPU6050_getAccel_z_raw                   0x000017ab   Thumb Code    82  mpu6050.o(.text)
    MPU6050_getAccel_z                       0x000017fd   Thumb Code    30  mpu6050.o(.text)
    kalman_init                              0x00001849   Thumb Code    40  kalman.o(.text)
    kalman_update                            0x00001871   Thumb Code   432  kalman.o(.text)
    __2printf                                0x00001a55   Thumb Code    22  noretval__2printf.o(.text)
    __2snprintf                              0x00001a71   Thumb Code    50  noretval__2snprintf.o(.text)
    _printf_int_dec                          0x00001aa9   Thumb Code    90  _printf_dec.o(.text)
    __printf                                 0x00001b15   Thumb Code   272  __printf_wp.o(.text)
    strncmp                                  0x00001c25   Thumb Code   154  strncmp.o(.text)
    __aeabi_uidiv                            0x00001cc5   Thumb Code     0  aeabi_sdiv.o(.text)
    __aeabi_uidivmod                         0x00001cc5   Thumb Code    20  aeabi_sdiv.o(.text)
    __aeabi_idiv                             0x00001cd9   Thumb Code     0  aeabi_sdiv.o(.text)
    __aeabi_idivmod                          0x00001cd9   Thumb Code   326  aeabi_sdiv.o(.text)
    __aeabi_d2f                              0x00001e21   Thumb Code     0  d2f.o(.text)
    _d2f                                     0x00001e21   Thumb Code   120  d2f.o(.text)
    __aeabi_ddiv                             0x00001e9d   Thumb Code     0  ddiv.o(.text)
    _ddiv                                    0x00001e9d   Thumb Code  1050  ddiv.o(.text)
    _drdiv                                   0x000022b7   Thumb Code    20  ddiv.o(.text)
    __aeabi_i2d_normalise                    0x000022d5   Thumb Code    64  dflti.o(.text)
    __aeabi_i2d                              0x00002315   Thumb Code    16  dflti.o(.text)
    _dflt                                    0x00002315   Thumb Code     0  dflti.o(.text)
    __aeabi_ui2d                             0x00002325   Thumb Code     6  dflti.o(.text)
    _dfltu                                   0x00002325   Thumb Code     0  dflti.o(.text)
    __aeabi_dmul                             0x0000232d   Thumb Code     0  dmul.o(.text)
    _dmul                                    0x0000232d   Thumb Code   634  dmul.o(.text)
    __aeabi_f2d                              0x000025bd   Thumb Code     0  f2d.o(.text)
    _f2d                                     0x000025bd   Thumb Code    74  f2d.o(.text)
    __aeabi_fdiv                             0x0000260d   Thumb Code     0  fdiv.o(.text)
    _fdiv                                    0x0000260d   Thumb Code   336  fdiv.o(.text)
    _frdiv                                   0x0000275d   Thumb Code     8  fdiv.o(.text)
    __aeabi_f2iz                             0x0000276d   Thumb Code     0  ffixi.o(.text)
    _ffix                                    0x0000276d   Thumb Code    76  ffixi.o(.text)
    __aeabi_i2f_normalise                    0x000027b9   Thumb Code    72  fflti.o(.text)
    __aeabi_i2f                              0x00002801   Thumb Code    16  fflti.o(.text)
    _fflt                                    0x00002801   Thumb Code     0  fflti.o(.text)
    __aeabi_ui2f                             0x00002811   Thumb Code     6  fflti.o(.text)
    _ffltu                                   0x00002811   Thumb Code     0  fflti.o(.text)
    _printf_int_common                       0x00002817   Thumb Code   176  _printf_intcommon.o(.text)
    __lib_sel_fp_printf                      0x000028c9   Thumb Code     2  _printf_fp_dec.o(.text)
    _printf_fp_dec_real                      0x00002a67   Thumb Code   618  _printf_fp_dec.o(.text)
    _printf_char_common                      0x00002ce7   Thumb Code    32  _printf_char_common.o(.text)
    _sputc                                   0x00002d0d   Thumb Code    10  _sputc.o(.text)
    _snputc                                  0x00002d17   Thumb Code    16  _snputc.o(.text)
    _printf_char_file                        0x00002d29   Thumb Code    34  _printf_char_file.o(.text)
    __rt_udiv10                              0x00002d51   Thumb Code    40  rtudiv10.o(.text)
    __aeabi_dadd                             0x00003065   Thumb Code     0  daddsub.o(.text)
    _dadd                                    0x00003065   Thumb Code    22  daddsub.o(.text)
    __aeabi_dsub                             0x0000307b   Thumb Code     0  daddsub.o(.text)
    _dsub                                    0x0000307b   Thumb Code    22  daddsub.o(.text)
    __aeabi_drsub                            0x00003091   Thumb Code     0  daddsub.o(.text)
    _drsb                                    0x00003091   Thumb Code    24  daddsub.o(.text)
    __rt_locale                              0x000030bd   Thumb Code     8  rt_locale_intlibspace.o(.text)
    _ll_udiv10                               0x000030c5   Thumb Code   122  lludiv10.o(.text)
    _printf_fp_infnan                        0x00003141   Thumb Code   120  _printf_fp_infnan.o(.text)
    _btod_etento                             0x000031c9   Thumb Code   200  bigflt0.o(.text)
    _btod_d2e                                0x00003295   Thumb Code    64  btod.o(.text)
    _btod_emul                               0x0000368b   Thumb Code    24  btod.o(.text)
    _btod_emuld                              0x000036a3   Thumb Code    60  btod.o(.text)
    _btod_ediv                               0x000036df   Thumb Code    22  btod.o(.text)
    _btod_edivd                              0x000036f5   Thumb Code    60  btod.o(.text)
    __ARM_scalbn                             0x0000373d   Thumb Code    86  dscalbn.o(.text)
    __user_libspace                          0x000037a1   Thumb Code     8  libspace.o(.text)
    __user_perproc_libspace                  0x000037a1   Thumb Code     0  libspace.o(.text)
    __user_perthread_libspace                0x000037a1   Thumb Code     0  libspace.o(.text)
    __user_setup_stackheap                   0x000037a9   Thumb Code    62  sys_stackheap_outer.o(.text)
    exit                                     0x000037e7   Thumb Code    12  exit.o(.text)
    strcmp                                   0x000037f5   Thumb Code   132  strcmp.o(.text)
    __ARM_common_ll_muluu                    0x0000387d   Thumb Code    48  btod.o(i.__ARM_common_ll_muluu)
    __ARM_common_switch8                     0x000038ad   Thumb Code    28  system_lpc11xx.o(i.__ARM_common_switch8)
    __ARM_fpclassify                         0x000038c9   Thumb Code    38  fpclassify.o(i.__ARM_fpclassify)
    __kernel_poly                            0x000038f5   Thumb Code   172  poly.o(i.__kernel_poly)
    __mathlib_dbl_underflow                  0x000039a1   Thumb Code    14  dunder.o(i.__mathlib_dbl_underflow)
    _is_digit                                0x000039b5   Thumb Code    14  __printf_wp.o(i._is_digit)
    atan                                     0x000039c5   Thumb Code   474  atan.o(i.atan)
    atan2                                    0x00003be5   Thumb Code   336  atan2.o(i.atan2)
    _get_lc_numeric                          0x00003d5d   Thumb Code    44  lc_numeric_c.o(locale$$code)
    __aeabi_fadd                             0x00003d89   Thumb Code     0  faddsub.o(x$fpl$fadd)
    _fadd                                    0x00003d89   Thumb Code   134  faddsub.o(x$fpl$fadd)
    __aeabi_fmul                             0x00003e15   Thumb Code     0  fmul.o(x$fpl$fmul)
    _fmul                                    0x00003e15   Thumb Code   172  fmul.o(x$fpl$fmul)
    __aeabi_frsub                            0x00003ec5   Thumb Code     0  faddsub.o(x$fpl$frsb)
    _frsb                                    0x00003ec5   Thumb Code    24  faddsub.o(x$fpl$frsb)
    __aeabi_fsub                             0x00003edd   Thumb Code     0  faddsub.o(x$fpl$fsub)
    _fsub                                    0x00003edd   Thumb Code   204  faddsub.o(x$fpl$fsub)
    _printf_fp_dec                           0x00003fad   Thumb Code    16  printf1.o(x$fpl$printf1)
    __I$use$fp                               0x00003fbd   Thumb Code     0  usenofp.o(x$fpl$usenofp)
    __mathlib_zero                           0x00004118   Data           8  qnan.o(.constdata)
    Region$$Table$$Base                      0x000041b4   Number         0  anon$$obj.o(Region$$Table)
    Region$$Table$$Limit                     0x000041d4   Number         0  anon$$obj.o(Region$$Table)
    SystemCoreClock                          0x10000000   Data           4  system_lpc11xx.o(.data)
    I2CMasterState                           0x10000004   Data           4  main.o(.data)
    I2CSlaveState                            0x10000008   Data           4  main.o(.data)
    timeout                                  0x1000000c   Data           4  main.o(.data)
    I2CCount                                 0x10000010   Data           4  main.o(.data)
    RdIndex                                  0x10000014   Data           4  main.o(.data)
    WrIndex                                  0x10000018   Data           4  main.o(.data)
    MPU_Request                              0x1000001c   Data           1  main.o(.data)
    I2CMode                                  0x10000020   Data           4  main.o(.data)
    I2CReadLength                            0x10000024   Data           4  main.o(.data)
    I2CWriteLength                           0x10000028   Data           4  main.o(.data)
    usTicks                                  0x1000002c   Data           4  cpu_lpc1000.o(.data)
    __stdout                                 0x10000030   Data           4  retarget.o(.data)
    __stdin                                  0x10000034   Data           4  retarget.o(.data)
    interruptRxStat0                         0x10000038   Data           4  ssp.o(.data)
    interruptOverRunStat0                    0x1000003c   Data           4  ssp.o(.data)
    interruptRxTimeoutStat0                  0x10000040   Data           4  ssp.o(.data)
    interruptRxStat1                         0x10000044   Data           4  ssp.o(.data)
    interruptOverRunStat1                    0x10000048   Data           4  ssp.o(.data)
    interruptRxTimeoutStat1                  0x1000004c   Data           4  ssp.o(.data)
    timer32_0_period                         0x10000050   Data           4  timer32.o(.data)
    timer32_1_period                         0x10000054   Data           4  timer32.o(.data)
    zero_acc_x                               0x10000058   Data           4  mpu6050.o(.data)
    zero_acc_z                               0x1000005c   Data           4  mpu6050.o(.data)
    zero_gyro_roll                           0x10000060   Data           2  mpu6050.o(.data)
    Q_angle                                  0x10000064   Data           4  kalman.o(.data)
    Q_bias                                   0x10000068   Data           4  kalman.o(.data)
    R_measure                                0x1000006c   Data           4  kalman.o(.data)
    angle                                    0x10000070   Data           4  kalman.o(.data)
    bias                                     0x10000074   Data           4  kalman.o(.data)
    rate                                     0x10000078   Data           4  kalman.o(.data)
    K                                        0x1000007c   Data           8  kalman.o(.data)
    y                                        0x10000084   Data           4  kalman.o(.data)
    S                                        0x10000088   Data           4  kalman.o(.data)
    Buf                                      0x1000008c   Data          16  main.o(.bss)
    I2CMasterBuffer                          0x1000009c   Data          64  main.o(.bss)
    I2CSlaveBuffer                           0x100000dc   Data          64  main.o(.bss)
    P                                        0x1000011c   Data          16  kalman.o(.bss)
    __libspace_start                         0x1000012c   Data          96  libspace.o(.bss)
    __temporary_stack_top$libspace           0x1000018c   Data           0  libspace.o(.bss)



==============================================================================

Memory Map of the image

  Image Entry point : 0x00000191

  Load Region LR_1 (Base: 0x00000000, Size: 0x0000427c, Max: 0xffffffff, ABSOLUTE)

    Execution Region ER_RO (Base: 0x00000000, Size: 0x000041f0, Max: 0xffffffff, ABSOLUTE)

    Base Addr    Size         Type   Attr      Idx    E Section Name        Object

    0x00000000   0x000000c0   Data   RO           49    RESET               startup_lpc11xx.o
    0x000000c0   0x00000008   Code   RO          545  * !!!main             c_p.l(__main.o)
    0x000000c8   0x0000003c   Code   RO          808    !!!scatter          c_p.l(__scatter.o)
    0x00000104   0x0000001a   Code   RO          810    !!handler_copy      c_p.l(__scatter_copy.o)
    0x0000011e   0x00000002   PAD
    0x00000120   0x0000001c   Code   RO          812    !!handler_zi        c_p.l(__scatter_zi.o)
    0x0000013c   0x00000002   Code   RO          536    .ARM.Collect$$_printf_percent$$00000000  c_p.l(_printf_percent.o)
    0x0000013e   0x0000000a   Code   RO          535    .ARM.Collect$$_printf_percent$$00000003  c_p.l(_printf_f.o)
    0x00000148   0x0000000a   Code   RO          534    .ARM.Collect$$_printf_percent$$00000009  c_p.l(_printf_d.o)
    0x00000152   0x00000004   Code   RO          602    .ARM.Collect$$_printf_percent$$00000017  c_p.l(_printf_percent_end.o)
    0x00000156   0x00000006   Code   RO          691    .ARM.Collect$$libinit$$00000000  c_p.l(libinit.o)
    0x0000015c   0x00000000   Code   RO          694    .ARM.Collect$$libinit$$00000006  c_p.l(libinit2.o)
    0x0000015c   0x00000000   Code   RO          696    .ARM.Collect$$libinit$$00000008  c_p.l(libinit2.o)
    0x0000015c   0x00000000   Code   RO          698    .ARM.Collect$$libinit$$0000000A  c_p.l(libinit2.o)
    0x0000015c   0x00000006   Code   RO          699    .ARM.Collect$$libinit$$0000000B  c_p.l(libinit2.o)
    0x00000162   0x00000000   Code   RO          701    .ARM.Collect$$libinit$$0000000D  c_p.l(libinit2.o)
    0x00000162   0x00000000   Code   RO          703    .ARM.Collect$$libinit$$0000000F  c_p.l(libinit2.o)
    0x00000162   0x00000000   Code   RO          705    .ARM.Collect$$libinit$$00000011  c_p.l(libinit2.o)
    0x00000162   0x0000000a   Code   RO          706    .ARM.Collect$$libinit$$00000012  c_p.l(libinit2.o)
    0x0000016c   0x00000000   Code   RO          707    .ARM.Collect$$libinit$$00000013  c_p.l(libinit2.o)
    0x0000016c   0x00000000   Code   RO          709    .ARM.Collect$$libinit$$00000015  c_p.l(libinit2.o)
    0x0000016c   0x00000000   Code   RO          711    .ARM.Collect$$libinit$$00000017  c_p.l(libinit2.o)
    0x0000016c   0x00000000   Code   RO          713    .ARM.Collect$$libinit$$00000019  c_p.l(libinit2.o)
    0x0000016c   0x00000000   Code   RO          715    .ARM.Collect$$libinit$$0000001B  c_p.l(libinit2.o)
    0x0000016c   0x00000000   Code   RO          717    .ARM.Collect$$libinit$$0000001D  c_p.l(libinit2.o)
    0x0000016c   0x00000000   Code   RO          719    .ARM.Collect$$libinit$$0000001F  c_p.l(libinit2.o)
    0x0000016c   0x00000000   Code   RO          721    .ARM.Collect$$libinit$$00000021  c_p.l(libinit2.o)
    0x0000016c   0x00000000   Code   RO          725    .ARM.Collect$$libinit$$00000028  c_p.l(libinit2.o)
    0x0000016c   0x00000000   Code   RO          727    .ARM.Collect$$libinit$$0000002A  c_p.l(libinit2.o)
    0x0000016c   0x00000000   Code   RO          729    .ARM.Collect$$libinit$$0000002C  c_p.l(libinit2.o)
    0x0000016c   0x00000000   Code   RO          731    .ARM.Collect$$libinit$$0000002E  c_p.l(libinit2.o)
    0x0000016c   0x00000002   Code   RO          732    .ARM.Collect$$libinit$$0000002F  c_p.l(libinit2.o)
    0x0000016e   0x00000002   Code   RO          773    .ARM.Collect$$libshutdown$$00000000  c_p.l(libshutdown.o)
    0x00000170   0x00000000   Code   RO          793    .ARM.Collect$$libshutdown$$00000003  c_p.l(libshutdown2.o)
    0x00000170   0x00000000   Code   RO          796    .ARM.Collect$$libshutdown$$00000006  c_p.l(libshutdown2.o)
    0x00000170   0x00000000   Code   RO          799    .ARM.Collect$$libshutdown$$00000009  c_p.l(libshutdown2.o)
    0x00000170   0x00000000   Code   RO          801    .ARM.Collect$$libshutdown$$0000000B  c_p.l(libshutdown2.o)
    0x00000170   0x00000000   Code   RO          804    .ARM.Collect$$libshutdown$$0000000E  c_p.l(libshutdown2.o)
    0x00000170   0x00000002   Code   RO          805    .ARM.Collect$$libshutdown$$0000000F  c_p.l(libshutdown2.o)
    0x00000172   0x00000000   Code   RO          583    .ARM.Collect$$rtentry$$00000000  c_p.l(rtentry.o)
    0x00000172   0x00000000   Code   RO          620    .ARM.Collect$$rtentry$$00000002  c_p.l(rtentry2.o)
    0x00000172   0x00000006   Code   RO          632    .ARM.Collect$$rtentry$$00000004  c_p.l(rtentry4.o)
    0x00000178   0x00000000   Code   RO          622    .ARM.Collect$$rtentry$$00000009  c_p.l(rtentry2.o)
    0x00000178   0x00000004   Code   RO          623    .ARM.Collect$$rtentry$$0000000A  c_p.l(rtentry2.o)
    0x0000017c   0x00000000   Code   RO          625    .ARM.Collect$$rtentry$$0000000C  c_p.l(rtentry2.o)
    0x0000017c   0x00000008   Code   RO          626    .ARM.Collect$$rtentry$$0000000D  c_p.l(rtentry2.o)
    0x00000184   0x00000002   Code   RO          734    .ARM.Collect$$rtexit$$00000000  c_p.l(rtexit.o)
    0x00000186   0x00000000   Code   RO          747    .ARM.Collect$$rtexit$$00000002  c_p.l(rtexit2.o)
    0x00000186   0x00000004   Code   RO          748    .ARM.Collect$$rtexit$$00000003  c_p.l(rtexit2.o)
    0x0000018a   0x00000006   Code   RO          749    .ARM.Collect$$rtexit$$00000004  c_p.l(rtexit2.o)
    0x00000190   0x00000034   Code   RO           51  * .text               startup_lpc11xx.o
    0x000001c4   0x00000100   Code   RO          137    .text               cpu_lpc1000.o
    0x000002c4   0x00000030   Code   RO          184    .text               retarget.o
    0x000002f4   0x00000002   Code   RO          500    .text               c_p.l(use_no_semi.o)
    0x000002f6   0x00000006   Code   RO          543    .text               c_p.l(heapauxi.o)
    0x000002fc   0x00000004   Code   RO           50    .ARM.__at_0x02FC    startup_lpc11xx.o
    0x00000300   0x00000220   Code   RO            3    .text               system_lpc11xx.o
    0x00000520   0x000005e0   Code   RO           59    .text               main.o
    0x00000b00   0x00000310   Code   RO          163    .text               nrf24l01.o
    0x00000e10   0x00000338   Code   RO          351    .text               ssp.o
    0x00001148   0x00000354   Code   RO          391    .text               timer32.o
    0x0000149c   0x000000bc   Code   RO          445    .text               serial.o
    0x00001558   0x000002f0   Code   RO          463    .text               mpu6050.o
    0x00001848   0x0000020c   Code   RO          482    .text               kalman.o
    0x00001a54   0x0000001c   Code   RO          506    .text               c_p.l(noretval__2printf.o)
    0x00001a70   0x00000038   Code   RO          508    .text               c_p.l(noretval__2snprintf.o)
    0x00001aa8   0x0000006c   Code   RO          512    .text               c_p.l(_printf_dec.o)
    0x00001b14   0x00000110   Code   RO          522    .text               c_p.l(__printf_wp.o)
    0x00001c24   0x000000a0   Code   RO          537    .text               c_p.l(strncmp.o)
    0x00001cc4   0x0000015a   Code   RO          539    .text               c_p.l(aeabi_sdiv.o)
    0x00001e1e   0x00000002   PAD
    0x00001e20   0x0000007c   Code   RO          547    .text               fz_ps.l(d2f.o)
    0x00001e9c   0x00000438   Code   RO          549    .text               fz_ps.l(ddiv.o)
    0x000022d4   0x00000056   Code   RO          552    .text               fz_ps.l(dflti.o)
    0x0000232a   0x00000002   PAD
    0x0000232c   0x00000290   Code   RO          554    .text               fz_ps.l(dmul.o)
    0x000025bc   0x00000050   Code   RO          556    .text               fz_ps.l(f2d.o)
    0x0000260c   0x00000160   Code   RO          564    .text               fz_ps.l(fdiv.o)
    0x0000276c   0x0000004c   Code   RO          567    .text               fz_ps.l(ffixi.o)
    0x000027b8   0x0000005e   Code   RO          569    .text               fz_ps.l(fflti.o)
    0x00002816   0x000000b0   Code   RO          590    .text               c_p.l(_printf_intcommon.o)
    0x000028c6   0x00000002   PAD
    0x000028c8   0x00000414   Code   RO          592    .text               c_p.l(_printf_fp_dec.o)
    0x00002cdc   0x00000030   Code   RO          594    .text               c_p.l(_printf_char_common.o)
    0x00002d0c   0x0000000a   Code   RO          596    .text               c_p.l(_sputc.o)
    0x00002d16   0x00000010   Code   RO          598    .text               c_p.l(_snputc.o)
    0x00002d26   0x00000002   PAD
    0x00002d28   0x00000028   Code   RO          600    .text               c_p.l(_printf_char_file.o)
    0x00002d50   0x00000028   Code   RO          603    .text               c_p.l(rtudiv10.o)
    0x00002d78   0x00000344   Code   RO          605    .text               fz_ps.l(daddsub.o)
    0x000030bc   0x00000008   Code   RO          639    .text               c_p.l(rt_locale_intlibspace.o)
    0x000030c4   0x0000007a   Code   RO          646    .text               c_p.l(lludiv10.o)
    0x0000313e   0x00000002   PAD
    0x00003140   0x00000088   Code   RO          648    .text               c_p.l(_printf_fp_infnan.o)
    0x000031c8   0x000000cc   Code   RO          652    .text               c_p.l(bigflt0.o)
    0x00003294   0x000004a8   Code   RO          655    .text               c_p.l(btod.o)
    0x0000373c   0x00000064   Code   RO          662    .text               fz_ps.l(dscalbn.o)
    0x000037a0   0x00000008   Code   RO          672    .text               c_p.l(libspace.o)
    0x000037a8   0x0000003e   Code   RO          675    .text               c_p.l(sys_stackheap_outer.o)
    0x000037e6   0x0000000c   Code   RO          678    .text               c_p.l(exit.o)
    0x000037f2   0x00000002   PAD
    0x000037f4   0x00000088   Code   RO          684    .text               c_p.l(strcmp.o)
    0x0000387c   0x00000030   Code   RO          657    i.__ARM_common_ll_muluu  c_p.l(btod.o)
    0x000038ac   0x0000001c   Code   RO           22    i.__ARM_common_switch8  system_lpc11xx.o
    0x000038c8   0x0000002c   Code   RO          668    i.__ARM_fpclassify  m_ps.l(fpclassify.o)
    0x000038f4   0x000000ac   Code   RO          670    i.__kernel_poly     m_ps.l(poly.o)
    0x000039a0   0x00000014   Code   RO          666    i.__mathlib_dbl_underflow  m_ps.l(dunder.o)
    0x000039b4   0x0000000e   Code   RO          524    i._is_digit         c_p.l(__printf_wp.o)
    0x000039c2   0x00000002   PAD
    0x000039c4   0x00000220   Code   RO          609    i.atan              m_ps.l(atan.o)
    0x00003be4   0x00000178   Code   RO          576    i.atan2             m_ps.l(atan2.o)
    0x00003d5c   0x0000002c   Code   RO          660    locale$$code        c_p.l(lc_numeric_c.o)
    0x00003d88   0x0000008c   Code   RO          558    x$fpl$fadd          fz_ps.l(faddsub.o)
    0x00003e14   0x000000b0   Code   RO          571    x$fpl$fmul          fz_ps.l(fmul.o)
    0x00003ec4   0x00000018   Code   RO          559    x$fpl$frsb          fz_ps.l(faddsub.o)
    0x00003edc   0x000000d0   Code   RO          560    x$fpl$fsub          fz_ps.l(faddsub.o)
    0x00003fac   0x00000010   Code   RO          573    x$fpl$printf1       fz_ps.l(printf1.o)
    0x00003fbc   0x00000000   Code   RO          607    x$fpl$usenofp       fz_ps.l(usenofp.o)
    0x00003fbc   0x00000080   Data   RO          550    .constdata          fz_ps.l(ddiv.o)
    0x0000403c   0x00000040   Data   RO          565    .constdata          fz_ps.l(fdiv.o)
    0x0000407c   0x00000004   PAD
    0x00004080   0x00000098   Data   RO          610    .constdata          m_ps.l(atan.o)
    0x00004118   0x00000008   Data   RO          618    .constdata          m_ps.l(qnan.o)
    0x00004120   0x00000094   Data   RO          653    .constdata          c_p.l(bigflt0.o)
    0x000041b4   0x00000020   Data   RO          806    Region$$Table       anon$$obj.o
    0x000041d4   0x0000001c   Data   RO          659    locale$$data        c_p.l(lc_numeric_c.o)


    Execution Region ER_RW (Base: 0x10000000, Size: 0x0000008c, Max: 0xffffffff, ABSOLUTE)

    Base Addr    Size         Type   Attr      Idx    E Section Name        Object

    0x10000000   0x00000004   Data   RW            4    .data               system_lpc11xx.o
    0x10000004   0x00000028   Data   RW           61    .data               main.o
    0x1000002c   0x00000004   Data   RW          138    .data               cpu_lpc1000.o
    0x10000030   0x00000008   Data   RW          185    .data               retarget.o
    0x10000038   0x00000018   Data   RW          352    .data               ssp.o
    0x10000050   0x00000008   Data   RW          392    .data               timer32.o
    0x10000058   0x0000000a   Data   RW          464    .data               mpu6050.o
    0x10000062   0x00000002   PAD
    0x10000064   0x00000028   Data   RW          484    .data               kalman.o


    Execution Region ER_ZI (Base: 0x1000008c, Size: 0x00000304, Max: 0xffffffff, ABSOLUTE)

    Base Addr    Size         Type   Attr      Idx    E Section Name        Object

    0x1000008c   0x00000090   Zero   RW           60    .bss                main.o
    0x1000011c   0x00000010   Zero   RW          483    .bss                kalman.o
    0x1000012c   0x00000060   Zero   RW          673    .bss                c_p.l(libspace.o)
    0x1000018c   0x00000004   PAD
    0x10000190   0x00000000   Zero   RW           48    HEAP                startup_lpc11xx.o
    0x10000190   0x00000200   Zero   RW           47    STACK               startup_lpc11xx.o


==============================================================================

Image component sizes


      Code (inc. data)   RO Data    RW Data    ZI Data      Debug   Object Name

       256         32          0          4          0       6868   cpu_lpc1000.o
       524         52          0         40         16       1315   kalman.o
      1504        214          0         40        144       9861   main.o
       752         46          0         10          0       3584   mpu6050.o
       784         12          0          0          0       5171   nrf24l01.o
        48          0          0          8          0       2570   retarget.o
       188         16          0          0          0        849   serial.o
       824         60          0         24          0       2665   ssp.o
        56         26        192          0        512        652   startup_lpc11xx.o
       572         96          0          4          0      13421   system_lpc11xx.o
       852         28          0          8          0       3025   timer32.o

    ----------------------------------------------------------------------
      6360        582        224        140        672      49981   Object Totals
         0          0         32          0          0          0   (incl. Generated)
         0          0          0          2          0          0   (incl. Padding)

    ----------------------------------------------------------------------

      Code (inc. data)   RO Data    RW Data    ZI Data      Debug   Library Member Name

         8          0          0          0          0         68   __main.o
       286          0          0          0          0        136   __printf_wp.o
        60          8          0          0          0          0   __scatter.o
        26          0          0          0          0          0   __scatter_copy.o
        28          0          0          0          0          0   __scatter_zi.o
        48          6          0          0          0         88   _printf_char_common.o
        40          6          0          0          0         72   _printf_char_file.o
        10          0          0          0          0          0   _printf_d.o
       108         18          0          0          0         76   _printf_dec.o
        10          0          0          0          0          0   _printf_f.o
      1044         12          0          0          0        176   _printf_fp_dec.o
       136         16          0          0          0         76   _printf_fp_infnan.o
       176          0          0          0          0         84   _printf_intcommon.o
         2          0          0          0          0          0   _printf_percent.o
         4          0          0          0          0          0   _printf_percent_end.o
        16          0          0          0          0         60   _snputc.o
        10          0          0          0          0         60   _sputc.o
       346          0          0          0          0         92   aeabi_sdiv.o
       204          4        148          0          0         80   bigflt0.o
      1240         12          0          0          0        316   btod.o
        12          0          0          0          0         64   exit.o
         6          0          0          0          0        136   heapauxi.o
        44         10         28          0          0         76   lc_numeric_c.o
         6          0          0          0          0          0   libinit.o
        18          0          0          0          0          0   libinit2.o
         2          0          0          0          0          0   libshutdown.o
         2          0          0          0          0          0   libshutdown2.o
         8          4          0          0         96         68   libspace.o
       122          0          0          0          0         72   lludiv10.o
        28          6          0          0          0         84   noretval__2printf.o
        56          6          0          0          0         84   noretval__2snprintf.o
         8          4          0          0          0         68   rt_locale_intlibspace.o
         0          0          0          0          0          0   rtentry.o
        12          0          0          0          0          0   rtentry2.o
         6          0          0          0          0          0   rtentry4.o
         2          0          0          0          0          0   rtexit.o
        10          0          0          0          0          0   rtexit2.o
        40          0          0          0          0         60   rtudiv10.o
       136          4          0          0          0         72   strcmp.o
       160          6          0          0          0         76   strncmp.o
        62          0          0          0          0         80   sys_stackheap_outer.o
         2          0          0          0          0         68   use_no_semi.o
       124          4          0          0          0         72   d2f.o
       836         20          0          0          0        216   daddsub.o
      1080         30        128          0          0        108   ddiv.o
        86          0          0          0          0         92   dflti.o
       656         22          0          0          0         84   dmul.o
       100         14          0          0          0         72   dscalbn.o
        80          6          0          0          0         60   f2d.o
       372          8          0          0          0        240   faddsub.o
       352          8         64          0          0         88   fdiv.o
        76          0          0          0          0         68   ffixi.o
        94          0          0          0          0         92   fflti.o
       176          4          0          0          0         80   fmul.o
        16          4          0          0          0         76   printf1.o
         0          0          0          0          0          0   usenofp.o
       544         70        152          0          0        112   atan.o
       376         40          0          0          0        144   atan2.o
        20          6          0          0          0         68   dunder.o
        44          6          0          0          0         60   fpclassify.o
       172          0          0          0          0         76   poly.o
         0          0          8          0          0          0   qnan.o

    ----------------------------------------------------------------------
      9764        364        532          0        100       4200   Library Totals
        16          0          4          0          4          0   (incl. Padding)

    ----------------------------------------------------------------------

      Code (inc. data)   RO Data    RW Data    ZI Data      Debug   Library Name

      4544        122        176          0         96       2392   c_p.l
      4048        120        192          0          0       1348   fz_ps.l
      1156        122        160          0          0        460   m_ps.l

    ----------------------------------------------------------------------
      9764        364        532          0        100       4200   Library Totals

    ----------------------------------------------------------------------

==============================================================================


      Code (inc. data)   RO Data    RW Data    ZI Data      Debug   

     16124        946        756        140        772      51137   Grand Totals
     16124        946        756        140        772      51137   ELF Image Totals
     16124        946        756        140          0          0   ROM Totals

==============================================================================

    Total RO  Size (Code + RO Data)                16880 (  16.48kB)
    Total RW  Size (RW Data + ZI Data)               912 (   0.89kB)
    Total ROM Size (Code + RO Data + RW Data)      17020 (  16.62kB)

==============================================================================

