<html>
<body>
<pre>
<h1>µVision Build Log</h1>
<h2>Project:</h2>
C:\395\LPC1114\nRF24L01\nRF24L01.uvproj
Project File Date:  04/15/2013

<h2>Output:</h2>
Build target 'nRF24L01'
compiling main.c...
main.c(144): warning:  #177-D: variable "k" was declared but never referenced
compiling timer32.c...
timer32.c(60): error:  #165: too few arguments in function call
timer32.c(60): error:  #18: expected a ")"
timer32.c(105): error:  #165: too few arguments in function call
timer32.c(105): error:  #18: expected a ")"
Target not created
Build target 'nRF24L01'
compiling timer32.c...
linking...
Program Size: Code=16284 RO-data=756 RW-data=140 ZI-data=772  
"nRF24L01.axf" - 0 Error(s), 0 Warning(s).
Build target 'nRF24L01'
linking...
Program Size: Code=16284 RO-data=756 RW-data=140 ZI-data=772  
"nRF24L01.axf" - 0 Error(s), 0 Warning(s).
Load "C:\\395\\LPC1114\\nRF24L01\\nRF24L01.AXF" 
Erase Done.
Programming Done.
Verify OK.
Build target 'nRF24L01'
compiling main.c...
main.c(144): warning:  #177-D: variable "k" was declared but never referenced
linking...
Program Size: Code=16284 RO-data=756 RW-data=140 ZI-data=772  
"nRF24L01.axf" - 0 Error(s), 1 Warning(s).
Load "C:\\395\\LPC1114\\nRF24L01\\nRF24L01.AXF" 
Erase Done.
Programming Done.
Verify OK.
Build target 'nRF24L01'
compiling main.c...
main.c(175): warning:  #69-D: integer conversion resulted in truncation
main.c(175): error:  #165: too few arguments in function call
main.c(180): warning:  #111-D: statement is unreachable
main.c(144): warning:  #177-D: variable "k" was declared but never referenced
Target not created
Build target 'nRF24L01'
compiling main.c...
main.c(180): warning:  #111-D: statement is unreachable
main.c(144): warning:  #177-D: variable "k" was declared but never referenced
linking...
Program Size: Code=10208 RO-data=416 RW-data=140 ZI-data=772  
"nRF24L01.axf" - 0 Error(s), 2 Warning(s).
Load "C:\\395\\LPC1114\\nRF24L01\\nRF24L01.AXF" 
Erase Done.
Programming Done.
Verify OK.
Build target 'nRF24L01'
compiling main.c...
main.c(180): warning:  #111-D: statement is unreachable
main.c(144): warning:  #177-D: variable "k" was declared but never referenced
linking...
Program Size: Code=10208 RO-data=416 RW-data=140 ZI-data=772  
"nRF24L01.axf" - 0 Error(s), 2 Warning(s).
Load "C:\\395\\LPC1114\\nRF24L01\\nRF24L01.AXF" 
Erase Done.
Programming Done.
Verify OK.
Build target 'nRF24L01'
compiling main.c...
main.c(180): warning:  #111-D: statement is unreachable
main.c(144): warning:  #177-D: variable "k" was declared but never referenced
linking...
Program Size: Code=10212 RO-data=416 RW-data=140 ZI-data=772  
"nRF24L01.axf" - 0 Error(s), 2 Warning(s).
Load "C:\\395\\LPC1114\\nRF24L01\\nRF24L01.AXF" 
Erase Done.
Programming Done.
Verify OK.
Build target 'nRF24L01'
compiling main.c...
main.c(144): warning:  #177-D: variable "k" was declared but never referenced
linking...
Program Size: Code=16284 RO-data=756 RW-data=140 ZI-data=772  
"nRF24L01.axf" - 0 Error(s), 1 Warning(s).
Load "C:\\395\\LPC1114\\nRF24L01\\nRF24L01.AXF" 
Erase Done.
Programming Done.
Verify OK.
Build target 'nRF24L01'
compiling main.c...
main.c(144): warning:  #177-D: variable "k" was declared but never referenced
linking...
Program Size: Code=16116 RO-data=756 RW-data=140 ZI-data=772  
"nRF24L01.axf" - 0 Error(s), 1 Warning(s).
Load "C:\\395\\LPC1114\\nRF24L01\\nRF24L01.AXF" 
Erase Done.
Programming Done.
Verify OK.
Build target 'nRF24L01'
compiling main.c...
main.c(56): error:  #165: too few arguments in function call
main.c(52): warning:  #177-D: variable "i" was declared but never referenced
main.c(103): warning:  #69-D: integer conversion resulted in truncation
main.c(103): error:  #165: too few arguments in function call
main.c(106): warning:  #69-D: integer conversion resulted in truncation
main.c(106): error:  #165: too few arguments in function call
main.c(101): warning:  #177-D: variable "i" was declared but never referenced
main.c(169): error:  #165: too few arguments in function call
main.c(147): warning:  #177-D: variable "k" was declared but never referenced
Target not created
Build target 'nRF24L01'
compiling main.c...
main.c(52): warning:  #177-D: variable "i" was declared but never referenced
main.c(101): warning:  #177-D: variable "i" was declared but never referenced
main.c(147): warning:  #177-D: variable "k" was declared but never referenced
linking...
Program Size: Code=16092 RO-data=756 RW-data=140 ZI-data=772  
"nRF24L01.axf" - 0 Error(s), 3 Warning(s).
Load "C:\\395\\LPC1114\\nRF24L01\\nRF24L01.AXF" 
Erase Done.
Programming Done.
Verify OK.
Build target 'nRF24L01'
compiling main.c...
main.c(52): warning:  #177-D: variable "i" was declared but never referenced
main.c(101): warning:  #177-D: variable "i" was declared but never referenced
main.c(147): warning:  #177-D: variable "k" was declared but never referenced
linking...
Program Size: Code=16092 RO-data=756 RW-data=140 ZI-data=772  
"nRF24L01.axf" - 0 Error(s), 3 Warning(s).
Load "C:\\395\\LPC1114\\nRF24L01\\nRF24L01.AXF" 
Load "C:\\395\\LPC1114\\nRF24L01\\nRF24L01.AXF" 
Erase Done.
Programming Done.
Verify OK.
Build target 'nRF24L01'
compiling main.c...
main.c(145): warning:  #177-D: variable "k" was declared but never referenced
linking...
Program Size: Code=16116 RO-data=756 RW-data=140 ZI-data=772  
"nRF24L01.axf" - 0 Error(s), 1 Warning(s).
Load "C:\\395\\LPC1114\\nRF24L01\\nRF24L01.AXF" 
Erase Done.
Programming Done.
Verify OK.
Build target 'nRF24L01'
compiling main.c...
main.c(56): error:  #165: too few arguments in function call
main.c(52): warning:  #177-D: variable "i" was declared but never referenced
main.c(145): warning:  #177-D: variable "k" was declared but never referenced
Target not created
Build target 'nRF24L01'
compiling main.c...
main.c(52): warning:  #177-D: variable "i" was declared but never referenced
main.c(145): warning:  #177-D: variable "k" was declared but never referenced
linking...
Program Size: Code=16108 RO-data=756 RW-data=140 ZI-data=772  
"nRF24L01.axf" - 0 Error(s), 2 Warning(s).
Load "C:\\395\\LPC1114\\nRF24L01\\nRF24L01.AXF" 
Erase Done.
Programming Done.
Verify OK.
Build target 'nRF24L01'
compiling nrf24l01.c...
nrf24l01.c(338): warning:  #223-D: function "delay32Us" declared implicitly
nrf24l01.c(349): warning:  #223-D: function "delay32Us" declared implicitly
linking...
Program Size: Code=16128 RO-data=752 RW-data=140 ZI-data=772  
"nRF24L01.axf" - 0 Error(s), 2 Warning(s).
Build target 'nRF24L01'
compiling nrf24l01.c...
nrf24l01.c(338): warning:  #223-D: function "delay32Us" declared implicitly
nrf24l01.c(349): warning:  #223-D: function "delay32Us" declared implicitly
linking...
Program Size: Code=16128 RO-data=752 RW-data=140 ZI-data=772  
"nRF24L01.axf" - 0 Error(s), 2 Warning(s).
Build target 'nRF24L01'
linking...
Program Size: Code=16128 RO-data=752 RW-data=140 ZI-data=772  
"nRF24L01.axf" - 0 Error(s), 0 Warning(s).
Build target 'nRF24L01'
compiling nrf24l01.c...
nrf24l01.c(338): warning:  #223-D: function "delay32Us" declared implicitly
nrf24l01.c(349): warning:  #223-D: function "delay32Us" declared implicitly
linking...
Program Size: Code=16128 RO-data=752 RW-data=140 ZI-data=772  
"nRF24L01.axf" - 0 Error(s), 2 Warning(s).
Build target 'nRF24L01'
compiling nrf24l01.c...
nrf24l01.c(341): warning:  #223-D: function "delay32Us" declared implicitly
nrf24l01.c(352): warning:  #223-D: function "delay32Us" declared implicitly
linking...
Program Size: Code=16128 RO-data=752 RW-data=140 ZI-data=772  
"nRF24L01.axf" - 0 Error(s), 2 Warning(s).
Load "C:\\395\\LPC1114\\nRF24L01\\nRF24L01.AXF" 
Erase Done.
Programming Done.
Verify OK.
Build target 'nRF24L01'
linking...
Program Size: Code=16128 RO-data=752 RW-data=140 ZI-data=772  
"nRF24L01.axf" - 0 Error(s), 0 Warning(s).
Load "C:\\395\\LPC1114\\nRF24L01\\nRF24L01.AXF" 
Erase Done.
Programming Done.
Verify OK.
Build target 'nRF24L01'
compiling main.c...
main.c(52): warning:  #177-D: variable "i" was declared but never referenced
main.c(103): warning:  #69-D: integer conversion resulted in truncation
main.c(103): error:  #165: too few arguments in function call
main.c(106): warning:  #69-D: integer conversion resulted in truncation
main.c(106): error:  #165: too few arguments in function call
main.c(147): warning:  #177-D: variable "k" was declared but never referenced
Target not created
Build target 'nRF24L01'
compiling main.c...
main.c(103): warning:  #69-D: integer conversion resulted in truncation
main.c(103): error:  #165: too few arguments in function call
main.c(106): warning:  #69-D: integer conversion resulted in truncation
main.c(106): error:  #165: too few arguments in function call
main.c(147): warning:  #177-D: variable "k" was declared but never referenced
Target not created
Build target 'nRF24L01'
compiling main.c...
main.c(147): warning:  #177-D: variable "k" was declared but never referenced
linking...
Program Size: Code=16124 RO-data=756 RW-data=140 ZI-data=772  
"nRF24L01.axf" - 0 Error(s), 1 Warning(s).
Build target 'nRF24L01'
compiling main.c...
main.c(147): warning:  #177-D: variable "k" was declared but never referenced
linking...
Program Size: Code=16124 RO-data=756 RW-data=140 ZI-data=772  
"nRF24L01.axf" - 0 Error(s), 1 Warning(s).
Load "C:\\395\\LPC1114\\nRF24L01\\nRF24L01.AXF" 
Erase Done.
Programming Done.
Verify OK.
