<html>
<body>
<pre>
<h1>µVision Build Log</h1>
<h2>Project:</h2>
C:\395\LPC1114\nRF24L01\nRF24L01.uvproj
Project File Date:  03/13/2013

<h2>Output:</h2>
Load "C:\\395\\LPC1114\\nRF24L01\\nRF24L01.AXF" 
Erase Done.
Programming Done.
Verify OK.
Build target 'nRF24L01'
compiling main.c...
compiling nrf24l01.c...
linking...
Program Size: Code=3992 RO-data=240 RW-data=40 ZI-data=608  
"nRF24L01.axf" - 0 Error(s), 0 Warning(s).
Load "C:\\395\\LPC1114\\nRF24L01\\nRF24L01.AXF" 
Erase Done.
Programming Done.
Verify OK.
Build target 'nRF24L01'
compiling main.c...
linking...
Program Size: Code=3992 RO-data=240 RW-data=40 ZI-data=608  
"nRF24L01.axf" - 0 Error(s), 0 Warning(s).
Load "C:\\395\\LPC1114\\nRF24L01\\nRF24L01.AXF" 
Erase Done.
Programming Done.
Verify OK.
